- 13.69.228.3  - [29/Oct/2019:19:45:45 +0000] "- - " 500 - "-" "-"
- 10.0.1.5  - [29/Oct/2019:19:45:45 +0000] "- - " 500 - "-" "-"
- 10.0.1.5  - [29/Oct/2019:19:45:46 +0000] "- - " 301 - "-" "-"
- 13.69.228.3  - [29/Oct/2019:19:45:45 +0000] "- - " 500 - "-" "-"
- 10.0.1.5  - [29/Oct/2019:19:45:45 +0000] "- - " 500 - "-" "-"
- 10.0.1.5  - [29/Oct/2019:19:45:46 +0000] "- - " 301 - "-" "-"
- 13.69.228.3  - [29/Oct/2019:19:45:46 +0000] "- - " 500 - "-" "-"
- 10.0.1.5  - [29/Oct/2019:19:45:46 +0000] "- - " 500 - "-" "-"
- 10.0.1.5  - [29/Oct/2019:19:45:46 +0000] "- - " 301 - "-" "-"
- 13.69.228.3  - [29/Oct/2019:19:45:46 +0000] "- - " 500 - "-" "-"
- 10.0.1.5  - [29/Oct/2019:19:45:46 +0000] "- - " 500 - "-" "-"
- 10.0.1.5  - [29/Oct/2019:19:45:47 +0000] "- - " 301 - "-" "-"
- 13.69.228.3  - [29/Oct/2019:19:45:46 +0000] "- - " 500 - "-" "-"
- 10.0.1.5  - [29/Oct/2019:19:45:46 +0000] "- - " 500 - "-" "-"
- 10.0.1.5  - [29/Oct/2019:19:45:47 +0000] "- - " 301 - "-" "-"
- 13.79.193.154 - - [29/Oct/2019:19:46:49 +0000] "GET /karties/1.0.0/login?login=user&password=test HTTP/1.1" - - "-" "Mozilla/5.0 (Windows NT 10.0; Win64; x64; rv:70.0) Gecko/20100101 Firefox/70.0"
- 13.69.228.3 - - [29/Oct/2019:19:46:49 +0000] "GET /api/login?login=user&password=test HTTP/1.1" - - "-" "Synapse-PT-HttpComponents-NIO"
- 13.79.193.154 - - [29/Oct/2019:19:46:49 +0000] "GET /favicon.ico HTTP/1.1" - - "-" "Mozilla/5.0 (Windows NT 10.0; Win64; x64; rv:70.0) Gecko/20100101 Firefox/70.0"
- 13.69.228.3  - [29/Oct/2019:19:46:49 +0000] "- - " 500 - "-" "-"
- 13.79.193.154  - [29/Oct/2019:19:46:49 +0000] "- - " 500 - "-" "-"
- 13.79.193.154  - [29/Oct/2019:19:46:49 +0000] "- - " 301 - "-" "-"
- 13.79.193.154 - - [29/Oct/2019:19:48:52 +0000] "GET /karties/1.0.0/login?login=user&password=test HTTP/1.1" - - "-" "Mozilla/5.0 (Windows NT 10.0; Win64; x64; rv:70.0) Gecko/20100101 Firefox/70.0"
- 13.69.228.3 - - [29/Oct/2019:19:48:52 +0000] "GET /api/login?login=user&password=test HTTP/1.1" - - "-" "Synapse-PT-HttpComponents-NIO"
- 13.79.193.154 - - [29/Oct/2019:19:48:52 +0000] "GET /favicon.ico HTTP/1.1" - - "-" "Mozilla/5.0 (Windows NT 10.0; Win64; x64; rv:70.0) Gecko/20100101 Firefox/70.0"
- 13.79.193.154 - - [29/Oct/2019:19:48:55 +0000] "GET /karties/1.0.0/login?login=user&password=test HTTP/1.1" - - "-" "Mozilla/5.0 (Windows NT 10.0; Win64; x64; rv:70.0) Gecko/20100101 Firefox/70.0"
- 13.69.228.3 - - [29/Oct/2019:19:48:55 +0000] "GET /api/login?login=user&password=test HTTP/1.1" - - "-" "Synapse-PT-HttpComponents-NIO"
- 13.79.193.154 - - [29/Oct/2019:19:48:55 +0000] "GET /favicon.ico HTTP/1.1" - - "-" "Mozilla/5.0 (Windows NT 10.0; Win64; x64; rv:70.0) Gecko/20100101 Firefox/70.0"
- 13.69.228.3  - [29/Oct/2019:19:48:52 +0000] "- - " 500 - "-" "-"
- 13.79.193.154  - [29/Oct/2019:19:48:52 +0000] "- - " 500 - "-" "-"
- 13.79.193.154  - [29/Oct/2019:19:48:53 +0000] "- - " 301 - "-" "-"
- 13.69.228.3  - [29/Oct/2019:19:48:55 +0000] "- - " 500 - "-" "-"
- 13.79.193.154  - [29/Oct/2019:19:48:55 +0000] "- - " 500 - "-" "-"
- 13.79.193.154  - [29/Oct/2019:19:48:55 +0000] "- - " 301 - "-" "-"
- 10.0.1.5 - - [29/Oct/2019:19:54:36 +0000] "OPTIONS /foo/1.0.0/login?login=user&password=test HTTP/1.1" - - "https://localhost:9443/store/apis/info?name=kkkr&version=1.0.0&provider=admin&tenant=carbon.super" "Mozilla/5.0 (Windows NT 10.0; WOW64) AppleWebKit/537.36 (KHTML, like Gecko) Chrome/78.0.3904.70 Safari/537.36"
- 10.0.1.5 - - [29/Oct/2019:19:54:36 +0000] "GET /foo/1.0.0/login?login=user&password=test HTTP/1.1" - - "https://localhost:9443/store/apis/info?name=kkkr&version=1.0.0&provider=admin&tenant=carbon.super" "Mozilla/5.0 (Windows NT 10.0; WOW64) AppleWebKit/537.36 (KHTML, like Gecko) Chrome/78.0.3904.70 Safari/537.36"
- 13.69.228.3 - - [29/Oct/2019:19:54:36 +0000] "GET /api/login?login=user&password=test HTTP/1.1" - - "https://localhost:9443/store/apis/info?name=kkkr&version=1.0.0&provider=admin&tenant=carbon.super" "Synapse-PT-HttpComponents-NIO"
- 10.0.1.5  - [29/Oct/2019:19:54:36 +0000] "- - " 200 - "-" "-"
- 13.69.228.3  - [29/Oct/2019:19:54:37 +0000] "- - " 200 - "-" "-"
- 10.0.1.5  - [29/Oct/2019:19:54:37 +0000] "- - " 200 - "-" "-"
- 10.0.1.5 - - [29/Oct/2019:19:55:06 +0000] "GET /foo/1.0.0/login?login=user&password=test HTTP/1.1" - - "-" "Mozilla/5.0 (Windows NT 10.0; WOW64) AppleWebKit/537.36 (KHTML, like Gecko) Chrome/78.0.3904.70 Safari/537.36"
- 13.69.228.3 - - [29/Oct/2019:19:55:06 +0000] "GET /api/login?login=user&password=test HTTP/1.1" - - "-" "Synapse-PT-HttpComponents-NIO"
- 10.0.1.5 - - [29/Oct/2019:19:55:06 +0000] "GET /favicon.ico HTTP/1.1" - - "https://10.0.1.5:8243/foo/1.0.0/login?login=user&password=test" "Mozilla/5.0 (Windows NT 10.0; WOW64) AppleWebKit/537.36 (KHTML, like Gecko) Chrome/78.0.3904.70 Safari/537.36"
- 13.69.228.3  - [29/Oct/2019:19:55:06 +0000] "- - " 500 - "-" "-"
- 10.0.1.5  - [29/Oct/2019:19:55:06 +0000] "- - " 500 - "-" "-"
- 10.0.1.5  - [29/Oct/2019:19:55:06 +0000] "- - " 301 - "-" "-"
- 10.0.1.5 - - [29/Oct/2019:20:06:27 +0000] "GET /foo/1.0.0/login?login=user&password=test HTTP/1.1" - - "-" "Mozilla/5.0 (Windows NT 10.0; WOW64) AppleWebKit/537.36 (KHTML, like Gecko) Chrome/78.0.3904.70 Safari/537.36"
- 13.69.228.3 - - [29/Oct/2019:20:06:27 +0000] "GET /api/login?login=user&password=test HTTP/1.1" - - "-" "Synapse-PT-HttpComponents-NIO"
- 10.0.1.5 - - [29/Oct/2019:20:06:27 +0000] "GET /favicon.ico HTTP/1.1" - - "https://10.0.1.5:8243/foo/1.0.0/login?login=user&password=test" "Mozilla/5.0 (Windows NT 10.0; WOW64) AppleWebKit/537.36 (KHTML, like Gecko) Chrome/78.0.3904.70 Safari/537.36"
- 13.69.228.3  - [29/Oct/2019:20:06:27 +0000] "- - " 500 - "-" "-"
- 10.0.1.5  - [29/Oct/2019:20:06:27 +0000] "- - " 500 - "-" "-"
- 10.0.1.5  - [29/Oct/2019:20:06:27 +0000] "- - " 301 - "-" "-"
- 10.0.1.5 - - [29/Oct/2019:20:08:33 +0000] "GET /foo/1.0.0/login?login=user&password=test HTTP/1.1" - - "-" "Mozilla/5.0 (Windows NT 10.0; WOW64) AppleWebKit/537.36 (KHTML, like Gecko) Chrome/78.0.3904.70 Safari/537.36"
- 13.69.228.3 - - [29/Oct/2019:20:08:34 +0000] "GET /api/login?login=user&password=test HTTP/1.1" - - "-" "Synapse-PT-HttpComponents-NIO"
- 10.0.1.5 - - [29/Oct/2019:20:08:33 +0000] "GET /favicon.ico HTTP/1.1" - - "https://10.0.1.5:8243/foo/1.0.0/login?login=user&password=test" "Mozilla/5.0 (Windows NT 10.0; WOW64) AppleWebKit/537.36 (KHTML, like Gecko) Chrome/78.0.3904.70 Safari/537.36"
- 13.69.228.3  - [29/Oct/2019:20:08:34 +0000] "- - " 500 - "-" "-"
- 10.0.1.5  - [29/Oct/2019:20:08:33 +0000] "- - " 500 - "-" "-"
- 10.0.1.5  - [29/Oct/2019:20:08:34 +0000] "- - " 301 - "-" "-"
- 10.0.1.5 - - [29/Oct/2019:20:11:22 +0000] "GET /foo/1.0.0/login?login=user&password=test HTTP/1.1" - - "-" "Mozilla/5.0 (Windows NT 10.0; WOW64) AppleWebKit/537.36 (KHTML, like Gecko) Chrome/78.0.3904.70 Safari/537.36"
- 13.69.228.3 - - [29/Oct/2019:20:11:22 +0000] "GET /api/login?login=user&password=test HTTP/1.1" - - "-" "Synapse-PT-HttpComponents-NIO"
- 10.0.1.5 - - [29/Oct/2019:20:11:22 +0000] "GET /favicon.ico HTTP/1.1" - - "https://10.0.1.5:8243/foo/1.0.0/login?login=user&password=test" "Mozilla/5.0 (Windows NT 10.0; WOW64) AppleWebKit/537.36 (KHTML, like Gecko) Chrome/78.0.3904.70 Safari/537.36"
- 13.69.228.3  - [29/Oct/2019:20:11:22 +0000] "- - " 500 - "-" "-"
- 10.0.1.5  - [29/Oct/2019:20:11:22 +0000] "- - " 500 - "-" "-"
- 10.0.1.5  - [29/Oct/2019:20:11:22 +0000] "- - " 301 - "-" "-"
- 10.0.1.5 - - [29/Oct/2019:20:16:07 +0000] "GET /foo/1.0.0/login?login=user&password=test HTTP/1.1" - - "-" "Mozilla/5.0 (Windows NT 10.0; WOW64) AppleWebKit/537.36 (KHTML, like Gecko) Chrome/78.0.3904.70 Safari/537.36"
- 13.69.228.3 - - [29/Oct/2019:20:16:08 +0000] "GET /api/login?login=user&password=test HTTP/1.1" - - "-" "Synapse-PT-HttpComponents-NIO"
- 10.0.1.5 - - [29/Oct/2019:20:16:07 +0000] "GET /favicon.ico HTTP/1.1" - - "https://10.0.1.5:8243/foo/1.0.0/login?login=user&password=test" "Mozilla/5.0 (Windows NT 10.0; WOW64) AppleWebKit/537.36 (KHTML, like Gecko) Chrome/78.0.3904.70 Safari/537.36"
- 10.0.1.5 - - [29/Oct/2019:20:16:10 +0000] "GET /foo/1.0.0/login?login=user&password=test HTTP/1.1" - - "-" "Mozilla/5.0 (Windows NT 10.0; WOW64) AppleWebKit/537.36 (KHTML, like Gecko) Chrome/78.0.3904.70 Safari/537.36"
- 13.69.228.3 - - [29/Oct/2019:20:16:10 +0000] "GET /api/login?login=user&password=test HTTP/1.1" - - "-" "Synapse-PT-HttpComponents-NIO"
- 10.0.1.5 - - [29/Oct/2019:20:16:10 +0000] "GET /favicon.ico HTTP/1.1" - - "https://10.0.1.5:8243/foo/1.0.0/login?login=user&password=test" "Mozilla/5.0 (Windows NT 10.0; WOW64) AppleWebKit/537.36 (KHTML, like Gecko) Chrome/78.0.3904.70 Safari/537.36"
- 10.0.1.5 - - [29/Oct/2019:20:16:18 +0000] "GET /foo/1.0.0/login?login=user&password=test HTTP/1.1" - - "-" "Mozilla/5.0 (Windows NT 10.0; WOW64) AppleWebKit/537.36 (KHTML, like Gecko) Chrome/78.0.3904.70 Safari/537.36"
- 13.69.228.3 - - [29/Oct/2019:20:16:18 +0000] "GET /api/login?login=user&password=test HTTP/1.1" - - "-" "Synapse-PT-HttpComponents-NIO"
- 10.0.1.5 - - [29/Oct/2019:20:16:18 +0000] "GET /favicon.ico HTTP/1.1" - - "https://10.0.1.5:8243/foo/1.0.0/login?login=user&password=test" "Mozilla/5.0 (Windows NT 10.0; WOW64) AppleWebKit/537.36 (KHTML, like Gecko) Chrome/78.0.3904.70 Safari/537.36"
- 13.69.228.3  - [29/Oct/2019:20:16:08 +0000] "- - " 500 - "-" "-"
- 10.0.1.5  - [29/Oct/2019:20:16:07 +0000] "- - " 500 - "-" "-"
- 10.0.1.5  - [29/Oct/2019:20:16:08 +0000] "- - " 301 - "-" "-"
- 13.69.228.3  - [29/Oct/2019:20:16:10 +0000] "- - " 500 - "-" "-"
- 10.0.1.5  - [29/Oct/2019:20:16:10 +0000] "- - " 500 - "-" "-"
- 10.0.1.5  - [29/Oct/2019:20:16:10 +0000] "- - " 301 - "-" "-"
- 13.69.228.3  - [29/Oct/2019:20:16:18 +0000] "- - " 500 - "-" "-"
- 10.0.1.5  - [29/Oct/2019:20:16:18 +0000] "- - " 500 - "-" "-"
- 10.0.1.5  - [29/Oct/2019:20:16:18 +0000] "- - " 301 - "-" "-"
- 10.0.1.5 - - [29/Oct/2019:20:18:48 +0000] "GET /foo/1.0.0/login?login=user&password=test HTTP/1.1" - - "-" "Mozilla/5.0 (Windows NT 10.0; WOW64) AppleWebKit/537.36 (KHTML, like Gecko) Chrome/78.0.3904.70 Safari/537.36"
- 13.69.228.3 - - [29/Oct/2019:20:18:48 +0000] "GET /api/login?login=user&password=test HTTP/1.1" - - "-" "Synapse-PT-HttpComponents-NIO"
- 10.0.1.5 - - [29/Oct/2019:20:18:48 +0000] "GET /favicon.ico HTTP/1.1" - - "https://10.0.1.5:8243/foo/1.0.0/login?login=user&password=test" "Mozilla/5.0 (Windows NT 10.0; WOW64) AppleWebKit/537.36 (KHTML, like Gecko) Chrome/78.0.3904.70 Safari/537.36"
- 13.69.228.3  - [29/Oct/2019:20:18:48 +0000] "- - " 500 - "-" "-"
- 10.0.1.5  - [29/Oct/2019:20:18:48 +0000] "- - " 500 - "-" "-"
- 10.0.1.5  - [29/Oct/2019:20:18:48 +0000] "- - " 301 - "-" "-"
- 10.0.1.5 - - [29/Oct/2019:20:19:14 +0000] "OPTIONS /karties/1.0.0/login?login=user&password=test HTTP/1.1" - - "https://localhost:9443/store/apis/info?name=kart1&version=1.0.0&provider=admin&tenant=carbon.super" "Mozilla/5.0 (Windows NT 10.0; WOW64) AppleWebKit/537.36 (KHTML, like Gecko) Chrome/78.0.3904.70 Safari/537.36"
- 10.0.1.5 - - [29/Oct/2019:20:19:14 +0000] "GET /karties/1.0.0/login?login=user&password=test HTTP/1.1" - - "https://localhost:9443/store/apis/info?name=kart1&version=1.0.0&provider=admin&tenant=carbon.super" "Mozilla/5.0 (Windows NT 10.0; WOW64) AppleWebKit/537.36 (KHTML, like Gecko) Chrome/78.0.3904.70 Safari/537.36"
- 13.69.228.3 - - [29/Oct/2019:20:19:14 +0000] "GET /api/login?login=user&password=test HTTP/1.1" - - "https://localhost:9443/store/apis/info?name=kart1&version=1.0.0&provider=admin&tenant=carbon.super" "Synapse-PT-HttpComponents-NIO"
- 10.0.1.5  - [29/Oct/2019:20:19:14 +0000] "- - " 200 - "-" "-"
- 13.69.228.3  - [29/Oct/2019:20:19:16 +0000] "- - " 200 - "-" "-"
- 10.0.1.5  - [29/Oct/2019:20:19:16 +0000] "- - " 200 - "-" "-"
- 10.0.1.5 - - [29/Oct/2019:20:19:57 +0000] "GET /karties/1.0.0/login?login=user&password=test HTTP/1.1" - - "-" "Mozilla/5.0 (Windows NT 10.0; WOW64) AppleWebKit/537.36 (KHTML, like Gecko) Chrome/78.0.3904.70 Safari/537.36"
- 13.69.228.3 - - [29/Oct/2019:20:19:58 +0000] "GET /api/login?login=user&password=test HTTP/1.1" - - "-" "Synapse-PT-HttpComponents-NIO"
- 10.0.1.5 - - [29/Oct/2019:20:19:57 +0000] "GET /favicon.ico HTTP/1.1" - - "https://10.0.1.5:8243/karties/1.0.0/login?login=user&password=test" "Mozilla/5.0 (Windows NT 10.0; WOW64) AppleWebKit/537.36 (KHTML, like Gecko) Chrome/78.0.3904.70 Safari/537.36"
- 13.69.228.3  - [29/Oct/2019:20:19:58 +0000] "- - " 500 - "-" "-"
- 10.0.1.5  - [29/Oct/2019:20:19:57 +0000] "- - " 500 - "-" "-"
- 10.0.1.5  - [29/Oct/2019:20:19:58 +0000] "- - " 301 - "-" "-"
- 10.0.1.5 - - [29/Oct/2019:20:22:13 +0000] "GET /karties/1.0.0/login?login=user&password=test HTTP/1.1" - - "-" "Mozilla/5.0 (Windows NT 10.0; WOW64) AppleWebKit/537.36 (KHTML, like Gecko) Chrome/78.0.3904.70 Safari/537.36"
- 13.69.228.3 - - [29/Oct/2019:20:22:13 +0000] "GET /api/login?login=user&password=test HTTP/1.1" - - "-" "Synapse-PT-HttpComponents-NIO"
- 10.0.1.5 - - [29/Oct/2019:20:22:13 +0000] "GET /favicon.ico HTTP/1.1" - - "https://10.0.1.5:8243/karties/1.0.0/login?login=user&password=test" "Mozilla/5.0 (Windows NT 10.0; WOW64) AppleWebKit/537.36 (KHTML, like Gecko) Chrome/78.0.3904.70 Safari/537.36"
- 13.69.228.3  - [29/Oct/2019:20:22:13 +0000] "- - " 500 - "-" "-"
- 10.0.1.5  - [29/Oct/2019:20:22:13 +0000] "- - " 500 - "-" "-"
- 10.0.1.5  - [29/Oct/2019:20:22:13 +0000] "- - " 301 - "-" "-"
- 10.0.1.5 - - [29/Oct/2019:20:25:51 +0000] "OPTIONS /karties/1.0.0/login?login=user&password=test HTTP/1.1" - - "https://localhost:9443/store/apis/info?name=kart1&version=1.0.0&provider=admin&tenant=carbon.super" "Mozilla/5.0 (Windows NT 10.0; WOW64) AppleWebKit/537.36 (KHTML, like Gecko) Chrome/78.0.3904.70 Safari/537.36"
- 10.0.1.5 - - [29/Oct/2019:20:25:51 +0000] "GET /karties/1.0.0/login?login=user&password=test HTTP/1.1" - - "https://localhost:9443/store/apis/info?name=kart1&version=1.0.0&provider=admin&tenant=carbon.super" "Mozilla/5.0 (Windows NT 10.0; WOW64) AppleWebKit/537.36 (KHTML, like Gecko) Chrome/78.0.3904.70 Safari/537.36"
- 13.69.228.3 - - [29/Oct/2019:20:25:51 +0000] "GET /api/login?login=user&password=test HTTP/1.1" - - "https://localhost:9443/store/apis/info?name=kart1&version=1.0.0&provider=admin&tenant=carbon.super" "Synapse-PT-HttpComponents-NIO"
- 10.0.1.5  - [29/Oct/2019:20:25:51 +0000] "- - " 200 - "-" "-"
- 13.69.228.3  - [29/Oct/2019:20:25:52 +0000] "- - " 200 - "-" "-"
- 10.0.1.5  - [29/Oct/2019:20:25:52 +0000] "- - " 200 - "-" "-"
- 13.79.193.154 - - [29/Oct/2019:20:26:56 +0000] "GET /karties/1.0.0/login?login=user&password=test HTTP/1.1" - - "-" "Mozilla/5.0 (Windows NT 10.0; Win64; x64; rv:70.0) Gecko/20100101 Firefox/70.0"
- 13.69.228.3 - - [29/Oct/2019:20:26:56 +0000] "GET /api/login?login=user&password=test HTTP/1.1" - - "-" "Synapse-PT-HttpComponents-NIO"
- 13.79.193.154 - - [29/Oct/2019:20:26:56 +0000] "GET /favicon.ico HTTP/1.1" - - "-" "Mozilla/5.0 (Windows NT 10.0; Win64; x64; rv:70.0) Gecko/20100101 Firefox/70.0"
- 13.69.228.3  - [29/Oct/2019:20:26:56 +0000] "- - " 500 - "-" "-"
- 13.79.193.154  - [29/Oct/2019:20:26:56 +0000] "- - " 500 - "-" "-"
- 13.79.193.154  - [29/Oct/2019:20:26:56 +0000] "- - " 301 - "-" "-"
- 13.79.193.154 - - [29/Oct/2019:20:27:41 +0000] "GET /karties/1.0.0/login?login=user&password=test HTTP/1.1" - - "-" "Mozilla/5.0 (Windows NT 10.0; Win64; x64; rv:70.0) Gecko/20100101 Firefox/70.0"
- 13.69.228.3 - - [29/Oct/2019:20:27:41 +0000] "GET /api/login?login=user&password=test HTTP/1.1" - - "-" "Synapse-PT-HttpComponents-NIO"
- 13.79.193.154 - - [29/Oct/2019:20:27:41 +0000] "GET /favicon.ico HTTP/1.1" - - "-" "Mozilla/5.0 (Windows NT 10.0; Win64; x64; rv:70.0) Gecko/20100101 Firefox/70.0"
- 13.69.228.3  - [29/Oct/2019:20:27:41 +0000] "- - " 500 - "-" "-"
- 13.79.193.154  - [29/Oct/2019:20:27:41 +0000] "- - " 500 - "-" "-"
- 13.79.193.154  - [29/Oct/2019:20:27:41 +0000] "- - " 301 - "-" "-"
- 13.79.193.154 - - [29/Oct/2019:20:29:12 +0000] "GET /karties/1.0.0/login?login=user&password=test HTTP/1.1" - - "-" "Mozilla/5.0 (Windows NT 10.0; Win64; x64; rv:70.0) Gecko/20100101 Firefox/70.0"
- 13.69.228.3 - - [29/Oct/2019:20:29:12 +0000] "GET /api/login?login=user&password=test HTTP/1.1" - - "-" "Synapse-PT-HttpComponents-NIO"
- 13.69.228.3  - [29/Oct/2019:20:29:12 +0000] "- - " 500 - "-" "-"
- 13.79.193.154  - [29/Oct/2019:20:29:12 +0000] "- - " 500 - "-" "-"
- 13.79.193.154 - - [29/Oct/2019:20:30:13 +0000] "GET /karties/1.0.0/login?login=user&password=test HTTP/1.1" - - "-" "Mozilla/5.0 (Windows NT 10.0; Win64; x64; rv:70.0) Gecko/20100101 Firefox/70.0"
- 13.69.228.3 - - [29/Oct/2019:20:30:13 +0000] "GET /api/login?login=user&password=test HTTP/1.1" - - "-" "Synapse-PT-HttpComponents-NIO"
- 13.69.228.3  - [29/Oct/2019:20:30:13 +0000] "- - " 500 - "-" "-"
- 13.79.193.154  - [29/Oct/2019:20:30:13 +0000] "- - " 500 - "-" "-"
- 13.79.193.154 - - [29/Oct/2019:20:30:50 +0000] "GET /karties/1.0.0/login?login=user&password=test HTTP/1.1" - - "-" "Mozilla/5.0 (Windows NT 10.0; Win64; x64; rv:70.0) Gecko/20100101 Firefox/70.0"
- 13.69.228.3 - - [29/Oct/2019:20:30:50 +0000] "GET /api/login?login=user&password=test HTTP/1.1" - - "-" "Synapse-PT-HttpComponents-NIO"
- 13.69.228.3  - [29/Oct/2019:20:30:50 +0000] "- - " 500 - "-" "-"
- 13.79.193.154  - [29/Oct/2019:20:30:50 +0000] "- - " 500 - "-" "-"
- 13.79.193.154 - - [29/Oct/2019:20:31:24 +0000] "GET /karties/1.0.0/login?login=user&password=test HTTP/1.1" - - "-" "Mozilla/5.0 (Windows NT 10.0; Win64; x64; rv:70.0) Gecko/20100101 Firefox/70.0"
- 13.69.228.3 - - [29/Oct/2019:20:31:24 +0000] "GET /api/login?login=user&password=test HTTP/1.1" - - "-" "Synapse-PT-HttpComponents-NIO"
- 13.79.193.154 - - [29/Oct/2019:20:31:29 +0000] "GET /karties/1.0.0/login?login=user&password=test HTTP/1.1" - - "-" "Mozilla/5.0 (Windows NT 10.0; Win64; x64; rv:70.0) Gecko/20100101 Firefox/70.0"
- 13.69.228.3 - - [29/Oct/2019:20:31:29 +0000] "GET /api/login?login=user&password=test HTTP/1.1" - - "-" "Synapse-PT-HttpComponents-NIO"
- 13.79.193.154 - - [29/Oct/2019:20:31:29 +0000] "GET /favicon.ico HTTP/1.1" - - "-" "Mozilla/5.0 (Windows NT 10.0; Win64; x64; rv:70.0) Gecko/20100101 Firefox/70.0"
- 13.69.228.3  - [29/Oct/2019:20:31:25 +0000] "- - " 200 - "-" "-"
- 13.79.193.154  - [29/Oct/2019:20:31:25 +0000] "- - " 200 - "-" "-"
- 13.69.228.3  - [29/Oct/2019:20:31:29 +0000] "- - " 500 - "-" "-"
- 13.79.193.154  - [29/Oct/2019:20:31:29 +0000] "- - " 500 - "-" "-"
- 13.79.193.154  - [29/Oct/2019:20:31:30 +0000] "- - " 301 - "-" "-"
- 0:0:0:0:0:0:0:1 - - [29/Oct/2019:21:13:35 +0000] "GET /foo/1.0.0/login?login=user&password=test HTTP/1.1" - - "-" "Mozilla/5.0 (Windows NT 10.0; WOW64) AppleWebKit/537.36 (KHTML, like Gecko) Chrome/78.0.3904.70 Safari/537.36"
- 13.69.228.3 - - [29/Oct/2019:21:13:35 +0000] "GET /api/login?login=user&password=test HTTP/1.1" - - "-" "Synapse-PT-HttpComponents-NIO"
- 0:0:0:0:0:0:0:1 - - [29/Oct/2019:21:13:35 +0000] "GET /favicon.ico HTTP/1.1" - - "https://localhost:8243/foo/1.0.0/login?login=user&password=test" "Mozilla/5.0 (Windows NT 10.0; WOW64) AppleWebKit/537.36 (KHTML, like Gecko) Chrome/78.0.3904.70 Safari/537.36"
- 13.69.228.3  - [29/Oct/2019:21:13:35 +0000] "- - " 500 - "-" "-"
- 0:0:0:0:0:0:0:1  - [29/Oct/2019:21:13:35 +0000] "- - " 500 - "-" "-"
- 0:0:0:0:0:0:0:1  - [29/Oct/2019:21:13:36 +0000] "- - " 301 - "-" "-"
- 0:0:0:0:0:0:0:1 - - [29/Oct/2019:21:13:39 +0000] "GET /foo/1.0.0/login?login=user&password=test HTTP/1.1" - - "-" "Mozilla/5.0 (Windows NT 10.0; WOW64) AppleWebKit/537.36 (KHTML, like Gecko) Chrome/78.0.3904.70 Safari/537.36"
- 13.69.228.3 - - [29/Oct/2019:21:13:39 +0000] "GET /api/login?login=user&password=test HTTP/1.1" - - "-" "Synapse-PT-HttpComponents-NIO"
- 0:0:0:0:0:0:0:1 - - [29/Oct/2019:21:13:39 +0000] "GET /favicon.ico HTTP/1.1" - - "https://localhost:8243/foo/1.0.0/login?login=user&password=test" "Mozilla/5.0 (Windows NT 10.0; WOW64) AppleWebKit/537.36 (KHTML, like Gecko) Chrome/78.0.3904.70 Safari/537.36"
- 0:0:0:0:0:0:0:1 - - [29/Oct/2019:21:13:39 +0000] "GET /foo/1.0.0/login?login=user&password=test HTTP/1.1" - - "-" "Mozilla/5.0 (Windows NT 10.0; WOW64) AppleWebKit/537.36 (KHTML, like Gecko) Chrome/78.0.3904.70 Safari/537.36"
- 13.69.228.3 - - [29/Oct/2019:21:13:39 +0000] "GET /api/login?login=user&password=test HTTP/1.1" - - "-" "Synapse-PT-HttpComponents-NIO"
- 0:0:0:0:0:0:0:1 - - [29/Oct/2019:21:13:39 +0000] "GET /favicon.ico HTTP/1.1" - - "https://localhost:8243/foo/1.0.0/login?login=user&password=test" "Mozilla/5.0 (Windows NT 10.0; WOW64) AppleWebKit/537.36 (KHTML, like Gecko) Chrome/78.0.3904.70 Safari/537.36"
- 0:0:0:0:0:0:0:1 - - [29/Oct/2019:21:13:39 +0000] "GET /foo/1.0.0/login?login=user&password=test HTTP/1.1" - - "-" "Mozilla/5.0 (Windows NT 10.0; WOW64) AppleWebKit/537.36 (KHTML, like Gecko) Chrome/78.0.3904.70 Safari/537.36"
- 13.69.228.3 - - [29/Oct/2019:21:13:39 +0000] "GET /api/login?login=user&password=test HTTP/1.1" - - "-" "Synapse-PT-HttpComponents-NIO"
- 0:0:0:0:0:0:0:1 - - [29/Oct/2019:21:13:40 +0000] "GET /favicon.ico HTTP/1.1" - - "https://localhost:8243/foo/1.0.0/login?login=user&password=test" "Mozilla/5.0 (Windows NT 10.0; WOW64) AppleWebKit/537.36 (KHTML, like Gecko) Chrome/78.0.3904.70 Safari/537.36"
- 0:0:0:0:0:0:0:1 - - [29/Oct/2019:21:13:40 +0000] "GET /foo/1.0.0/login?login=user&password=test HTTP/1.1" - - "-" "Mozilla/5.0 (Windows NT 10.0; WOW64) AppleWebKit/537.36 (KHTML, like Gecko) Chrome/78.0.3904.70 Safari/537.36"
- 13.69.228.3 - - [29/Oct/2019:21:13:40 +0000] "GET /api/login?login=user&password=test HTTP/1.1" - - "-" "Synapse-PT-HttpComponents-NIO"
- 0:0:0:0:0:0:0:1 - - [29/Oct/2019:21:13:40 +0000] "GET /favicon.ico HTTP/1.1" - - "https://localhost:8243/foo/1.0.0/login?login=user&password=test" "Mozilla/5.0 (Windows NT 10.0; WOW64) AppleWebKit/537.36 (KHTML, like Gecko) Chrome/78.0.3904.70 Safari/537.36"
- 0:0:0:0:0:0:0:1 - - [29/Oct/2019:21:13:46 +0000] "GET /foo/1.0.0/login?login=user&password=test HTTP/1.1" - - "-" "Mozilla/5.0 (Windows NT 10.0; WOW64) AppleWebKit/537.36 (KHTML, like Gecko) Chrome/78.0.3904.70 Safari/537.36"
- 13.69.228.3 - - [29/Oct/2019:21:13:46 +0000] "GET /api/login?login=user&password=test HTTP/1.1" - - "-" "Synapse-PT-HttpComponents-NIO"
- 0:0:0:0:0:0:0:1 - - [29/Oct/2019:21:13:46 +0000] "GET /favicon.ico HTTP/1.1" - - "https://localhost:8243/foo/1.0.0/login?login=user&password=test" "Mozilla/5.0 (Windows NT 10.0; WOW64) AppleWebKit/537.36 (KHTML, like Gecko) Chrome/78.0.3904.70 Safari/537.36"
- 0:0:0:0:0:0:0:1 - - [29/Oct/2019:21:13:46 +0000] "GET /foo/1.0.0/login?login=user&password=test HTTP/1.1" - - "-" "Mozilla/5.0 (Windows NT 10.0; WOW64) AppleWebKit/537.36 (KHTML, like Gecko) Chrome/78.0.3904.70 Safari/537.36"
- 13.69.228.3 - - [29/Oct/2019:21:13:46 +0000] "GET /api/login?login=user&password=test HTTP/1.1" - - "-" "Synapse-PT-HttpComponents-NIO"
- 0:0:0:0:0:0:0:1 - - [29/Oct/2019:21:13:46 +0000] "GET /favicon.ico HTTP/1.1" - - "https://localhost:8243/foo/1.0.0/login?login=user&password=test" "Mozilla/5.0 (Windows NT 10.0; WOW64) AppleWebKit/537.36 (KHTML, like Gecko) Chrome/78.0.3904.70 Safari/537.36"
- 13.69.228.3  - [29/Oct/2019:21:13:39 +0000] "- - " 500 - "-" "-"
- 0:0:0:0:0:0:0:1  - [29/Oct/2019:21:13:39 +0000] "- - " 500 - "-" "-"
- 0:0:0:0:0:0:0:1  - [29/Oct/2019:21:13:39 +0000] "- - " 301 - "-" "-"
- 13.69.228.3  - [29/Oct/2019:21:13:39 +0000] "- - " 500 - "-" "-"
- 0:0:0:0:0:0:0:1  - [29/Oct/2019:21:13:39 +0000] "- - " 500 - "-" "-"
- 0:0:0:0:0:0:0:1  - [29/Oct/2019:21:13:39 +0000] "- - " 301 - "-" "-"
- 13.69.228.3  - [29/Oct/2019:21:13:39 +0000] "- - " 500 - "-" "-"
- 0:0:0:0:0:0:0:1  - [29/Oct/2019:21:13:39 +0000] "- - " 500 - "-" "-"
- 0:0:0:0:0:0:0:1  - [29/Oct/2019:21:13:40 +0000] "- - " 301 - "-" "-"
- 13.69.228.3  - [29/Oct/2019:21:13:40 +0000] "- - " 500 - "-" "-"
- 0:0:0:0:0:0:0:1  - [29/Oct/2019:21:13:40 +0000] "- - " 500 - "-" "-"
- 0:0:0:0:0:0:0:1  - [29/Oct/2019:21:13:40 +0000] "- - " 301 - "-" "-"
- 13.69.228.3  - [29/Oct/2019:21:13:46 +0000] "- - " 500 - "-" "-"
- 0:0:0:0:0:0:0:1  - [29/Oct/2019:21:13:46 +0000] "- - " 500 - "-" "-"
- 0:0:0:0:0:0:0:1  - [29/Oct/2019:21:13:46 +0000] "- - " 301 - "-" "-"
- 13.69.228.3  - [29/Oct/2019:21:13:46 +0000] "- - " 500 - "-" "-"
- 0:0:0:0:0:0:0:1  - [29/Oct/2019:21:13:46 +0000] "- - " 500 - "-" "-"
- 0:0:0:0:0:0:0:1  - [29/Oct/2019:21:13:46 +0000] "- - " 301 - "-" "-"
- 0:0:0:0:0:0:0:1 - - [29/Oct/2019:21:18:16 +0000] "GET /foo/1.0.0/login?login=user&password=test HTTP/1.1" - - "-" "Mozilla/5.0 (Windows NT 10.0; WOW64) AppleWebKit/537.36 (KHTML, like Gecko) Chrome/78.0.3904.70 Safari/537.36"
- 13.69.228.3 - - [29/Oct/2019:21:18:16 +0000] "GET /api/login?login=user&password=test HTTP/1.1" - - "-" "Synapse-PT-HttpComponents-NIO"
- 0:0:0:0:0:0:0:1 - - [29/Oct/2019:21:18:16 +0000] "GET /favicon.ico HTTP/1.1" - - "https://localhost:8243/foo/1.0.0/login?login=user&password=test" "Mozilla/5.0 (Windows NT 10.0; WOW64) AppleWebKit/537.36 (KHTML, like Gecko) Chrome/78.0.3904.70 Safari/537.36"
- 13.69.228.3  - [29/Oct/2019:21:18:16 +0000] "- - " 500 - "-" "-"
- 0:0:0:0:0:0:0:1  - [29/Oct/2019:21:18:16 +0000] "- - " 500 - "-" "-"
- 0:0:0:0:0:0:0:1  - [29/Oct/2019:21:18:16 +0000] "- - " 301 - "-" "-"
- 13.79.193.154 - - [29/Oct/2019:21:19:21 +0000] "GET /kart/1.0.0/applall HTTP/1.1" - - "-" "Mozilla/5.0 (Windows NT 10.0; WOW64) AppleWebKit/537.36 (KHTML, like Gecko) Chrome/78.0.3904.70 Safari/537.36"
- 13.79.193.154 - - [29/Oct/2019:21:19:21 +0000] "GET /favicon.ico HTTP/1.1" - - "https://apies.northeurope.cloudapp.azure.com:8243/kart/1.0.0/applall" "Mozilla/5.0 (Windows NT 10.0; WOW64) AppleWebKit/537.36 (KHTML, like Gecko) Chrome/78.0.3904.70 Safari/537.36"
- 13.79.193.154  - [29/Oct/2019:21:19:21 +0000] "- - " 404 - "-" "-"
- 13.79.193.154  - [29/Oct/2019:21:19:21 +0000] "- - " 301 - "-" "-"
- 10.0.1.5 - - [29/Oct/2019:21:19:42 +0000] "OPTIONS /karties/1.0.0/login?login=user&password=test HTTP/1.1" - - "https://localhost:9443/store/apis/info?name=kart1&version=1.0.0&provider=admin" "Mozilla/5.0 (Windows NT 10.0; WOW64) AppleWebKit/537.36 (KHTML, like Gecko) Chrome/78.0.3904.70 Safari/537.36"
- 10.0.1.5 - - [29/Oct/2019:21:19:42 +0000] "GET /karties/1.0.0/login?login=user&password=test HTTP/1.1" - - "https://localhost:9443/store/apis/info?name=kart1&version=1.0.0&provider=admin" "Mozilla/5.0 (Windows NT 10.0; WOW64) AppleWebKit/537.36 (KHTML, like Gecko) Chrome/78.0.3904.70 Safari/537.36"
- 13.69.228.3 - - [29/Oct/2019:21:19:42 +0000] "GET /api/login?login=user&password=test HTTP/1.1" - - "https://localhost:9443/store/apis/info?name=kart1&version=1.0.0&provider=admin" "Synapse-PT-HttpComponents-NIO"
- 13.79.193.154 - - [29/Oct/2019:21:19:55 +0000] "GET /karties/1.0.0/applall HTTP/1.1" - - "-" "Mozilla/5.0 (Windows NT 10.0; WOW64) AppleWebKit/537.36 (KHTML, like Gecko) Chrome/78.0.3904.70 Safari/537.36"
- 13.69.228.3 - - [29/Oct/2019:21:19:55 +0000] "GET /api/applall HTTP/1.1" - - "-" "Synapse-PT-HttpComponents-NIO"
- 13.79.193.154 - - [29/Oct/2019:21:19:55 +0000] "GET /favicon.ico HTTP/1.1" - - "https://apies.northeurope.cloudapp.azure.com:8243/karties/1.0.0/applall" "Mozilla/5.0 (Windows NT 10.0; WOW64) AppleWebKit/537.36 (KHTML, like Gecko) Chrome/78.0.3904.70 Safari/537.36"
- 13.79.193.154 - - [29/Oct/2019:21:20:05 +0000] "GET /karties/1.0.0 HTTP/1.1" - - "-" "Mozilla/5.0 (Windows NT 10.0; WOW64) AppleWebKit/537.36 (KHTML, like Gecko) Chrome/78.0.3904.70 Safari/537.36"
- 13.79.193.154 - - [29/Oct/2019:21:20:05 +0000] "GET /favicon.ico HTTP/1.1" - - "https://apies.northeurope.cloudapp.azure.com:8243/karties/1.0.0" "Mozilla/5.0 (Windows NT 10.0; WOW64) AppleWebKit/537.36 (KHTML, like Gecko) Chrome/78.0.3904.70 Safari/537.36"
- 10.0.1.5  - [29/Oct/2019:21:19:42 +0000] "- - " 200 - "-" "-"
- 13.69.228.3  - [29/Oct/2019:21:19:43 +0000] "- - " 200 - "-" "-"
- 10.0.1.5  - [29/Oct/2019:21:19:43 +0000] "- - " 200 - "-" "-"
- 13.69.228.3  - [29/Oct/2019:21:19:55 +0000] "- - " 500 - "-" "-"
- 13.79.193.154  - [29/Oct/2019:21:19:55 +0000] "- - " 500 - "-" "-"
- 13.79.193.154  - [29/Oct/2019:21:19:55 +0000] "- - " 301 - "-" "-"
- 13.79.193.154  - [29/Oct/2019:21:20:05 +0000] "- - " 404 - "-" "-"
- 13.79.193.154  - [29/Oct/2019:21:20:05 +0000] "- - " 301 - "-" "-"
- 13.79.193.154 - - [29/Oct/2019:21:20:15 +0000] "GET /karties/1.0.0/login HTTP/1.1" - - "-" "Mozilla/5.0 (Windows NT 10.0; WOW64) AppleWebKit/537.36 (KHTML, like Gecko) Chrome/78.0.3904.70 Safari/537.36"
- 13.69.228.3 - - [29/Oct/2019:21:20:15 +0000] "GET /api/login HTTP/1.1" - - "-" "Synapse-PT-HttpComponents-NIO"
- 13.79.193.154 - - [29/Oct/2019:21:20:15 +0000] "GET /favicon.ico HTTP/1.1" - - "https://apies.northeurope.cloudapp.azure.com:8243/karties/1.0.0/login" "Mozilla/5.0 (Windows NT 10.0; WOW64) AppleWebKit/537.36 (KHTML, like Gecko) Chrome/78.0.3904.70 Safari/537.36"
- 13.69.228.3  - [29/Oct/2019:21:20:15 +0000] "- - " 500 - "-" "-"
- 13.79.193.154  - [29/Oct/2019:21:20:15 +0000] "- - " 500 - "-" "-"
- 13.79.193.154  - [29/Oct/2019:21:20:15 +0000] "- - " 301 - "-" "-"
- 13.79.193.154 - - [29/Oct/2019:21:21:17 +0000] "GET /karties/1.0.0/login?login=user&password=test HTTP/1.1" - - "-" "Mozilla/5.0 (Windows NT 10.0; Win64; x64; rv:70.0) Gecko/20100101 Firefox/70.0"
- 13.69.228.3 - - [29/Oct/2019:21:21:17 +0000] "GET /api/login?login=user&password=test HTTP/1.1" - - "-" "Synapse-PT-HttpComponents-NIO"
- 13.79.193.154 - - [29/Oct/2019:21:21:17 +0000] "GET /favicon.ico HTTP/1.1" - - "-" "Mozilla/5.0 (Windows NT 10.0; Win64; x64; rv:70.0) Gecko/20100101 Firefox/70.0"
- 13.79.193.154 - - [29/Oct/2019:21:21:20 +0000] "GET /karties/1.0.0/login?login=user&password=test HTTP/1.1" - - "-" "Mozilla/5.0 (Windows NT 10.0; Win64; x64; rv:70.0) Gecko/20100101 Firefox/70.0"
- 13.69.228.3 - - [29/Oct/2019:21:21:21 +0000] "GET /api/login?login=user&password=test HTTP/1.1" - - "-" "Synapse-PT-HttpComponents-NIO"
- 13.79.193.154 - - [29/Oct/2019:21:21:20 +0000] "GET /favicon.ico HTTP/1.1" - - "-" "Mozilla/5.0 (Windows NT 10.0; Win64; x64; rv:70.0) Gecko/20100101 Firefox/70.0"
- 13.69.228.3  - [29/Oct/2019:21:21:17 +0000] "- - " 500 - "-" "-"
- 13.79.193.154  - [29/Oct/2019:21:21:17 +0000] "- - " 500 - "-" "-"
- 13.79.193.154  - [29/Oct/2019:21:21:17 +0000] "- - " 301 - "-" "-"
- 13.69.228.3  - [29/Oct/2019:21:21:21 +0000] "- - " 500 - "-" "-"
- 13.79.193.154  - [29/Oct/2019:21:21:20 +0000] "- - " 500 - "-" "-"
- 13.79.193.154  - [29/Oct/2019:21:21:21 +0000] "- - " 301 - "-" "-"
- 13.79.193.154 - - [29/Oct/2019:21:21:53 +0000] "GET /karties/1.0.0/login?login=user&password=test HTTP/1.1" - - "-" "Mozilla/5.0 (Windows NT 10.0; Win64; x64; rv:70.0) Gecko/20100101 Firefox/70.0"
- 13.69.228.3 - - [29/Oct/2019:21:21:53 +0000] "GET /api/login?login=user&password=test HTTP/1.1" - - "-" "Synapse-PT-HttpComponents-NIO"
- 13.79.193.154 - - [29/Oct/2019:21:21:53 +0000] "GET /favicon.ico HTTP/1.1" - - "-" "Mozilla/5.0 (Windows NT 10.0; Win64; x64; rv:70.0) Gecko/20100101 Firefox/70.0"
- 13.79.193.154 - - [29/Oct/2019:21:22:02 +0000] "GET /karties/1.0.0/login?login=user&password=test HTTP/1.1" - - "-" "Mozilla/5.0 (Windows NT 10.0; Win64; x64; rv:70.0) Gecko/20100101 Firefox/70.0"
- 13.69.228.3 - - [29/Oct/2019:21:22:02 +0000] "GET /api/login?login=user&password=test HTTP/1.1" - - "-" "Synapse-PT-HttpComponents-NIO"
- 13.69.228.3  - [29/Oct/2019:21:21:53 +0000] "- - " 500 - "-" "-"
- 13.79.193.154  - [29/Oct/2019:21:21:53 +0000] "- - " 500 - "-" "-"
- 13.79.193.154  - [29/Oct/2019:21:21:54 +0000] "- - " 301 - "-" "-"
- 13.69.228.3  - [29/Oct/2019:21:22:02 +0000] "- - " 200 - "-" "-"
- 13.79.193.154  - [29/Oct/2019:21:22:03 +0000] "- - " 200 - "-" "-"
- 13.79.193.154 - - [29/Oct/2019:21:50:26 +0000] "GET /karties/1.0.0/applall HTTP/1.1" - - "-" "Mozilla/5.0 (Windows NT 10.0; WOW64) AppleWebKit/537.36 (KHTML, like Gecko) Chrome/78.0.3904.70 Safari/537.36"
- 13.69.228.3 - - [29/Oct/2019:21:50:26 +0000] "GET /api/applall HTTP/1.1" - - "-" "Synapse-PT-HttpComponents-NIO"
- 13.79.193.154 - - [29/Oct/2019:21:50:26 +0000] "GET /favicon.ico HTTP/1.1" - - "https://apies.northeurope.cloudapp.azure.com:8243/karties/1.0.0/applall" "Mozilla/5.0 (Windows NT 10.0; WOW64) AppleWebKit/537.36 (KHTML, like Gecko) Chrome/78.0.3904.70 Safari/537.36"
- 13.69.228.3  - [29/Oct/2019:21:50:26 +0000] "- - " 500 - "-" "-"
- 13.79.193.154  - [29/Oct/2019:21:50:26 +0000] "- - " 500 - "-" "-"
- 13.79.193.154  - [29/Oct/2019:21:50:26 +0000] "- - " 301 - "-" "-"
- 13.79.193.154 - - [30/Oct/2019:06:07:50 +0000] "GET /karties/1.0.0/login?login=user&password=test HTTP/1.1" - - "-" "Mozilla/5.0 (Windows NT 10.0; Win64; x64; rv:70.0) Gecko/20100101 Firefox/70.0"
- 13.69.228.3 - - [30/Oct/2019:06:07:51 +0000] "GET /api/login?login=user&password=test HTTP/1.1" - - "-" "Synapse-PT-HttpComponents-NIO"
- 13.79.193.154 - - [30/Oct/2019:06:07:50 +0000] "GET /favicon.ico HTTP/1.1" - - "-" "Mozilla/5.0 (Windows NT 10.0; Win64; x64; rv:70.0) Gecko/20100101 Firefox/70.0"
- 13.69.228.3  - [30/Oct/2019:06:07:51 +0000] "- - " 500 - "-" "-"
- 13.79.193.154  - [30/Oct/2019:06:07:50 +0000] "- - " 500 - "-" "-"
- 13.79.193.154  - [30/Oct/2019:06:07:51 +0000] "- - " 301 - "-" "-"
- 10.0.1.5 - - [30/Oct/2019:06:10:14 +0000] "OPTIONS /karties/1.0.0/login?login=user&password=test HTTP/1.1" - - "https://localhost:9443/store/apis/info?name=kart1&version=1.0.0&provider=admin" "Mozilla/5.0 (Windows NT 10.0; WOW64) AppleWebKit/537.36 (KHTML, like Gecko) Chrome/78.0.3904.70 Safari/537.36"
- 10.0.1.5 - - [30/Oct/2019:06:10:14 +0000] "OPTIONS /karties/1.0.0/login?login=user&password=test HTTP/1.1" - - "https://localhost:9443/store/apis/info?name=kart1&version=1.0.0&provider=admin" "Mozilla/5.0 (Windows NT 10.0; WOW64) AppleWebKit/537.36 (KHTML, like Gecko) Chrome/78.0.3904.70 Safari/537.36"
- 10.0.1.5 - - [30/Oct/2019:06:10:14 +0000] "OPTIONS /karties/1.0.0/login?login=user&password=test HTTP/1.1" - - "https://localhost:9443/store/apis/info?name=kart1&version=1.0.0&provider=admin" "Mozilla/5.0 (Windows NT 10.0; WOW64) AppleWebKit/537.36 (KHTML, like Gecko) Chrome/78.0.3904.70 Safari/537.36"
- 10.0.1.5 - - [30/Oct/2019:06:10:14 +0000] "GET /karties/1.0.0/login?login=user&password=test HTTP/1.1" - - "https://localhost:9443/store/apis/info?name=kart1&version=1.0.0&provider=admin" "Mozilla/5.0 (Windows NT 10.0; WOW64) AppleWebKit/537.36 (KHTML, like Gecko) Chrome/78.0.3904.70 Safari/537.36"
- 13.69.228.3 - - [30/Oct/2019:06:10:14 +0000] "GET /api/login?login=user&password=test HTTP/1.1" - - "https://localhost:9443/store/apis/info?name=kart1&version=1.0.0&provider=admin" "Synapse-PT-HttpComponents-NIO"
- 10.0.1.5 - - [30/Oct/2019:06:10:15 +0000] "GET /karties/1.0.0/login?login=user&password=test HTTP/1.1" - - "https://localhost:9443/store/apis/info?name=kart1&version=1.0.0&provider=admin" "Mozilla/5.0 (Windows NT 10.0; WOW64) AppleWebKit/537.36 (KHTML, like Gecko) Chrome/78.0.3904.70 Safari/537.36"
- 13.69.228.3 - - [30/Oct/2019:06:10:16 +0000] "GET /api/login?login=user&password=test HTTP/1.1" - - "https://localhost:9443/store/apis/info?name=kart1&version=1.0.0&provider=admin" "Synapse-PT-HttpComponents-NIO"
- 10.0.1.5 - - [30/Oct/2019:06:10:16 +0000] "GET /karties/1.0.0/login?login=user&password=test HTTP/1.1" - - "https://localhost:9443/store/apis/info?name=kart1&version=1.0.0&provider=admin" "Mozilla/5.0 (Windows NT 10.0; WOW64) AppleWebKit/537.36 (KHTML, like Gecko) Chrome/78.0.3904.70 Safari/537.36"
- 13.69.228.3 - - [30/Oct/2019:06:10:16 +0000] "GET /api/login?login=user&password=test HTTP/1.1" - - "https://localhost:9443/store/apis/info?name=kart1&version=1.0.0&provider=admin" "Synapse-PT-HttpComponents-NIO"
- 10.0.1.5  - [30/Oct/2019:06:10:14 +0000] "- - " 200 - "-" "-"
- 10.0.1.5  - [30/Oct/2019:06:10:14 +0000] "- - " 200 - "-" "-"
- 10.0.1.5  - [30/Oct/2019:06:10:14 +0000] "- - " 200 - "-" "-"
- 13.69.228.3  - [30/Oct/2019:06:10:15 +0000] "- - " 200 - "-" "-"
- 10.0.1.5  - [30/Oct/2019:06:10:15 +0000] "- - " 200 - "-" "-"
- 13.69.228.3  - [30/Oct/2019:06:10:16 +0000] "- - " 200 - "-" "-"
- 10.0.1.5  - [30/Oct/2019:06:10:16 +0000] "- - " 200 - "-" "-"
- 13.69.228.3  - [30/Oct/2019:06:10:16 +0000] "- - " 200 - "-" "-"
- 10.0.1.5  - [30/Oct/2019:06:10:16 +0000] "- - " 200 - "-" "-"
- 13.79.193.154 - - [30/Oct/2019:06:10:49 +0000] "GET /karties/1.0.0/login?login=user&password=test HTTP/1.1" - - "-" "Mozilla/5.0 (Windows NT 10.0; Win64; x64; rv:70.0) Gecko/20100101 Firefox/70.0"
- 13.69.228.3 - - [30/Oct/2019:06:10:49 +0000] "GET /api/login?login=user&password=test HTTP/1.1" - - "-" "Synapse-PT-HttpComponents-NIO"
- 13.79.193.154 - - [30/Oct/2019:06:10:49 +0000] "GET /favicon.ico HTTP/1.1" - - "-" "Mozilla/5.0 (Windows NT 10.0; Win64; x64; rv:70.0) Gecko/20100101 Firefox/70.0"
- 13.69.228.3  - [30/Oct/2019:06:10:49 +0000] "- - " 500 - "-" "-"
- 13.79.193.154  - [30/Oct/2019:06:10:49 +0000] "- - " 500 - "-" "-"
- 13.79.193.154  - [30/Oct/2019:06:10:49 +0000] "- - " 301 - "-" "-"
- 13.79.193.154 - - [30/Oct/2019:06:11:24 +0000] "GET /karties/1.0.0/login?login=user&password=test HTTP/1.1" - - "-" "Mozilla/5.0 (Windows NT 10.0; Win64; x64; rv:70.0) Gecko/20100101 Firefox/70.0"
- 13.69.228.3 - - [30/Oct/2019:06:11:24 +0000] "GET /api/login?login=user&password=test HTTP/1.1" - - "-" "Synapse-PT-HttpComponents-NIO"
- 13.69.228.3  - [30/Oct/2019:06:11:24 +0000] "- - " 500 - "-" "-"
- 13.79.193.154  - [30/Oct/2019:06:11:24 +0000] "- - " 500 - "-" "-"
- 13.79.193.154 - - [30/Oct/2019:06:11:51 +0000] "GET /karties/1.0.0/login?login=user&password=test HTTP/1.1" - - "-" "Mozilla/5.0 (Windows NT 10.0; Win64; x64; rv:70.0) Gecko/20100101 Firefox/70.0"
- 13.69.228.3 - - [30/Oct/2019:06:11:51 +0000] "GET /api/login?login=user&password=test HTTP/1.1" - - "-" "Synapse-PT-HttpComponents-NIO"
- 13.69.228.3  - [30/Oct/2019:06:11:51 +0000] "- - " 200 - "-" "-"
- 13.79.193.154  - [30/Oct/2019:06:11:51 +0000] "- - " 200 - "-" "-"
- 13.79.193.154 - - [30/Oct/2019:06:13:13 +0000] "GET /karties/1.0.0/login?login=user&password=test HTTP/1.1" - - "-" "Mozilla/5.0 (Windows NT 10.0; Win64; x64; rv:70.0) Gecko/20100101 Firefox/70.0"
- 13.69.228.3 - - [30/Oct/2019:06:13:13 +0000] "GET /api/login?login=user&password=test HTTP/1.1" - - "-" "Synapse-PT-HttpComponents-NIO"
- 13.79.193.154 - - [30/Oct/2019:06:13:13 +0000] "GET /favicon.ico HTTP/1.1" - - "-" "Mozilla/5.0 (Windows NT 10.0; Win64; x64; rv:70.0) Gecko/20100101 Firefox/70.0"
- 13.69.228.3  - [30/Oct/2019:06:13:13 +0000] "- - " 500 - "-" "-"
- 13.79.193.154  - [30/Oct/2019:06:13:13 +0000] "- - " 500 - "-" "-"
- 13.79.193.154  - [30/Oct/2019:06:13:14 +0000] "- - " 301 - "-" "-"
- 10.0.1.5 - - [30/Oct/2019:06:17:09 +0000] "OPTIONS /karties/1.0.0/login?login=user&password=test HTTP/1.1" - - "https://localhost:9443/store/apis/info?name=kart1&version=1.0.0&provider=admin" "Mozilla/5.0 (Windows NT 10.0; WOW64) AppleWebKit/537.36 (KHTML, like Gecko) Chrome/78.0.3904.70 Safari/537.36"
- 10.0.1.5 - - [30/Oct/2019:06:17:09 +0000] "OPTIONS /karties/1.0.0/login?login=user&password=test HTTP/1.1" - - "https://localhost:9443/store/apis/info?name=kart1&version=1.0.0&provider=admin" "Mozilla/5.0 (Windows NT 10.0; WOW64) AppleWebKit/537.36 (KHTML, like Gecko) Chrome/78.0.3904.70 Safari/537.36"
- 10.0.1.5 - - [30/Oct/2019:06:17:09 +0000] "GET /karties/1.0.0/login?login=user&password=test HTTP/1.1" - - "https://localhost:9443/store/apis/info?name=kart1&version=1.0.0&provider=admin" "Mozilla/5.0 (Windows NT 10.0; WOW64) AppleWebKit/537.36 (KHTML, like Gecko) Chrome/78.0.3904.70 Safari/537.36"
- 10.0.1.5  - [30/Oct/2019:06:17:09 +0000] "- - " 200 - "-" "-"
- 10.0.1.5  - [30/Oct/2019:06:17:09 +0000] "- - " 200 - "-" "-"
- 13.79.193.154 - - [30/Oct/2019:06:19:16 +0000] "GET /karties/1.0.0/login?login=user&password=test HTTP/1.1" - - "-" "Mozilla/5.0 (Windows NT 10.0; Win64; x64; rv:70.0) Gecko/20100101 Firefox/70.0"
- 13.69.228.3 - - [30/Oct/2019:06:19:16 +0000] "GET /api/login?login=user&password=test HTTP/1.1" - - "-" "Synapse-PT-HttpComponents-NIO"
- 13.69.228.3 - - [30/Oct/2019:06:19:16 +0000] "GET /api/login?login=user&password=test HTTP/1.1" - - "https://localhost:9443/store/apis/info?name=kart1&version=1.0.0&provider=admin" "Synapse-PT-HttpComponents-NIO"
- 13.79.193.154 - - [30/Oct/2019:06:19:16 +0000] "GET /favicon.ico HTTP/1.1" - - "-" "Mozilla/5.0 (Windows NT 10.0; Win64; x64; rv:70.0) Gecko/20100101 Firefox/70.0"
- 13.79.193.154 - - [30/Oct/2019:06:19:29 +0000] "GET /karties/1.0.0/login?login=user&password=test HTTP/1.1" - - "-" "Mozilla/5.0 (Windows NT 10.0; Win64; x64; rv:70.0) Gecko/20100101 Firefox/70.0"
- 13.69.228.3 - - [30/Oct/2019:06:19:29 +0000] "GET /api/login?login=user&password=test HTTP/1.1" - - "-" "Synapse-PT-HttpComponents-NIO"
- 13.79.193.154 - - [30/Oct/2019:06:19:29 +0000] "GET /favicon.ico HTTP/1.1" - - "-" "Mozilla/5.0 (Windows NT 10.0; Win64; x64; rv:70.0) Gecko/20100101 Firefox/70.0"
- 13.69.228.3  - [30/Oct/2019:06:19:16 +0000] "- - " 500 - "-" "-"
- 13.79.193.154  - [30/Oct/2019:06:19:16 +0000] "- - " 500 - "-" "-"
- 13.79.193.154  - [30/Oct/2019:06:19:16 +0000] "- - " 301 - "-" "-"
- 13.69.228.3  - [30/Oct/2019:06:19:17 +0000] "- - " 200 - "-" "-"
- 10.0.1.5  - [30/Oct/2019:06:19:17 +0000] "- - " 200 - "-" "-"
- 13.69.228.3  - [30/Oct/2019:06:19:29 +0000] "- - " 500 - "-" "-"
- 13.79.193.154  - [30/Oct/2019:06:19:29 +0000] "- - " 500 - "-" "-"
- 13.79.193.154  - [30/Oct/2019:06:19:29 +0000] "- - " 301 - "-" "-"
- 10.0.1.5 - - [30/Oct/2019:06:19:37 +0000] "OPTIONS /karties/1.0.0/login?login=user&password=test HTTP/1.1" - - "https://localhost:9443/store/apis/info?name=kart1&version=1.0.0&provider=admin" "Mozilla/5.0 (Windows NT 10.0; WOW64) AppleWebKit/537.36 (KHTML, like Gecko) Chrome/78.0.3904.70 Safari/537.36"
- 10.0.1.5 - - [30/Oct/2019:06:19:37 +0000] "OPTIONS /karties/1.0.0/login?login=user&password=test HTTP/1.1" - - "https://localhost:9443/store/apis/info?name=kart1&version=1.0.0&provider=admin" "Mozilla/5.0 (Windows NT 10.0; WOW64) AppleWebKit/537.36 (KHTML, like Gecko) Chrome/78.0.3904.70 Safari/537.36"
- 10.0.1.5 - - [30/Oct/2019:06:19:37 +0000] "GET /karties/1.0.0/login?login=user&password=test HTTP/1.1" - - "https://localhost:9443/store/apis/info?name=kart1&version=1.0.0&provider=admin" "Mozilla/5.0 (Windows NT 10.0; WOW64) AppleWebKit/537.36 (KHTML, like Gecko) Chrome/78.0.3904.70 Safari/537.36"
- 13.69.228.3 - - [30/Oct/2019:06:19:37 +0000] "GET /api/login?login=user&password=test HTTP/1.1" - - "https://localhost:9443/store/apis/info?name=kart1&version=1.0.0&provider=admin" "Synapse-PT-HttpComponents-NIO"
- 10.0.1.5 - - [30/Oct/2019:06:19:38 +0000] "GET /karties/1.0.0/login?login=user&password=test HTTP/1.1" - - "https://localhost:9443/store/apis/info?name=kart1&version=1.0.0&provider=admin" "Mozilla/5.0 (Windows NT 10.0; WOW64) AppleWebKit/537.36 (KHTML, like Gecko) Chrome/78.0.3904.70 Safari/537.36"
- 13.69.228.3 - - [30/Oct/2019:06:19:38 +0000] "GET /api/login?login=user&password=test HTTP/1.1" - - "https://localhost:9443/store/apis/info?name=kart1&version=1.0.0&provider=admin" "Synapse-PT-HttpComponents-NIO"
- 10.0.1.5  - [30/Oct/2019:06:19:37 +0000] "- - " 200 - "-" "-"
- 10.0.1.5  - [30/Oct/2019:06:19:37 +0000] "- - " 200 - "-" "-"
- 13.69.228.3  - [30/Oct/2019:06:19:38 +0000] "- - " 200 - "-" "-"
- 10.0.1.5  - [30/Oct/2019:06:19:38 +0000] "- - " 200 - "-" "-"
- 13.69.228.3  - [30/Oct/2019:06:19:38 +0000] "- - " 200 - "-" "-"
- 10.0.1.5  - [30/Oct/2019:06:19:38 +0000] "- - " 200 - "-" "-"
- 10.0.1.5 - - [30/Oct/2019:06:20:25 +0000] "OPTIONS /karties/1.0.0/login?login=user&password=test HTTP/1.1" - - "https://localhost:9443/store/apis/info?name=kart1&version=1.0.0&provider=admin" "Mozilla/5.0 (Windows NT 10.0; WOW64) AppleWebKit/537.36 (KHTML, like Gecko) Chrome/78.0.3904.70 Safari/537.36"
- 10.0.1.5 - - [30/Oct/2019:06:20:25 +0000] "GET /karties/1.0.0/login?login=user&password=test HTTP/1.1" - - "https://localhost:9443/store/apis/info?name=kart1&version=1.0.0&provider=admin" "Mozilla/5.0 (Windows NT 10.0; WOW64) AppleWebKit/537.36 (KHTML, like Gecko) Chrome/78.0.3904.70 Safari/537.36"
- 13.69.228.3 - - [30/Oct/2019:06:20:25 +0000] "GET /api/login?login=user&password=test HTTP/1.1" - - "https://localhost:9443/store/apis/info?name=kart1&version=1.0.0&provider=admin" "Synapse-PT-HttpComponents-NIO"
- 10.0.1.5  - [30/Oct/2019:06:20:25 +0000] "- - " 200 - "-" "-"
- 13.69.228.3  - [30/Oct/2019:06:20:26 +0000] "- - " 200 - "-" "-"
- 10.0.1.5  - [30/Oct/2019:06:20:26 +0000] "- - " 200 - "-" "-"
- 13.79.193.154 - - [30/Oct/2019:06:20:53 +0000] "GET /karties/1.0.0/login?login=user&password=test HTTP/1.1" - - "-" "Mozilla/5.0 (Windows NT 10.0; Win64; x64; rv:70.0) Gecko/20100101 Firefox/70.0"
- 13.69.228.3 - - [30/Oct/2019:06:21:03 +0000] "GET /api/login?login=user&password=test HTTP/1.1" - - "-" "Synapse-PT-HttpComponents-NIO"
- 13.79.193.154 - - [30/Oct/2019:06:21:03 +0000] "GET /favicon.ico HTTP/1.1" - - "-" "Mozilla/5.0 (Windows NT 10.0; Win64; x64; rv:70.0) Gecko/20100101 Firefox/70.0"
- 13.69.228.3  - [30/Oct/2019:06:21:03 +0000] "- - " 500 - "-" "-"
- 13.79.193.154  - [30/Oct/2019:06:21:03 +0000] "- - " 500 - "-" "-"
- 13.79.193.154  - [30/Oct/2019:06:21:03 +0000] "- - " 301 - "-" "-"
- 13.79.193.154 - - [30/Oct/2019:06:21:43 +0000] "GET /karties/1.0.0/login?login=user&password=test HTTP/1.1" - - "-" "Mozilla/5.0 (Windows NT 10.0; Win64; x64; rv:70.0) Gecko/20100101 Firefox/70.0"
- 13.69.228.3 - - [30/Oct/2019:06:21:43 +0000] "GET /api/login?login=user&password=test HTTP/1.1" - - "-" "Synapse-PT-HttpComponents-NIO"
- 13.69.228.3  - [30/Oct/2019:06:21:43 +0000] "- - " 200 - "-" "-"
- 13.79.193.154  - [30/Oct/2019:06:21:43 +0000] "- - " 200 - "-" "-"
- 13.79.193.154 - - [30/Oct/2019:06:22:10 +0000] "GET /karties/1.0.0/login?login=user&password=test HTTP/1.1" - - "-" "Mozilla/5.0 (Windows NT 10.0; Win64; x64; rv:70.0) Gecko/20100101 Firefox/70.0"
- 13.69.228.3 - - [30/Oct/2019:06:22:10 +0000] "GET /api/login?login=user&password=test HTTP/1.1" - - "-" "Synapse-PT-HttpComponents-NIO"
- 13.79.193.154 - - [30/Oct/2019:06:22:10 +0000] "GET /favicon.ico HTTP/1.1" - - "-" "Mozilla/5.0 (Windows NT 10.0; Win64; x64; rv:70.0) Gecko/20100101 Firefox/70.0"
- 13.79.193.154 - - [30/Oct/2019:06:22:23 +0000] "GET /karties/1.0.0/login?login=user&password=test HTTP/1.1" - - "-" "Mozilla/5.0 (Windows NT 10.0; Win64; x64; rv:70.0) Gecko/20100101 Firefox/70.0"
- 13.69.228.3 - - [30/Oct/2019:06:22:23 +0000] "GET /api/login?login=user&password=test HTTP/1.1" - - "-" "Synapse-PT-HttpComponents-NIO"
- 13.69.228.3  - [30/Oct/2019:06:22:10 +0000] "- - " 500 - "-" "-"
- 13.79.193.154  - [30/Oct/2019:06:22:10 +0000] "- - " 500 - "-" "-"
- 13.79.193.154  - [30/Oct/2019:06:22:10 +0000] "- - " 301 - "-" "-"
- 13.69.228.3  - [30/Oct/2019:06:22:23 +0000] "- - " 500 - "-" "-"
- 13.79.193.154  - [30/Oct/2019:06:22:23 +0000] "- - " 500 - "-" "-"
- 178.163.34.168 - - [30/Oct/2019:08:45:23 +0000] "GET /karties/1.0.0/login?login=user&password=test HTTP/1.1" - - "-" "Mozilla/5.0 (Windows NT 6.1; Win64; x64) AppleWebKit/537.36 (KHTML, like Gecko) Chrome/78.0.3904.70 Safari/537.36"
- 13.69.228.3 - - [30/Oct/2019:08:45:23 +0000] "GET /api/login?login=user&password=test HTTP/1.1" - - "-" "Synapse-PT-HttpComponents-NIO"
- 178.163.34.168 - - [30/Oct/2019:08:45:23 +0000] "GET /favicon.ico HTTP/1.1" - - "https://apies.northeurope.cloudapp.azure.com:8243/karties/1.0.0/login?login=user&password=test" "Mozilla/5.0 (Windows NT 6.1; Win64; x64) AppleWebKit/537.36 (KHTML, like Gecko) Chrome/78.0.3904.70 Safari/537.36"
- 13.69.228.3  - [30/Oct/2019:08:45:23 +0000] "- - " 500 - "-" "-"
- 178.163.34.168  - [30/Oct/2019:08:45:23 +0000] "- - " 500 - "-" "-"
- 178.163.34.168  - [30/Oct/2019:08:45:24 +0000] "- - " 301 - "-" "-"
- 10.0.1.5 - - [30/Oct/2019:08:51:32 +0000] "OPTIONS /karties/1.0.0/login?login=user&password=test HTTP/1.1" - - "https://localhost:9443/store/apis/info?name=kart1&version=1.0.0&provider=admin" "Mozilla/5.0 (Windows NT 10.0; WOW64) AppleWebKit/537.36 (KHTML, like Gecko) Chrome/78.0.3904.70 Safari/537.36"
- 10.0.1.5 - - [30/Oct/2019:08:51:32 +0000] "GET /karties/1.0.0/login?login=user&password=test HTTP/1.1" - - "https://localhost:9443/store/apis/info?name=kart1&version=1.0.0&provider=admin" "Mozilla/5.0 (Windows NT 10.0; WOW64) AppleWebKit/537.36 (KHTML, like Gecko) Chrome/78.0.3904.70 Safari/537.36"
- 13.69.228.3 - - [30/Oct/2019:08:51:32 +0000] "GET /api/login?login=user&password=test HTTP/1.1" - - "https://localhost:9443/store/apis/info?name=kart1&version=1.0.0&provider=admin" "Synapse-PT-HttpComponents-NIO"
- 10.0.1.5  - [30/Oct/2019:08:51:32 +0000] "- - " 200 - "-" "-"
- 13.69.228.3  - [30/Oct/2019:08:51:33 +0000] "- - " 200 - "-" "-"
- 10.0.1.5  - [30/Oct/2019:08:51:33 +0000] "- - " 200 - "-" "-"
- 13.79.193.154 - - [30/Oct/2019:08:55:48 +0000] "GET /karties/1.0.0/login?login=user&password=test HTTP/1.1" - - "-" "Mozilla/5.0 (Windows NT 10.0; WOW64) AppleWebKit/537.36 (KHTML, like Gecko) Chrome/78.0.3904.70 Safari/537.36"
- 13.69.228.3 - - [30/Oct/2019:08:55:48 +0000] "GET /api/login?login=user&password=test HTTP/1.1" - - "-" "Synapse-PT-HttpComponents-NIO"
- 13.79.193.154 - - [30/Oct/2019:08:55:48 +0000] "GET /favicon.ico HTTP/1.1" - - "https://apies.northeurope.cloudapp.azure.com:8243/karties/1.0.0/login?login=user&password=test" "Mozilla/5.0 (Windows NT 10.0; WOW64) AppleWebKit/537.36 (KHTML, like Gecko) Chrome/78.0.3904.70 Safari/537.36"
- 13.69.228.3  - [30/Oct/2019:08:55:48 +0000] "- - " 500 - "-" "-"
- 13.79.193.154  - [30/Oct/2019:08:55:48 +0000] "- - " 500 - "-" "-"
- 13.79.193.154  - [30/Oct/2019:08:55:48 +0000] "- - " 301 - "-" "-"
- 13.79.193.154 - - [30/Oct/2019:08:57:27 +0000] "GET /karties/1.0.0/login?login=user&password=test HTTP/1.1" - - "-" "Mozilla/5.0 (Windows NT 10.0; WOW64) AppleWebKit/537.36 (KHTML, like Gecko) Chrome/78.0.3904.70 Safari/537.36"
- 13.69.228.3 - - [30/Oct/2019:08:57:27 +0000] "GET /api/login?login=user&password=test HTTP/1.1" - - "-" "Synapse-PT-HttpComponents-NIO"
