- 13.69.228.3 - - [21/Nov/2019:11:37:28 +0000] "GET /api/lang/all/ HTTP/1.1" - - "https://kartographydev.azurewebsites.net/" "Synapse-PT-HttpComponents-NIO"
- 13.69.228.3 - - [21/Nov/2019:11:37:28 +0000] "GET /api/userprofile HTTP/1.1" - - "https://kartographydev.azurewebsites.net/" "Synapse-PT-HttpComponents-NIO"
- 195.144.199.77  - [21/Nov/2019:11:37:28 +0000] "- - " 200 - "-" "-"
- 195.144.199.77 - - [21/Nov/2019:11:37:31 +0000] "GET /karties/1.0.0/lang HTTP/1.1" - - "https://kartographydev.azurewebsites.net/" "Mozilla/5.0 (Linux; Android 6.0; Nexus 5 Build/MRA58N) AppleWebKit/537.36 (KHTML, like Gecko) Chrome/78.0.3904.97 Mobile Safari/537.36"
- 13.69.228.3 - - [21/Nov/2019:11:37:31 +0000] "GET /api/lang HTTP/1.1" - - "https://kartographydev.azurewebsites.net/" "Synapse-PT-HttpComponents-NIO"
- 195.144.199.77 - - [21/Nov/2019:11:37:31 +0000] "GET /karties/1.0.0/strings/ru HTTP/1.1" - - "https://kartographydev.azurewebsites.net/" "Mozilla/5.0 (Linux; Android 6.0; Nexus 5 Build/MRA58N) AppleWebKit/537.36 (KHTML, like Gecko) Chrome/78.0.3904.97 Mobile Safari/537.36"
- 13.69.228.3  - [21/Nov/2019:11:37:28 +0000] "- - " 200 - "-" "-"
- 13.69.228.3 - - [21/Nov/2019:11:37:31 +0000] "GET /api/strings/ru HTTP/1.1" - - "https://kartographydev.azurewebsites.net/" "Synapse-PT-HttpComponents-NIO"
- 195.144.199.77 - - [21/Nov/2019:11:37:32 +0000] "GET /karties/1.0.0/strings/en HTTP/1.1" - - "https://kartographydev.azurewebsites.net/" "Mozilla/5.0 (Linux; Android 6.0; Nexus 5 Build/MRA58N) AppleWebKit/537.36 (KHTML, like Gecko) Chrome/78.0.3904.97 Mobile Safari/537.36"
- 13.69.228.3 - - [21/Nov/2019:11:37:31 +0000] "GET /api/strings/en HTTP/1.1" - - "https://kartographydev.azurewebsites.net/" "Synapse-PT-HttpComponents-NIO"
- 195.144.199.77 - - [21/Nov/2019:11:37:39 +0000] "GET /karties/1.0.0/userprofile HTTP/1.1" - - "https://kartographydev.azurewebsites.net/" "Mozilla/5.0 (Windows NT 6.1; rv:68.0) Gecko/20100101 Firefox/68.0"
- 195.144.199.77  - [21/Nov/2019:11:37:28 +0000] "- - " 200 - "-" "-"
- 13.69.228.3 - - [21/Nov/2019:11:37:39 +0000] "GET /api/userprofile HTTP/1.1" - - "https://kartographydev.azurewebsites.net/" "Synapse-PT-HttpComponents-NIO"
- 195.144.199.77 - - [21/Nov/2019:11:37:39 +0000] "GET /karties/1.0.0/lang/all/ HTTP/1.1" - - "https://kartographydev.azurewebsites.net/" "Mozilla/5.0 (Windows NT 6.1; rv:68.0) Gecko/20100101 Firefox/68.0"
- 13.69.228.3 - - [21/Nov/2019:11:37:39 +0000] "GET /api/lang/all/ HTTP/1.1" - - "https://kartographydev.azurewebsites.net/" "Synapse-PT-HttpComponents-NIO"
- 195.144.199.77 - - [21/Nov/2019:11:37:40 +0000] "GET /karties/1.0.0/lang HTTP/1.1" - - "https://kartographydev.azurewebsites.net/" "Mozilla/5.0 (Windows NT 6.1; rv:68.0) Gecko/20100101 Firefox/68.0"
- 13.69.228.3 - - [21/Nov/2019:11:37:40 +0000] "GET /api/lang HTTP/1.1" - - "https://kartographydev.azurewebsites.net/" "Synapse-PT-HttpComponents-NIO"
- 13.69.228.3  - [21/Nov/2019:11:37:31 +0000] "- - " 200 - "-" "-"
- 195.144.199.77 - - [21/Nov/2019:11:37:40 +0000] "GET /karties/1.0.0/strings/ru HTTP/1.1" - - "https://kartographydev.azurewebsites.net/" "Mozilla/5.0 (Windows NT 6.1; rv:68.0) Gecko/20100101 Firefox/68.0"
- 195.144.199.77 - - [21/Nov/2019:11:37:41 +0000] "GET /karties/1.0.0/strings/en HTTP/1.1" - - "https://kartographydev.azurewebsites.net/" "Mozilla/5.0 (Windows NT 6.1; rv:68.0) Gecko/20100101 Firefox/68.0"
- 13.69.228.3 - - [21/Nov/2019:11:37:41 +0000] "GET /api/strings/ru HTTP/1.1" - - "https://kartographydev.azurewebsites.net/" "Synapse-PT-HttpComponents-NIO"
- 195.144.199.77  - [21/Nov/2019:11:37:31 +0000] "- - " 200 - "-" "-"
- 13.69.228.3 - - [21/Nov/2019:11:37:40 +0000] "GET /api/strings/en HTTP/1.1" - - "https://kartographydev.azurewebsites.net/" "Synapse-PT-HttpComponents-NIO"
- 13.69.228.3  - [21/Nov/2019:11:37:31 +0000] "- - " 200 - "-" "-"
- 195.144.199.77  - [21/Nov/2019:11:37:31 +0000] "- - " 200 - "-" "-"
- 13.69.228.3  - [21/Nov/2019:11:37:31 +0000] "- - " 200 - "-" "-"
- 195.144.199.77  - [21/Nov/2019:11:37:32 +0000] "- - " 200 - "-" "-"
- 13.69.228.3  - [21/Nov/2019:11:37:39 +0000] "- - " 200 - "-" "-"
- 195.144.199.77  - [21/Nov/2019:11:37:39 +0000] "- - " 200 - "-" "-"
- 13.69.228.3  - [21/Nov/2019:11:37:39 +0000] "- - " 200 - "-" "-"
- 195.144.199.77  - [21/Nov/2019:11:37:39 +0000] "- - " 200 - "-" "-"
- 13.69.228.3  - [21/Nov/2019:11:37:40 +0000] "- - " 200 - "-" "-"
- 195.144.199.77  - [21/Nov/2019:11:37:40 +0000] "- - " 200 - "-" "-"
- 13.69.228.3  - [21/Nov/2019:11:37:41 +0000] "- - " 200 - "-" "-"
- 195.144.199.77  - [21/Nov/2019:11:37:40 +0000] "- - " 200 - "-" "-"
- 13.69.228.3  - [21/Nov/2019:11:37:43 +0000] "- - " 200 - "-" "-"
- 195.144.199.77  - [21/Nov/2019:11:37:43 +0000] "- - " 200 - "-" "-"
- 13.69.228.3  - [21/Nov/2019:11:38:55 +0000] "- - " 200 - "-" "-"
- 195.144.199.77 - - [21/Nov/2019:11:38:55 +0000] "GET /karties/1.0.0/lang/all/ HTTP/1.1" - - "https://kartographydev.azurewebsites.net/domains" "Mozilla/5.0 (Windows NT 6.1; Win64; x64) AppleWebKit/537.36 (KHTML, like Gecko) Chrome/78.0.3904.97 Safari/537.36"
- 195.144.199.77 - - [21/Nov/2019:11:38:55 +0000] "GET /karties/1.0.0/userprofile HTTP/1.1" - - "https://kartographydev.azurewebsites.net/domains" "Mozilla/5.0 (Windows NT 6.1; Win64; x64) AppleWebKit/537.36 (KHTML, like Gecko) Chrome/78.0.3904.97 Safari/537.36"
- 195.144.199.77  - [21/Nov/2019:11:38:55 +0000] "- - " 200 - "-" "-"
- 13.69.228.3 - - [21/Nov/2019:11:38:55 +0000] "GET /api/lang/all/ HTTP/1.1" - - "https://kartographydev.azurewebsites.net/domains" "Synapse-PT-HttpComponents-NIO"
- 13.69.228.3 - - [21/Nov/2019:11:38:55 +0000] "GET /api/userprofile HTTP/1.1" - - "https://kartographydev.azurewebsites.net/domains" "Synapse-PT-HttpComponents-NIO"
- 195.144.199.77 - - [21/Nov/2019:11:38:55 +0000] "GET /karties/1.0.0/lang HTTP/1.1" - - "https://kartographydev.azurewebsites.net/domains" "Mozilla/5.0 (Windows NT 6.1; Win64; x64) AppleWebKit/537.36 (KHTML, like Gecko) Chrome/78.0.3904.97 Safari/537.36"
- 13.69.228.3  - [21/Nov/2019:11:38:55 +0000] "- - " 200 - "-" "-"
- 195.144.199.77  - [21/Nov/2019:11:38:55 +0000] "- - " 200 - "-" "-"
- 13.69.228.3  - [21/Nov/2019:11:38:55 +0000] "- - " 200 - "-" "-"
- 13.69.228.3 - - [21/Nov/2019:11:38:55 +0000] "GET /api/lang HTTP/1.1" - - "https://kartographydev.azurewebsites.net/domains" "Synapse-PT-HttpComponents-NIO"
- 195.144.199.77 - - [21/Nov/2019:11:38:55 +0000] "GET /karties/1.0.0/strings/ru HTTP/1.1" - - "https://kartographydev.azurewebsites.net/domains" "Mozilla/5.0 (Windows NT 6.1; Win64; x64) AppleWebKit/537.36 (KHTML, like Gecko) Chrome/78.0.3904.97 Safari/537.36"
- 13.69.228.3 - - [21/Nov/2019:11:38:55 +0000] "GET /api/strings/ru HTTP/1.1" - - "https://kartographydev.azurewebsites.net/domains" "Synapse-PT-HttpComponents-NIO"
- 195.144.199.77 - - [21/Nov/2019:11:38:55 +0000] "GET /karties/1.0.0/strings/en HTTP/1.1" - - "https://kartographydev.azurewebsites.net/domains" "Mozilla/5.0 (Windows NT 6.1; Win64; x64) AppleWebKit/537.36 (KHTML, like Gecko) Chrome/78.0.3904.97 Safari/537.36"
- 13.69.228.3 - - [21/Nov/2019:11:38:55 +0000] "GET /api/strings/en HTTP/1.1" - - "https://kartographydev.azurewebsites.net/domains" "Synapse-PT-HttpComponents-NIO"
- 195.144.199.77 - - [21/Nov/2019:11:39:07 +0000] "OPTIONS /karties/1.0.0/login HTTP/1.1" - - "https://kartographydev.azurewebsites.net/domains" "Mozilla/5.0 (Windows NT 6.1; Win64; x64) AppleWebKit/537.36 (KHTML, like Gecko) Chrome/78.0.3904.97 Safari/537.36"
- 13.69.228.3 - - [21/Nov/2019:11:39:07 +0000] "OPTIONS /api/login HTTP/1.1" - - "https://kartographydev.azurewebsites.net/domains" "Synapse-PT-HttpComponents-NIO"
- 195.144.199.77  - [21/Nov/2019:11:38:55 +0000] "- - " 200 - "-" "-"
- 13.69.228.3  - [21/Nov/2019:11:38:57 +0000] "- - " 200 - "-" "-"
- 195.144.199.77  - [21/Nov/2019:11:38:57 +0000] "- - " 200 - "-" "-"
- 13.69.228.3  - [21/Nov/2019:11:38:57 +0000] "- - " 200 - "-" "-"
- 195.144.199.77  - [21/Nov/2019:11:38:57 +0000] "- - " 200 - "-" "-"
- 13.69.228.3  - [21/Nov/2019:11:39:07 +0000] "- - " 200 - "-" "-"
- 195.144.199.77  - [21/Nov/2019:11:39:07 +0000] "- - " 200 - "-" "-"
- 13.69.228.3  - [21/Nov/2019:11:39:10 +0000] "- - " 200 - "-" "-"
- 195.144.199.77  - [21/Nov/2019:11:39:10 +0000] "- - " 200 - "-" "-"
- 13.69.228.3  - [21/Nov/2019:11:39:16 +0000] "- - " 200 - "-" "-"
- 195.144.199.77  - [21/Nov/2019:11:39:16 +0000] "- - " 200 - "-" "-"
- 13.69.228.3  - [21/Nov/2019:11:39:17 +0000] "- - " 200 - "-" "-"
- 13.69.228.3  - [21/Nov/2019:11:39:17 +0000] "- - " 200 - "-" "-"
- 195.144.199.76  - [21/Nov/2019:11:39:17 +0000] "- - " 200 - "-" "-"
- 195.144.199.76  - [21/Nov/2019:11:39:17 +0000] "- - " 200 - "-" "-"
- 13.69.228.3  - [21/Nov/2019:11:39:17 +0000] "- - " 200 - "-" "-"
- 195.144.199.76  - [21/Nov/2019:11:39:17 +0000] "- - " 200 - "-" "-"
- 13.69.228.3  - [21/Nov/2019:11:39:17 +0000] "- - " 304 - "-" "-"
- 195.144.199.76  - [21/Nov/2019:11:39:17 +0000] "- - " 304 - "-" "-"
- 13.69.228.3  - [21/Nov/2019:11:39:17 +0000] "- - " 304 - "-" "-"
- 195.144.199.76  - [21/Nov/2019:11:39:17 +0000] "- - " 304 - "-" "-"
- 13.69.228.3  - [21/Nov/2019:11:39:17 +0000] "- - " 200 - "-" "-"
- 195.144.199.76  - [21/Nov/2019:11:39:17 +0000] "- - " 200 - "-" "-"
- 13.69.228.3  - [21/Nov/2019:11:39:17 +0000] "- - " 200 - "-" "-"
- 195.144.199.76  - [21/Nov/2019:11:39:17 +0000] "- - " 200 - "-" "-"
- 13.69.228.3  - [21/Nov/2019:11:39:17 +0000] "- - " 304 - "-" "-"
- 195.144.199.76  - [21/Nov/2019:11:39:17 +0000] "- - " 304 - "-" "-"
- 13.69.228.3  - [21/Nov/2019:11:39:17 +0000] "- - " 304 - "-" "-"
- 195.144.199.76  - [21/Nov/2019:11:39:17 +0000] "- - " 304 - "-" "-"
- 13.69.228.3  - [21/Nov/2019:11:39:17 +0000] "- - " 304 - "-" "-"
- 195.144.199.76  - [21/Nov/2019:11:39:17 +0000] "- - " 304 - "-" "-"
- 195.144.199.77 - - [21/Nov/2019:11:39:07 +0000] "POST /karties/1.0.0/login HTTP/1.1" - 34 "https://kartographydev.azurewebsites.net/domains" "Mozilla/5.0 (Windows NT 6.1; Win64; x64) AppleWebKit/537.36 (KHTML, like Gecko) Chrome/78.0.3904.97 Safari/537.36"
- 13.69.228.3 - - [21/Nov/2019:11:39:07 +0000] "POST /api/login HTTP/1.1" - - "https://kartographydev.azurewebsites.net/domains" "Synapse-PT-HttpComponents-NIO"
- 195.144.199.77 - - [21/Nov/2019:11:39:12 +0000] "GET /karties/1.0.0/basic_structure HTTP/1.1" - - "https://kartographydev.azurewebsites.net/domains" "Mozilla/5.0 (Windows NT 6.1; Win64; x64) AppleWebKit/537.36 (KHTML, like Gecko) Chrome/78.0.3904.97 Safari/537.36"
- 13.69.228.3 - - [21/Nov/2019:11:39:12 +0000] "GET /api/basic_structure HTTP/1.1" - - "https://kartographydev.azurewebsites.net/domains" "Synapse-PT-HttpComponents-NIO"
- 195.144.199.76 - - [21/Nov/2019:11:39:17 +0000] "GET /karties/1.0.0/userprofile HTTP/1.1" - - "http://localhost:4200/apps" "Mozilla/5.0 (Windows NT 6.1; Win64; x64) AppleWebKit/537.36 (KHTML, like Gecko) Chrome/78.0.3904.97 Safari/537.36"
- 195.144.199.76 - - [21/Nov/2019:11:39:17 +0000] "GET /karties/1.0.0/lang/all/ HTTP/1.1" - - "http://localhost:4200/apps" "Mozilla/5.0 (Windows NT 6.1; Win64; x64) AppleWebKit/537.36 (KHTML, like Gecko) Chrome/78.0.3904.97 Safari/537.36"
- 13.69.228.3 - - [21/Nov/2019:11:39:17 +0000] "GET /api/userprofile HTTP/1.1" - - "http://localhost:4200/apps" "Synapse-PT-HttpComponents-NIO"
- 13.69.228.3 - - [21/Nov/2019:11:39:17 +0000] "GET /api/lang/all/ HTTP/1.1" - - "http://localhost:4200/apps" "Synapse-PT-HttpComponents-NIO"
- 195.144.199.76 - - [21/Nov/2019:11:39:17 +0000] "GET /karties/1.0.0/lang HTTP/1.1" - - "http://localhost:4200/apps" "Mozilla/5.0 (Windows NT 6.1; Win64; x64) AppleWebKit/537.36 (KHTML, like Gecko) Chrome/78.0.3904.97 Safari/537.36"
- 13.69.228.3 - - [21/Nov/2019:11:39:17 +0000] "GET /api/lang HTTP/1.1" - - "http://localhost:4200/apps" "Synapse-PT-HttpComponents-NIO"
- 195.144.199.76 - - [21/Nov/2019:11:39:17 +0000] "GET /karties/1.0.0/lang/all/ HTTP/1.1" - - "http://localhost:4200/apps/2283/edit" "Mozilla/5.0 (Windows NT 6.1; Win64; x64) AppleWebKit/537.36 (KHTML, like Gecko) Chrome/78.0.3904.97 Safari/537.36"
- 13.69.228.3 - - [21/Nov/2019:11:39:17 +0000] "GET /api/lang/all/ HTTP/1.1" - - "http://localhost:4200/apps/2283/edit" "Synapse-PT-HttpComponents-NIO"
- 195.144.199.76 - - [21/Nov/2019:11:39:17 +0000] "GET /karties/1.0.0/userprofile HTTP/1.1" - - "http://localhost:4200/apps/2283/edit" "Mozilla/5.0 (Windows NT 6.1; Win64; x64) AppleWebKit/537.36 (KHTML, like Gecko) Chrome/78.0.3904.97 Safari/537.36"
- 13.69.228.3 - - [21/Nov/2019:11:39:17 +0000] "GET /api/userprofile HTTP/1.1" - - "http://localhost:4200/apps/2283/edit" "Synapse-PT-HttpComponents-NIO"
- 195.144.199.76 - - [21/Nov/2019:11:39:17 +0000] "GET /karties/1.0.0/strings/ru HTTP/1.1" - - "http://localhost:4200/apps" "Mozilla/5.0 (Windows NT 6.1; Win64; x64) AppleWebKit/537.36 (KHTML, like Gecko) Chrome/78.0.3904.97 Safari/537.36"
- 13.69.228.3 - - [21/Nov/2019:11:39:17 +0000] "GET /api/strings/ru HTTP/1.1" - - "http://localhost:4200/apps" "Synapse-PT-HttpComponents-NIO"
- 195.144.199.76 - - [21/Nov/2019:11:39:17 +0000] "GET /karties/1.0.0/strings/en HTTP/1.1" - - "http://localhost:4200/apps" "Mozilla/5.0 (Windows NT 6.1; Win64; x64) AppleWebKit/537.36 (KHTML, like Gecko) Chrome/78.0.3904.97 Safari/537.36"
- 13.69.228.3 - - [21/Nov/2019:11:39:17 +0000] "GET /api/strings/en HTTP/1.1" - - "http://localhost:4200/apps" "Synapse-PT-HttpComponents-NIO"
- 195.144.199.76 - - [21/Nov/2019:11:39:17 +0000] "GET /karties/1.0.0/lang HTTP/1.1" - - "http://localhost:4200/apps/2283/edit" "Mozilla/5.0 (Windows NT 6.1; Win64; x64) AppleWebKit/537.36 (KHTML, like Gecko) Chrome/78.0.3904.97 Safari/537.36"
- 13.69.228.3 - - [21/Nov/2019:11:39:17 +0000] "GET /api/lang HTTP/1.1" - - "http://localhost:4200/apps/2283/edit" "Synapse-PT-HttpComponents-NIO"
- 195.144.199.76 - - [21/Nov/2019:11:39:17 +0000] "GET /karties/1.0.0/strings/ru HTTP/1.1" - - "http://localhost:4200/apps/2283/edit" "Mozilla/5.0 (Windows NT 6.1; Win64; x64) AppleWebKit/537.36 (KHTML, like Gecko) Chrome/78.0.3904.97 Safari/537.36"
- 13.69.228.3 - - [21/Nov/2019:11:39:17 +0000] "GET /api/strings/ru HTTP/1.1" - - "http://localhost:4200/apps/2283/edit" "Synapse-PT-HttpComponents-NIO"
- 195.144.199.76 - - [21/Nov/2019:11:39:17 +0000] "GET /karties/1.0.0/strings/en HTTP/1.1" - - "http://localhost:4200/apps/2283/edit" "Mozilla/5.0 (Windows NT 6.1; Win64; x64) AppleWebKit/537.36 (KHTML, like Gecko) Chrome/78.0.3904.97 Safari/537.36"
- 13.69.228.3 - - [21/Nov/2019:11:39:17 +0000] "GET /api/strings/en HTTP/1.1" - - "http://localhost:4200/apps/2283/edit" "Synapse-PT-HttpComponents-NIO"
- 195.144.198.44 - - [21/Nov/2019:11:40:21 +0000] "GET /karties/1.0.0/lang/all/ HTTP/1.1" - - "https://kartographydev.azurewebsites.net/" "Mozilla/5.0 (Windows NT 10.0; Win64; x64) AppleWebKit/537.36 (KHTML, like Gecko) Chrome/78.0.3904.108 Safari/537.36"
- 195.144.198.44 - - [21/Nov/2019:11:40:21 +0000] "GET /karties/1.0.0/userprofile HTTP/1.1" - - "https://kartographydev.azurewebsites.net/" "Mozilla/5.0 (Windows NT 10.0; Win64; x64) AppleWebKit/537.36 (KHTML, like Gecko) Chrome/78.0.3904.108 Safari/537.36"
- 13.69.228.3 - - [21/Nov/2019:11:40:21 +0000] "GET /api/lang/all/ HTTP/1.1" - - "https://kartographydev.azurewebsites.net/" "Synapse-PT-HttpComponents-NIO"
- 13.69.228.3  - [21/Nov/2019:11:40:21 +0000] "- - " 200 - "-" "-"
- 13.69.228.3 - - [21/Nov/2019:11:40:21 +0000] "GET /api/userprofile HTTP/1.1" - - "https://kartographydev.azurewebsites.net/" "Synapse-PT-HttpComponents-NIO"
- 195.144.198.44 - - [21/Nov/2019:11:40:21 +0000] "GET /karties/1.0.0/lang HTTP/1.1" - - "https://kartographydev.azurewebsites.net/" "Mozilla/5.0 (Windows NT 10.0; Win64; x64) AppleWebKit/537.36 (KHTML, like Gecko) Chrome/78.0.3904.108 Safari/537.36"
- 13.69.228.3 - - [21/Nov/2019:11:40:21 +0000] "GET /api/lang HTTP/1.1" - - "https://kartographydev.azurewebsites.net/" "Synapse-PT-HttpComponents-NIO"
- 195.144.198.44 - - [21/Nov/2019:11:40:21 +0000] "GET /karties/1.0.0/strings/ru HTTP/1.1" - - "https://kartographydev.azurewebsites.net/" "Mozilla/5.0 (Windows NT 10.0; Win64; x64) AppleWebKit/537.36 (KHTML, like Gecko) Chrome/78.0.3904.108 Safari/537.36"
- 195.144.198.44  - [21/Nov/2019:11:40:21 +0000] "- - " 200 - "-" "-"
- 13.69.228.3 - - [21/Nov/2019:11:40:21 +0000] "GET /api/strings/ru HTTP/1.1" - - "https://kartographydev.azurewebsites.net/" "Synapse-PT-HttpComponents-NIO"
- 13.69.228.3  - [21/Nov/2019:11:40:21 +0000] "- - " 200 - "-" "-"
- 195.144.198.44  - [21/Nov/2019:11:40:21 +0000] "- - " 200 - "-" "-"
- 13.69.228.3  - [21/Nov/2019:11:40:21 +0000] "- - " 200 - "-" "-"
- 195.144.198.44  - [21/Nov/2019:11:40:21 +0000] "- - " 200 - "-" "-"
- 195.144.198.44 - - [21/Nov/2019:11:40:21 +0000] "GET /karties/1.0.0/strings/en HTTP/1.1" - - "https://kartographydev.azurewebsites.net/" "Mozilla/5.0 (Windows NT 10.0; Win64; x64) AppleWebKit/537.36 (KHTML, like Gecko) Chrome/78.0.3904.108 Safari/537.36"
- 13.69.228.3  - [21/Nov/2019:11:40:21 +0000] "- - " 200 - "-" "-"
- 13.69.228.3 - - [21/Nov/2019:11:40:21 +0000] "GET /api/strings/en HTTP/1.1" - - "https://kartographydev.azurewebsites.net/" "Synapse-PT-HttpComponents-NIO"
- 195.144.198.44  - [21/Nov/2019:11:40:21 +0000] "- - " 200 - "-" "-"
- 13.69.228.3  - [21/Nov/2019:11:40:24 +0000] "- - " 200 - "-" "-"
- 195.144.198.44  - [21/Nov/2019:11:40:24 +0000] "- - " 200 - "-" "-"
- 13.69.228.3  - [21/Nov/2019:11:40:29 +0000] "- - " 200 - "-" "-"
- 195.144.198.44  - [21/Nov/2019:11:40:29 +0000] "- - " 200 - "-" "-"
- 13.69.228.3  - [21/Nov/2019:11:40:32 +0000] "- - " 200 - "-" "-"
- 195.144.198.44  - [21/Nov/2019:11:40:32 +0000] "- - " 200 - "-" "-"
- 13.69.228.3  - [21/Nov/2019:11:40:32 +0000] "- - " 200 - "-" "-"
- 195.144.198.44  - [21/Nov/2019:11:40:32 +0000] "- - " 200 - "-" "-"
- 13.69.228.3  - [21/Nov/2019:11:40:34 +0000] "- - " 200 - "-" "-"
- 195.144.198.44  - [21/Nov/2019:11:40:34 +0000] "- - " 200 - "-" "-"
- 13.69.228.3  - [21/Nov/2019:11:40:34 +0000] "- - " 200 - "-" "-"
- 195.144.198.44  - [21/Nov/2019:11:40:34 +0000] "- - " 200 - "-" "-"
- 13.69.228.3  - [21/Nov/2019:11:40:35 +0000] "- - " 304 - "-" "-"
- 195.144.198.44  - [21/Nov/2019:11:40:35 +0000] "- - " 304 - "-" "-"
- 13.69.228.3  - [21/Nov/2019:11:40:36 +0000] "- - " 200 - "-" "-"
- 195.144.198.44  - [21/Nov/2019:11:40:35 +0000] "- - " 200 - "-" "-"
- 13.69.228.3  - [21/Nov/2019:11:40:41 +0000] "- - " 304 - "-" "-"
- 195.144.198.44  - [21/Nov/2019:11:40:41 +0000] "- - " 304 - "-" "-"
- 195.144.198.44 - - [21/Nov/2019:11:40:24 +0000] "GET /karties/1.0.0/basic_structure HTTP/1.1" - - "https://kartographydev.azurewebsites.net/" "Mozilla/5.0 (Windows NT 10.0; Win64; x64) AppleWebKit/537.36 (KHTML, like Gecko) Chrome/78.0.3904.108 Safari/537.36"
- 13.69.228.3  - [21/Nov/2019:11:40:41 +0000] "- - " 200 - "-" "-"
- 13.69.228.3 - - [21/Nov/2019:11:40:24 +0000] "GET /api/basic_structure HTTP/1.1" - - "https://kartographydev.azurewebsites.net/" "Synapse-PT-HttpComponents-NIO"
- 195.144.198.44 - - [21/Nov/2019:11:40:32 +0000] "GET /karties/1.0.0/lang/en/ HTTP/1.1" - - "https://kartographydev.azurewebsites.net/departments" "Mozilla/5.0 (Windows NT 10.0; Win64; x64) AppleWebKit/537.36 (KHTML, like Gecko) Chrome/78.0.3904.108 Safari/537.36"
- 13.69.228.3 - - [21/Nov/2019:11:40:32 +0000] "GET /api/lang/en/ HTTP/1.1" - - "https://kartographydev.azurewebsites.net/departments" "Synapse-PT-HttpComponents-NIO"
- 195.144.198.44  - [21/Nov/2019:11:40:41 +0000] "- - " 200 - "-" "-"
- 195.144.198.44 - - [21/Nov/2019:11:40:32 +0000] "GET /karties/1.0.0/basic_structure HTTP/1.1" - - "https://kartographydev.azurewebsites.net/departments" "Mozilla/5.0 (Windows NT 10.0; Win64; x64) AppleWebKit/537.36 (KHTML, like Gecko) Chrome/78.0.3904.108 Safari/537.36"
- 13.69.228.3  - [21/Nov/2019:11:40:46 +0000] "- - " 304 - "-" "-"
- 195.144.198.44  - [21/Nov/2019:11:40:46 +0000] "- - " 304 - "-" "-"
- 13.69.228.3  - [21/Nov/2019:11:40:46 +0000] "- - " 200 - "-" "-"
- 195.144.198.44  - [21/Nov/2019:11:40:46 +0000] "- - " 200 - "-" "-"
- 13.69.228.3 - - [21/Nov/2019:11:40:32 +0000] "GET /api/basic_structure HTTP/1.1" - - "https://kartographydev.azurewebsites.net/departments" "Synapse-PT-HttpComponents-NIO"
- 195.144.198.44 - - [21/Nov/2019:11:40:34 +0000] "GET /karties/1.0.0/lang/ru/ HTTP/1.1" - - "https://kartographydev.azurewebsites.net/departments" "Mozilla/5.0 (Windows NT 10.0; Win64; x64) AppleWebKit/537.36 (KHTML, like Gecko) Chrome/78.0.3904.108 Safari/537.36"
- 13.69.228.3 - - [21/Nov/2019:11:40:34 +0000] "GET /api/lang/ru/ HTTP/1.1" - - "https://kartographydev.azurewebsites.net/departments" "Synapse-PT-HttpComponents-NIO"
- 195.144.198.44 - - [21/Nov/2019:11:40:34 +0000] "GET /karties/1.0.0/basic_structure HTTP/1.1" - - "https://kartographydev.azurewebsites.net/departments" "Mozilla/5.0 (Windows NT 10.0; Win64; x64) AppleWebKit/537.36 (KHTML, like Gecko) Chrome/78.0.3904.108 Safari/537.36"
- 13.69.228.3 - - [21/Nov/2019:11:40:34 +0000] "GET /api/basic_structure HTTP/1.1" - - "https://kartographydev.azurewebsites.net/departments" "Synapse-PT-HttpComponents-NIO"
- 195.144.198.44 - - [21/Nov/2019:11:40:35 +0000] "GET /karties/1.0.0/lang/en/ HTTP/1.1" - - "https://kartographydev.azurewebsites.net/departments" "Mozilla/5.0 (Windows NT 10.0; Win64; x64) AppleWebKit/537.36 (KHTML, like Gecko) Chrome/78.0.3904.108 Safari/537.36"
- 13.69.228.3 - - [21/Nov/2019:11:40:35 +0000] "GET /api/lang/en/ HTTP/1.1" - - "https://kartographydev.azurewebsites.net/departments" "Synapse-PT-HttpComponents-NIO"
- 195.144.198.44 - - [21/Nov/2019:11:40:35 +0000] "GET /karties/1.0.0/basic_structure HTTP/1.1" - - "https://kartographydev.azurewebsites.net/departments" "Mozilla/5.0 (Windows NT 10.0; Win64; x64) AppleWebKit/537.36 (KHTML, like Gecko) Chrome/78.0.3904.108 Safari/537.36"
- 13.69.228.3 - - [21/Nov/2019:11:40:36 +0000] "GET /api/basic_structure HTTP/1.1" - - "https://kartographydev.azurewebsites.net/departments" "Synapse-PT-HttpComponents-NIO"
- 195.144.198.44 - - [21/Nov/2019:11:40:41 +0000] "GET /karties/1.0.0/lang/ru/ HTTP/1.1" - - "https://kartographydev.azurewebsites.net/departments" "Mozilla/5.0 (Windows NT 10.0; Win64; x64) AppleWebKit/537.36 (KHTML, like Gecko) Chrome/78.0.3904.108 Safari/537.36"
- 13.69.228.3 - - [21/Nov/2019:11:40:41 +0000] "GET /api/lang/ru/ HTTP/1.1" - - "https://kartographydev.azurewebsites.net/departments" "Synapse-PT-HttpComponents-NIO"
- 195.144.198.44 - - [21/Nov/2019:11:40:41 +0000] "GET /karties/1.0.0/basic_structure HTTP/1.1" - - "https://kartographydev.azurewebsites.net/departments" "Mozilla/5.0 (Windows NT 10.0; Win64; x64) AppleWebKit/537.36 (KHTML, like Gecko) Chrome/78.0.3904.108 Safari/537.36"
- 13.69.228.3 - - [21/Nov/2019:11:40:41 +0000] "GET /api/basic_structure HTTP/1.1" - - "https://kartographydev.azurewebsites.net/departments" "Synapse-PT-HttpComponents-NIO"
- 195.144.198.44 - - [21/Nov/2019:11:40:46 +0000] "GET /karties/1.0.0/lang/en/ HTTP/1.1" - - "https://kartographydev.azurewebsites.net/departments" "Mozilla/5.0 (Windows NT 10.0; Win64; x64) AppleWebKit/537.36 (KHTML, like Gecko) Chrome/78.0.3904.108 Safari/537.36"
- 13.69.228.3 - - [21/Nov/2019:11:40:46 +0000] "GET /api/lang/en/ HTTP/1.1" - - "https://kartographydev.azurewebsites.net/departments" "Synapse-PT-HttpComponents-NIO"
- 195.144.198.44 - - [21/Nov/2019:11:40:46 +0000] "GET /karties/1.0.0/basic_structure HTTP/1.1" - - "https://kartographydev.azurewebsites.net/departments" "Mozilla/5.0 (Windows NT 10.0; Win64; x64) AppleWebKit/537.36 (KHTML, like Gecko) Chrome/78.0.3904.108 Safari/537.36"
- 13.69.228.3 - - [21/Nov/2019:11:40:46 +0000] "GET /api/basic_structure HTTP/1.1" - - "https://kartographydev.azurewebsites.net/departments" "Synapse-PT-HttpComponents-NIO"
- 195.144.198.44 - - [21/Nov/2019:11:40:55 +0000] "GET /karties/1.0.0/lang/ru/ HTTP/1.1" - - "https://kartographydev.azurewebsites.net/departments" "Mozilla/5.0 (Windows NT 10.0; Win64; x64) AppleWebKit/537.36 (KHTML, like Gecko) Chrome/78.0.3904.108 Safari/537.36"
- 13.69.228.3  - [21/Nov/2019:11:40:55 +0000] "- - " 304 - "-" "-"
- 13.69.228.3 - - [21/Nov/2019:11:40:55 +0000] "GET /api/lang/ru/ HTTP/1.1" - - "https://kartographydev.azurewebsites.net/departments" "Synapse-PT-HttpComponents-NIO"
- 195.144.198.44 - - [21/Nov/2019:11:40:55 +0000] "GET /karties/1.0.0/basic_structure HTTP/1.1" - - "https://kartographydev.azurewebsites.net/departments" "Mozilla/5.0 (Windows NT 10.0; Win64; x64) AppleWebKit/537.36 (KHTML, like Gecko) Chrome/78.0.3904.108 Safari/537.36"
- 13.69.228.3 - - [21/Nov/2019:11:40:55 +0000] "GET /api/basic_structure HTTP/1.1" - - "https://kartographydev.azurewebsites.net/departments" "Synapse-PT-HttpComponents-NIO"
- 195.144.198.44 - - [21/Nov/2019:11:41:05 +0000] "GET /karties/1.0.0/lang/en/ HTTP/1.1" - - "https://kartographydev.azurewebsites.net/departments" "Mozilla/5.0 (Windows NT 10.0; Win64; x64) AppleWebKit/537.36 (KHTML, like Gecko) Chrome/78.0.3904.108 Safari/537.36"
- 195.144.198.44  - [21/Nov/2019:11:40:55 +0000] "- - " 304 - "-" "-"
- 13.69.228.3 - - [21/Nov/2019:11:41:05 +0000] "GET /api/lang/en/ HTTP/1.1" - - "https://kartographydev.azurewebsites.net/departments" "Synapse-PT-HttpComponents-NIO"
- 195.144.198.44 - - [21/Nov/2019:11:41:05 +0000] "GET /karties/1.0.0/basic_structure HTTP/1.1" - - "https://kartographydev.azurewebsites.net/departments" "Mozilla/5.0 (Windows NT 10.0; Win64; x64) AppleWebKit/537.36 (KHTML, like Gecko) Chrome/78.0.3904.108 Safari/537.36"
- 13.69.228.3 - - [21/Nov/2019:11:41:05 +0000] "GET /api/basic_structure HTTP/1.1" - - "https://kartographydev.azurewebsites.net/departments" "Synapse-PT-HttpComponents-NIO"
- 13.69.228.3  - [21/Nov/2019:11:40:55 +0000] "- - " 200 - "-" "-"
- 195.144.198.44 - - [21/Nov/2019:11:41:07 +0000] "GET /karties/1.0.0/lang/ru/ HTTP/1.1" - - "https://kartographydev.azurewebsites.net/departments" "Mozilla/5.0 (Windows NT 10.0; Win64; x64) AppleWebKit/537.36 (KHTML, like Gecko) Chrome/78.0.3904.108 Safari/537.36"
- 13.69.228.3 - - [21/Nov/2019:11:41:07 +0000] "GET /api/lang/ru/ HTTP/1.1" - - "https://kartographydev.azurewebsites.net/departments" "Synapse-PT-HttpComponents-NIO"
- 195.144.198.44 - - [21/Nov/2019:11:41:07 +0000] "GET /karties/1.0.0/basic_structure HTTP/1.1" - - "https://kartographydev.azurewebsites.net/departments" "Mozilla/5.0 (Windows NT 10.0; Win64; x64) AppleWebKit/537.36 (KHTML, like Gecko) Chrome/78.0.3904.108 Safari/537.36"
- 195.144.198.44  - [21/Nov/2019:11:40:55 +0000] "- - " 200 - "-" "-"
- 13.69.228.3 - - [21/Nov/2019:11:41:07 +0000] "GET /api/basic_structure HTTP/1.1" - - "https://kartographydev.azurewebsites.net/departments" "Synapse-PT-HttpComponents-NIO"
- 13.69.228.3  - [21/Nov/2019:11:41:05 +0000] "- - " 304 - "-" "-"
- 195.144.198.44  - [21/Nov/2019:11:41:05 +0000] "- - " 304 - "-" "-"
- 13.69.228.3  - [21/Nov/2019:11:41:05 +0000] "- - " 200 - "-" "-"
- 195.144.198.44  - [21/Nov/2019:11:41:05 +0000] "- - " 200 - "-" "-"
- 13.69.228.3  - [21/Nov/2019:11:41:07 +0000] "- - " 304 - "-" "-"
- 195.144.198.44  - [21/Nov/2019:11:41:07 +0000] "- - " 304 - "-" "-"
- 13.69.228.3  - [21/Nov/2019:11:41:07 +0000] "- - " 200 - "-" "-"
- 195.144.198.44  - [21/Nov/2019:11:41:07 +0000] "- - " 200 - "-" "-"
- 195.144.198.44 - - [21/Nov/2019:11:43:39 +0000] "GET /karties/1.0.0/lang/en/ HTTP/1.1" - - "https://kartographydev.azurewebsites.net/domains" "Mozilla/5.0 (Windows NT 10.0; Win64; x64) AppleWebKit/537.36 (KHTML, like Gecko) Chrome/78.0.3904.108 Safari/537.36"
- 13.69.228.3 - - [21/Nov/2019:11:43:39 +0000] "GET /api/lang/en/ HTTP/1.1" - - "https://kartographydev.azurewebsites.net/domains" "Synapse-PT-HttpComponents-NIO"
- 13.69.228.3  - [21/Nov/2019:11:43:41 +0000] "- - " 304 - "-" "-"
- 195.144.198.44 - - [21/Nov/2019:11:43:41 +0000] "GET /karties/1.0.0/basic_structure HTTP/1.1" - - "https://kartographydev.azurewebsites.net/domains" "Mozilla/5.0 (Windows NT 10.0; Win64; x64) AppleWebKit/537.36 (KHTML, like Gecko) Chrome/78.0.3904.108 Safari/537.36"
- 13.69.228.3 - - [21/Nov/2019:11:43:41 +0000] "GET /api/basic_structure HTTP/1.1" - - "https://kartographydev.azurewebsites.net/domains" "Synapse-PT-HttpComponents-NIO"
- 195.144.198.44 - - [21/Nov/2019:11:43:41 +0000] "GET /karties/1.0.0/lang/ru/ HTTP/1.1" - - "https://kartographydev.azurewebsites.net/domains" "Mozilla/5.0 (Windows NT 10.0; Win64; x64) AppleWebKit/537.36 (KHTML, like Gecko) Chrome/78.0.3904.108 Safari/537.36"
- 13.69.228.3 - - [21/Nov/2019:11:43:42 +0000] "GET /api/lang/ru/ HTTP/1.1" - - "https://kartographydev.azurewebsites.net/domains" "Synapse-PT-HttpComponents-NIO"
- 195.144.198.44 - - [21/Nov/2019:11:43:45 +0000] "GET /karties/1.0.0/basic_structure HTTP/1.1" - - "https://kartographydev.azurewebsites.net/domains" "Mozilla/5.0 (Windows NT 10.0; Win64; x64) AppleWebKit/537.36 (KHTML, like Gecko) Chrome/78.0.3904.108 Safari/537.36"
- 13.69.228.3 - - [21/Nov/2019:11:43:45 +0000] "GET /api/basic_structure HTTP/1.1" - - "https://kartographydev.azurewebsites.net/domains" "Synapse-PT-HttpComponents-NIO"
- 195.144.198.44  - [21/Nov/2019:11:43:41 +0000] "- - " 304 - "-" "-"
- 13.69.228.3  - [21/Nov/2019:11:43:42 +0000] "- - " 304 - "-" "-"
- 195.144.198.44  - [21/Nov/2019:11:43:42 +0000] "- - " 304 - "-" "-"
- 13.69.228.3  - [21/Nov/2019:11:43:45 +0000] "- - " 200 - "-" "-"
- 195.144.198.44  - [21/Nov/2019:11:43:45 +0000] "- - " 200 - "-" "-"
- 13.69.228.3  - [21/Nov/2019:11:43:45 +0000] "- - " 304 - "-" "-"
- 195.144.198.44  - [21/Nov/2019:11:43:45 +0000] "- - " 304 - "-" "-"
- 195.144.198.44 - - [21/Nov/2019:11:45:13 +0000] "GET /karties/1.0.0/appl/2023 HTTP/1.1" - - "https://kartographydev.azurewebsites.net/apps/2023" "Mozilla/5.0 (Windows NT 10.0; Win64; x64) AppleWebKit/537.36 (KHTML, like Gecko) Chrome/78.0.3904.108 Safari/537.36"
- 13.69.68.11  - [21/Nov/2019:11:45:15 +0000] "- - " 200 - "-" "-"
- 13.69.68.11 - - [21/Nov/2019:11:45:13 +0000] "GET /api/appl/2023 HTTP/1.1" - - "https://kartographydev.azurewebsites.net/apps/2023" "Synapse-PT-HttpComponents-NIO"
- 195.144.199.77 - - [21/Nov/2019:11:45:17 +0000] "GET /karties/1.0.0/lang/all/ HTTP/1.1" - - "https://kartographydev.azurewebsites.net/" "Mozilla/5.0 (Windows NT 6.1; rv:68.0) Gecko/20100101 Firefox/68.0"
- 195.144.198.44  - [21/Nov/2019:11:45:15 +0000] "- - " 200 - "-" "-"
- 13.69.68.11 - - [21/Nov/2019:11:45:17 +0000] "GET /api/lang/all/ HTTP/1.1" - - "https://kartographydev.azurewebsites.net/" "Synapse-PT-HttpComponents-NIO"
- 195.144.199.77 - - [21/Nov/2019:11:45:17 +0000] "GET /karties/1.0.0/userprofile HTTP/1.1" - - "https://kartographydev.azurewebsites.net/" "Mozilla/5.0 (Windows NT 6.1; rv:68.0) Gecko/20100101 Firefox/68.0"
- 13.69.68.11  - [21/Nov/2019:11:45:17 +0000] "- - " 200 - "-" "-"
- 13.69.68.11 - - [21/Nov/2019:11:45:17 +0000] "GET /api/userprofile HTTP/1.1" - - "https://kartographydev.azurewebsites.net/" "Synapse-PT-HttpComponents-NIO"
- 195.144.199.77 - - [21/Nov/2019:11:45:17 +0000] "GET /karties/1.0.0/lang HTTP/1.1" - - "https://kartographydev.azurewebsites.net/" "Mozilla/5.0 (Windows NT 6.1; rv:68.0) Gecko/20100101 Firefox/68.0"
- 13.69.68.11 - - [21/Nov/2019:11:45:17 +0000] "GET /api/lang HTTP/1.1" - - "https://kartographydev.azurewebsites.net/" "Synapse-PT-HttpComponents-NIO"
- 195.144.199.77 - - [21/Nov/2019:11:45:17 +0000] "GET /karties/1.0.0/strings/ru HTTP/1.1" - - "https://kartographydev.azurewebsites.net/" "Mozilla/5.0 (Windows NT 6.1; rv:68.0) Gecko/20100101 Firefox/68.0"
- 195.144.199.77  - [21/Nov/2019:11:45:17 +0000] "- - " 200 - "-" "-"
- 195.144.199.77 - - [21/Nov/2019:11:45:17 +0000] "GET /karties/1.0.0/strings/en HTTP/1.1" - - "https://kartographydev.azurewebsites.net/" "Mozilla/5.0 (Windows NT 6.1; rv:68.0) Gecko/20100101 Firefox/68.0"
- 13.69.68.11 - - [21/Nov/2019:11:45:17 +0000] "GET /api/strings/en HTTP/1.1" - - "https://kartographydev.azurewebsites.net/" "Synapse-PT-HttpComponents-NIO"
- 13.69.68.11 - - [21/Nov/2019:11:45:17 +0000] "GET /api/strings/ru HTTP/1.1" - - "https://kartographydev.azurewebsites.net/" "Synapse-PT-HttpComponents-NIO"
- 13.69.68.11  - [21/Nov/2019:11:45:17 +0000] "- - " 304 - "-" "-"
- 195.144.199.77  - [21/Nov/2019:11:45:17 +0000] "- - " 304 - "-" "-"
- 13.69.68.11  - [21/Nov/2019:11:45:17 +0000] "- - " 200 - "-" "-"
- 195.144.199.77  - [21/Nov/2019:11:45:17 +0000] "- - " 200 - "-" "-"
- 13.69.68.11  - [21/Nov/2019:11:45:17 +0000] "- - " 200 - "-" "-"
- 195.144.199.77  - [21/Nov/2019:11:45:17 +0000] "- - " 200 - "-" "-"
- 13.69.68.11  - [21/Nov/2019:11:45:17 +0000] "- - " 200 - "-" "-"
- 195.144.199.77  - [21/Nov/2019:11:45:17 +0000] "- - " 200 - "-" "-"
- 195.144.198.44 - - [21/Nov/2019:11:45:25 +0000] "GET /karties/1.0.0/appl/2023 HTTP/1.1" - - "https://kartographydev.azurewebsites.net/apps/2023/edit" "Mozilla/5.0 (Windows NT 10.0; Win64; x64) AppleWebKit/537.36 (KHTML, like Gecko) Chrome/78.0.3904.108 Safari/537.36"
- 13.69.68.11 - - [21/Nov/2019:11:45:25 +0000] "GET /api/appl/2023 HTTP/1.1" - - "https://kartographydev.azurewebsites.net/apps/2023/edit" "Synapse-PT-HttpComponents-NIO"
- 195.144.198.44 - - [21/Nov/2019:11:45:27 +0000] "GET /karties/1.0.0/appl/2023 HTTP/1.1" - - "https://kartographydev.azurewebsites.net/apps/2023" "Mozilla/5.0 (Windows NT 10.0; Win64; x64) AppleWebKit/537.36 (KHTML, like Gecko) Chrome/78.0.3904.108 Safari/537.36"
- 13.69.68.11 - - [21/Nov/2019:11:45:27 +0000] "GET /api/appl/2023 HTTP/1.1" - - "https://kartographydev.azurewebsites.net/apps/2023" "Synapse-PT-HttpComponents-NIO"
- 195.144.199.76 - - [21/Nov/2019:11:45:37 +0000] "GET /karties/1.0.0/lang/all/ HTTP/1.1" - - "http://localhost:4200/apps/2023" "Mozilla/5.0 (Windows NT 6.1; rv:68.0) Gecko/20100101 Firefox/68.0"
- 13.69.68.11 - - [21/Nov/2019:11:45:37 +0000] "GET /api/lang/all/ HTTP/1.1" - - "http://localhost:4200/apps/2023" "Synapse-PT-HttpComponents-NIO"
- 195.144.199.76 - - [21/Nov/2019:11:45:37 +0000] "GET /karties/1.0.0/userprofile HTTP/1.1" - - "http://localhost:4200/apps/2023" "Mozilla/5.0 (Windows NT 6.1; rv:68.0) Gecko/20100101 Firefox/68.0"
- 13.69.68.11 - - [21/Nov/2019:11:45:37 +0000] "GET /api/userprofile HTTP/1.1" - - "http://localhost:4200/apps/2023" "Synapse-PT-HttpComponents-NIO"
- 195.144.199.76 - - [21/Nov/2019:11:45:37 +0000] "GET /karties/1.0.0/lang HTTP/1.1" - - "http://localhost:4200/apps/2023" "Mozilla/5.0 (Windows NT 6.1; rv:68.0) Gecko/20100101 Firefox/68.0"
- 13.69.68.11 - - [21/Nov/2019:11:45:37 +0000] "GET /api/lang HTTP/1.1" - - "http://localhost:4200/apps/2023" "Synapse-PT-HttpComponents-NIO"
- 195.144.199.76 - - [21/Nov/2019:11:45:37 +0000] "GET /karties/1.0.0/strings/ru HTTP/1.1" - - "http://localhost:4200/apps/2023" "Mozilla/5.0 (Windows NT 6.1; rv:68.0) Gecko/20100101 Firefox/68.0"
- 13.69.68.11 - - [21/Nov/2019:11:45:37 +0000] "GET /api/strings/ru HTTP/1.1" - - "http://localhost:4200/apps/2023" "Synapse-PT-HttpComponents-NIO"
- 195.144.199.76 - - [21/Nov/2019:11:45:37 +0000] "GET /karties/1.0.0/strings/en HTTP/1.1" - - "http://localhost:4200/apps/2023" "Mozilla/5.0 (Windows NT 6.1; rv:68.0) Gecko/20100101 Firefox/68.0"
- 13.69.68.11 - - [21/Nov/2019:11:45:37 +0000] "GET /api/strings/en HTTP/1.1" - - "http://localhost:4200/apps/2023" "Synapse-PT-HttpComponents-NIO"
- 13.69.68.11  - [21/Nov/2019:11:45:25 +0000] "- - " 304 - "-" "-"
- 195.144.198.44  - [21/Nov/2019:11:45:25 +0000] "- - " 304 - "-" "-"
- 13.69.68.11  - [21/Nov/2019:11:45:27 +0000] "- - " 304 - "-" "-"
- 195.144.198.44  - [21/Nov/2019:11:45:27 +0000] "- - " 304 - "-" "-"
- 13.69.68.11  - [21/Nov/2019:11:45:37 +0000] "- - " 200 - "-" "-"
- 195.144.199.76  - [21/Nov/2019:11:45:37 +0000] "- - " 200 - "-" "-"
- 13.69.68.11  - [21/Nov/2019:11:45:37 +0000] "- - " 200 - "-" "-"
- 195.144.199.76  - [21/Nov/2019:11:45:37 +0000] "- - " 200 - "-" "-"
- 13.69.68.11  - [21/Nov/2019:11:45:37 +0000] "- - " 200 - "-" "-"
- 195.144.199.76  - [21/Nov/2019:11:45:37 +0000] "- - " 200 - "-" "-"
- 13.69.68.11  - [21/Nov/2019:11:45:37 +0000] "- - " 200 - "-" "-"
- 195.144.199.76  - [21/Nov/2019:11:45:37 +0000] "- - " 200 - "-" "-"
- 13.69.68.11  - [21/Nov/2019:11:45:38 +0000] "- - " 200 - "-" "-"
- 195.144.199.76  - [21/Nov/2019:11:45:38 +0000] "- - " 200 - "-" "-"
- 195.144.198.44 - - [21/Nov/2019:11:46:18 +0000] "GET /karties/1.0.0/lang/all/ HTTP/1.1" - - "https://kartographydev.azurewebsites.net/" "Mozilla/5.0 (Windows NT 10.0; Win64; x64) AppleWebKit/537.36 (KHTML, like Gecko) Chrome/78.0.3904.108 Safari/537.36"
- 195.144.198.44 - - [21/Nov/2019:11:46:18 +0000] "GET /karties/1.0.0/userprofile HTTP/1.1" - - "https://kartographydev.azurewebsites.net/" "Mozilla/5.0 (Windows NT 10.0; Win64; x64) AppleWebKit/537.36 (KHTML, like Gecko) Chrome/78.0.3904.108 Safari/537.36"
- 13.69.68.11 - - [21/Nov/2019:11:46:18 +0000] "GET /api/lang/all/ HTTP/1.1" - - "https://kartographydev.azurewebsites.net/" "Synapse-PT-HttpComponents-NIO"
- 13.69.68.11 - - [21/Nov/2019:11:46:18 +0000] "GET /api/userprofile HTTP/1.1" - - "https://kartographydev.azurewebsites.net/" "Synapse-PT-HttpComponents-NIO"
- 195.144.198.44 - - [21/Nov/2019:11:46:18 +0000] "GET /karties/1.0.0/basic_structure HTTP/1.1" - - "https://kartographydev.azurewebsites.net/" "Mozilla/5.0 (Windows NT 10.0; Win64; x64) AppleWebKit/537.36 (KHTML, like Gecko) Chrome/78.0.3904.108 Safari/537.36"
- 13.69.68.11 - - [21/Nov/2019:11:46:18 +0000] "GET /api/basic_structure HTTP/1.1" - - "https://kartographydev.azurewebsites.net/" "Synapse-PT-HttpComponents-NIO"
- 195.144.198.44 - - [21/Nov/2019:11:46:19 +0000] "GET /karties/1.0.0/lang HTTP/1.1" - - "https://kartographydev.azurewebsites.net/" "Mozilla/5.0 (Windows NT 10.0; Win64; x64) AppleWebKit/537.36 (KHTML, like Gecko) Chrome/78.0.3904.108 Safari/537.36"
- 13.69.68.11 - - [21/Nov/2019:11:46:19 +0000] "GET /api/lang HTTP/1.1" - - "https://kartographydev.azurewebsites.net/" "Synapse-PT-HttpComponents-NIO"
- 195.144.198.44 - - [21/Nov/2019:11:46:19 +0000] "GET /karties/1.0.0/strings/ru HTTP/1.1" - - "https://kartographydev.azurewebsites.net/" "Mozilla/5.0 (Windows NT 10.0; Win64; x64) AppleWebKit/537.36 (KHTML, like Gecko) Chrome/78.0.3904.108 Safari/537.36"
- 13.69.68.11 - - [21/Nov/2019:11:46:19 +0000] "GET /api/strings/ru HTTP/1.1" - - "https://kartographydev.azurewebsites.net/" "Synapse-PT-HttpComponents-NIO"
- 195.144.198.44 - - [21/Nov/2019:11:46:20 +0000] "GET /karties/1.0.0/strings/en HTTP/1.1" - - "https://kartographydev.azurewebsites.net/" "Mozilla/5.0 (Windows NT 10.0; Win64; x64) AppleWebKit/537.36 (KHTML, like Gecko) Chrome/78.0.3904.108 Safari/537.36"
- 13.69.68.11 - - [21/Nov/2019:11:46:19 +0000] "GET /api/strings/en HTTP/1.1" - - "https://kartographydev.azurewebsites.net/" "Synapse-PT-HttpComponents-NIO"
- 13.69.68.11  - [21/Nov/2019:11:46:18 +0000] "- - " 304 - "-" "-"
- 195.144.198.44  - [21/Nov/2019:11:46:18 +0000] "- - " 304 - "-" "-"
- 13.69.68.11  - [21/Nov/2019:11:46:18 +0000] "- - " 304 - "-" "-"
- 195.144.198.44  - [21/Nov/2019:11:46:18 +0000] "- - " 304 - "-" "-"
- 13.69.68.11  - [21/Nov/2019:11:46:19 +0000] "- - " 304 - "-" "-"
- 195.144.198.44  - [21/Nov/2019:11:46:19 +0000] "- - " 304 - "-" "-"
- 13.69.68.11  - [21/Nov/2019:11:46:19 +0000] "- - " 200 - "-" "-"
- 195.144.198.44  - [21/Nov/2019:11:46:19 +0000] "- - " 200 - "-" "-"
- 13.69.68.11  - [21/Nov/2019:11:46:19 +0000] "- - " 200 - "-" "-"
- 195.144.198.44  - [21/Nov/2019:11:46:20 +0000] "- - " 200 - "-" "-"
- 13.69.68.11  - [21/Nov/2019:11:46:20 +0000] "- - " 200 - "-" "-"
- 195.144.198.44  - [21/Nov/2019:11:46:19 +0000] "- - " 200 - "-" "-"
- 195.144.198.44 - - [21/Nov/2019:11:46:26 +0000] "GET /karties/1.0.0/lang/en/ HTTP/1.1" - - "https://kartographydev.azurewebsites.net/departments" "Mozilla/5.0 (Windows NT 10.0; Win64; x64) AppleWebKit/537.36 (KHTML, like Gecko) Chrome/78.0.3904.108 Safari/537.36"
- 13.69.68.11 - - [21/Nov/2019:11:46:26 +0000] "GET /api/lang/en/ HTTP/1.1" - - "https://kartographydev.azurewebsites.net/departments" "Synapse-PT-HttpComponents-NIO"
- 195.144.198.44 - - [21/Nov/2019:11:46:26 +0000] "GET /karties/1.0.0/basic_structure HTTP/1.1" - - "https://kartographydev.azurewebsites.net/departments" "Mozilla/5.0 (Windows NT 10.0; Win64; x64) AppleWebKit/537.36 (KHTML, like Gecko) Chrome/78.0.3904.108 Safari/537.36"
- 13.69.68.11 - - [21/Nov/2019:11:46:26 +0000] "GET /api/basic_structure HTTP/1.1" - - "https://kartographydev.azurewebsites.net/departments" "Synapse-PT-HttpComponents-NIO"
- 195.144.198.44 - - [21/Nov/2019:11:46:27 +0000] "GET /karties/1.0.0/lang/ru/ HTTP/1.1" - - "https://kartographydev.azurewebsites.net/departments" "Mozilla/5.0 (Windows NT 10.0; Win64; x64) AppleWebKit/537.36 (KHTML, like Gecko) Chrome/78.0.3904.108 Safari/537.36"
- 13.69.68.11 - - [21/Nov/2019:11:46:27 +0000] "GET /api/lang/ru/ HTTP/1.1" - - "https://kartographydev.azurewebsites.net/departments" "Synapse-PT-HttpComponents-NIO"
- 195.144.198.44 - - [21/Nov/2019:11:46:27 +0000] "GET /karties/1.0.0/basic_structure HTTP/1.1" - - "https://kartographydev.azurewebsites.net/departments" "Mozilla/5.0 (Windows NT 10.0; Win64; x64) AppleWebKit/537.36 (KHTML, like Gecko) Chrome/78.0.3904.108 Safari/537.36"
- 13.69.68.11 - - [21/Nov/2019:11:46:27 +0000] "GET /api/basic_structure HTTP/1.1" - - "https://kartographydev.azurewebsites.net/departments" "Synapse-PT-HttpComponents-NIO"
- 195.144.199.76 - - [21/Nov/2019:11:46:39 +0000] "GET /karties/1.0.0/lang/all/ HTTP/1.1" - - "http://localhost:4200/" "Mozilla/5.0 (Windows NT 10.0; Win64; x64) AppleWebKit/537.36 (KHTML, like Gecko) Chrome/78.0.3904.97 Safari/537.36"
- 13.69.68.11 - - [21/Nov/2019:11:46:39 +0000] "GET /api/lang/all/ HTTP/1.1" - - "http://localhost:4200/" "Synapse-PT-HttpComponents-NIO"
- 195.144.199.76 - - [21/Nov/2019:11:46:39 +0000] "GET /karties/1.0.0/userprofile HTTP/1.1" - - "http://localhost:4200/" "Mozilla/5.0 (Windows NT 10.0; Win64; x64) AppleWebKit/537.36 (KHTML, like Gecko) Chrome/78.0.3904.97 Safari/537.36"
- 13.69.68.11 - - [21/Nov/2019:11:46:40 +0000] "GET /api/userprofile HTTP/1.1" - - "http://localhost:4200/" "Synapse-PT-HttpComponents-NIO"
- 195.144.199.76 - - [21/Nov/2019:11:46:39 +0000] "GET /karties/1.0.0/lang HTTP/1.1" - - "http://localhost:4200/" "Mozilla/5.0 (Windows NT 10.0; Win64; x64) AppleWebKit/537.36 (KHTML, like Gecko) Chrome/78.0.3904.97 Safari/537.36"
- 13.69.68.11 - - [21/Nov/2019:11:46:39 +0000] "GET /api/lang HTTP/1.1" - - "http://localhost:4200/" "Synapse-PT-HttpComponents-NIO"
- 195.144.199.76 - - [21/Nov/2019:11:46:41 +0000] "GET /karties/1.0.0/strings/ru HTTP/1.1" - - "http://localhost:4200/" "Mozilla/5.0 (Windows NT 10.0; Win64; x64) AppleWebKit/537.36 (KHTML, like Gecko) Chrome/78.0.3904.97 Safari/537.36"
- 13.69.68.11 - - [21/Nov/2019:11:46:41 +0000] "GET /api/strings/ru HTTP/1.1" - - "http://localhost:4200/" "Synapse-PT-HttpComponents-NIO"
- 195.144.199.76 - - [21/Nov/2019:11:46:41 +0000] "GET /karties/1.0.0/strings/en HTTP/1.1" - - "http://localhost:4200/" "Mozilla/5.0 (Windows NT 10.0; Win64; x64) AppleWebKit/537.36 (KHTML, like Gecko) Chrome/78.0.3904.97 Safari/537.36"
- 13.69.68.11 - - [21/Nov/2019:11:46:41 +0000] "GET /api/strings/en HTTP/1.1" - - "http://localhost:4200/" "Synapse-PT-HttpComponents-NIO"
- 195.144.199.76 - - [21/Nov/2019:11:46:41 +0000] "GET /karties/1.0.0/basic_structure HTTP/1.1" - - "http://localhost:4200/" "Mozilla/5.0 (Windows NT 10.0; Win64; x64) AppleWebKit/537.36 (KHTML, like Gecko) Chrome/78.0.3904.97 Safari/537.36"
- 13.69.68.11 - - [21/Nov/2019:11:46:41 +0000] "GET /api/basic_structure HTTP/1.1" - - "http://localhost:4200/" "Synapse-PT-HttpComponents-NIO"
- 195.144.199.76 - - [21/Nov/2019:11:46:41 +0000] "GET /karties/1.0.0/basic_structure HTTP/1.1" - - "http://localhost:4200/" "Mozilla/5.0 (Windows NT 10.0; Win64; x64) AppleWebKit/537.36 (KHTML, like Gecko) Chrome/78.0.3904.97 Safari/537.36"
- 13.69.68.11 - - [21/Nov/2019:11:46:41 +0000] "GET /api/basic_structure HTTP/1.1" - - "http://localhost:4200/" "Synapse-PT-HttpComponents-NIO"
- 195.144.199.76 - - [21/Nov/2019:11:46:50 +0000] "GET /karties/1.0.0/appl/2093 HTTP/1.1" - - "http://localhost:4200/departments/18/app/2093" "Mozilla/5.0 (Windows NT 10.0; Win64; x64) AppleWebKit/537.36 (KHTML, like Gecko) Chrome/78.0.3904.97 Safari/537.36"
- 13.69.68.11 - - [21/Nov/2019:11:46:50 +0000] "GET /api/appl/2093 HTTP/1.1" - - "http://localhost:4200/departments/18/app/2093" "Synapse-PT-HttpComponents-NIO"
- 13.69.68.11  - [21/Nov/2019:11:46:26 +0000] "- - " 304 - "-" "-"
- 195.144.198.44  - [21/Nov/2019:11:46:26 +0000] "- - " 304 - "-" "-"
- 13.69.68.11  - [21/Nov/2019:11:46:26 +0000] "- - " 200 - "-" "-"
- 195.144.198.44  - [21/Nov/2019:11:46:26 +0000] "- - " 200 - "-" "-"
- 13.69.68.11  - [21/Nov/2019:11:46:27 +0000] "- - " 304 - "-" "-"
- 195.144.198.44  - [21/Nov/2019:11:46:27 +0000] "- - " 304 - "-" "-"
- 13.69.68.11  - [21/Nov/2019:11:46:27 +0000] "- - " 200 - "-" "-"
- 195.144.198.44  - [21/Nov/2019:11:46:27 +0000] "- - " 200 - "-" "-"
- 13.69.68.11  - [21/Nov/2019:11:46:39 +0000] "- - " 304 - "-" "-"
- 195.144.199.76  - [21/Nov/2019:11:46:39 +0000] "- - " 304 - "-" "-"
- 13.69.68.11  - [21/Nov/2019:11:46:39 +0000] "- - " 304 - "-" "-"
- 195.144.199.76  - [21/Nov/2019:11:46:39 +0000] "- - " 304 - "-" "-"
- 13.69.68.11  - [21/Nov/2019:11:46:41 +0000] "- - " 200 - "-" "-"
- 195.144.199.76  - [21/Nov/2019:11:46:41 +0000] "- - " 200 - "-" "-"
- 13.69.68.11  - [21/Nov/2019:11:46:41 +0000] "- - " 200 - "-" "-"
- 195.144.199.76  - [21/Nov/2019:11:46:41 +0000] "- - " 200 - "-" "-"
- 13.69.68.11  - [21/Nov/2019:11:46:41 +0000] "- - " 304 - "-" "-"
- 195.144.199.76  - [21/Nov/2019:11:46:41 +0000] "- - " 304 - "-" "-"
- 13.69.68.11  - [21/Nov/2019:11:46:41 +0000] "- - " 200 - "-" "-"
- 195.144.199.76  - [21/Nov/2019:11:46:41 +0000] "- - " 200 - "-" "-"
- 13.69.68.11  - [21/Nov/2019:11:46:41 +0000] "- - " 304 - "-" "-"
- 195.144.199.76  - [21/Nov/2019:11:46:41 +0000] "- - " 304 - "-" "-"
- 13.69.68.11  - [21/Nov/2019:11:46:50 +0000] "- - " 200 - "-" "-"
- 195.144.199.76  - [21/Nov/2019:11:46:50 +0000] "- - " 200 - "-" "-"
- 195.144.199.76 - - [21/Nov/2019:11:47:05 +0000] "GET /karties/1.0.0/lang/all/ HTTP/1.1" - - "http://localhost:4200/" "Mozilla/5.0 (Windows NT 10.0; Win64; x64) AppleWebKit/537.36 (KHTML, like Gecko) Chrome/78.0.3904.97 Safari/537.36"
- 13.69.68.11 - - [21/Nov/2019:11:47:05 +0000] "GET /api/lang/all/ HTTP/1.1" - - "http://localhost:4200/" "Synapse-PT-HttpComponents-NIO"
- 195.144.199.76 - - [21/Nov/2019:11:47:05 +0000] "GET /karties/1.0.0/userprofile HTTP/1.1" - - "http://localhost:4200/" "Mozilla/5.0 (Windows NT 10.0; Win64; x64) AppleWebKit/537.36 (KHTML, like Gecko) Chrome/78.0.3904.97 Safari/537.36"
- 13.69.68.11 - - [21/Nov/2019:11:47:05 +0000] "GET /api/userprofile HTTP/1.1" - - "http://localhost:4200/" "Synapse-PT-HttpComponents-NIO"
- 195.144.199.76 - - [21/Nov/2019:11:47:05 +0000] "GET /karties/1.0.0/lang HTTP/1.1" - - "http://localhost:4200/" "Mozilla/5.0 (Windows NT 10.0; Win64; x64) AppleWebKit/537.36 (KHTML, like Gecko) Chrome/78.0.3904.97 Safari/537.36"
- 13.69.68.11 - - [21/Nov/2019:11:47:05 +0000] "GET /api/lang HTTP/1.1" - - "http://localhost:4200/" "Synapse-PT-HttpComponents-NIO"
- 195.144.199.76 - - [21/Nov/2019:11:47:05 +0000] "GET /karties/1.0.0/basic_structure HTTP/1.1" - - "http://localhost:4200/" "Mozilla/5.0 (Windows NT 10.0; Win64; x64) AppleWebKit/537.36 (KHTML, like Gecko) Chrome/78.0.3904.97 Safari/537.36"
- 13.69.68.11 - - [21/Nov/2019:11:47:05 +0000] "GET /api/basic_structure HTTP/1.1" - - "http://localhost:4200/" "Synapse-PT-HttpComponents-NIO"
- 195.144.199.76 - - [21/Nov/2019:11:47:06 +0000] "GET /karties/1.0.0/strings/ru HTTP/1.1" - - "http://localhost:4200/" "Mozilla/5.0 (Windows NT 10.0; Win64; x64) AppleWebKit/537.36 (KHTML, like Gecko) Chrome/78.0.3904.97 Safari/537.36"
- 13.69.68.11 - - [21/Nov/2019:11:47:06 +0000] "GET /api/strings/ru HTTP/1.1" - - "http://localhost:4200/" "Synapse-PT-HttpComponents-NIO"
- 195.144.199.76 - - [21/Nov/2019:11:47:06 +0000] "GET /karties/1.0.0/strings/en HTTP/1.1" - - "http://localhost:4200/" "Mozilla/5.0 (Windows NT 10.0; Win64; x64) AppleWebKit/537.36 (KHTML, like Gecko) Chrome/78.0.3904.97 Safari/537.36"
- 13.69.68.11 - - [21/Nov/2019:11:47:07 +0000] "GET /api/strings/en HTTP/1.1" - - "http://localhost:4200/" "Synapse-PT-HttpComponents-NIO"
- 195.144.199.76 - - [21/Nov/2019:11:47:06 +0000] "GET /karties/1.0.0/basic_structure HTTP/1.1" - - "http://localhost:4200/" "Mozilla/5.0 (Windows NT 10.0; Win64; x64) AppleWebKit/537.36 (KHTML, like Gecko) Chrome/78.0.3904.97 Safari/537.36"
- 13.69.68.11 - - [21/Nov/2019:11:47:06 +0000] "GET /api/basic_structure HTTP/1.1" - - "http://localhost:4200/" "Synapse-PT-HttpComponents-NIO"
- 13.69.68.11  - [21/Nov/2019:11:47:05 +0000] "- - " 304 - "-" "-"
- 195.144.199.76  - [21/Nov/2019:11:47:05 +0000] "- - " 304 - "-" "-"
- 13.69.68.11  - [21/Nov/2019:11:47:05 +0000] "- - " 304 - "-" "-"
- 195.144.199.76  - [21/Nov/2019:11:47:05 +0000] "- - " 304 - "-" "-"
- 13.69.68.11  - [21/Nov/2019:11:47:05 +0000] "- - " 304 - "-" "-"
- 195.144.199.76  - [21/Nov/2019:11:47:05 +0000] "- - " 304 - "-" "-"
- 13.69.68.11  - [21/Nov/2019:11:47:06 +0000] "- - " 304 - "-" "-"
- 195.144.199.76  - [21/Nov/2019:11:47:06 +0000] "- - " 304 - "-" "-"
- 13.69.68.11  - [21/Nov/2019:11:47:07 +0000] "- - " 304 - "-" "-"
- 195.144.199.76  - [21/Nov/2019:11:47:06 +0000] "- - " 304 - "-" "-"
- 13.69.68.11  - [21/Nov/2019:11:47:07 +0000] "- - " 304 - "-" "-"
- 195.144.199.76  - [21/Nov/2019:11:47:06 +0000] "- - " 304 - "-" "-"
- 13.69.68.11  - [21/Nov/2019:11:47:06 +0000] "- - " 304 - "-" "-"
- 195.144.199.76  - [21/Nov/2019:11:47:06 +0000] "- - " 304 - "-" "-"
- 195.144.198.44 - - [21/Nov/2019:11:47:38 +0000] "GET /karties/1.0.0/lang/en/ HTTP/1.1" - - "https://kartographydev.azurewebsites.net/domains" "Mozilla/5.0 (Windows NT 10.0; Win64; x64) AppleWebKit/537.36 (KHTML, like Gecko) Chrome/78.0.3904.108 Safari/537.36"
- 13.69.68.11 - - [21/Nov/2019:11:47:38 +0000] "GET /api/lang/en/ HTTP/1.1" - - "https://kartographydev.azurewebsites.net/domains" "Synapse-PT-HttpComponents-NIO"
- 195.144.198.44 - - [21/Nov/2019:11:47:38 +0000] "GET /karties/1.0.0/basic_structure HTTP/1.1" - - "https://kartographydev.azurewebsites.net/domains" "Mozilla/5.0 (Windows NT 10.0; Win64; x64) AppleWebKit/537.36 (KHTML, like Gecko) Chrome/78.0.3904.108 Safari/537.36"
