- 31.13.144.116 - - [21/Nov/2019:10:29:37 +0000] "GET /karties/1.0.0/basic_structure HTTP/1.1" - - "https://kartographydev.azurewebsites.net/departments" "Mozilla/5.0 (Windows NT 10.0; Win64; x64) AppleWebKit/537.36 (KHTML, like Gecko) Chrome/78.0.3904.108 Safari/537.36"
- 13.69.228.3 - - [21/Nov/2019:10:29:37 +0000] "GET /api/basic_structure HTTP/1.1" - - "https://kartographydev.azurewebsites.net/departments" "Synapse-PT-HttpComponents-NIO"
- 31.13.144.116 - - [21/Nov/2019:10:29:38 +0000] "GET /karties/1.0.0/lang/ru/ HTTP/1.1" - - "https://kartographydev.azurewebsites.net/departments" "Mozilla/5.0 (Windows NT 10.0; Win64; x64) AppleWebKit/537.36 (KHTML, like Gecko) Chrome/78.0.3904.108 Safari/537.36"
- 13.69.228.3 - - [21/Nov/2019:10:29:38 +0000] "GET /api/lang/ru/ HTTP/1.1" - - "https://kartographydev.azurewebsites.net/departments" "Synapse-PT-HttpComponents-NIO"
- 31.13.144.116 - - [21/Nov/2019:10:29:38 +0000] "GET /karties/1.0.0/basic_structure HTTP/1.1" - - "https://kartographydev.azurewebsites.net/departments" "Mozilla/5.0 (Windows NT 10.0; Win64; x64) AppleWebKit/537.36 (KHTML, like Gecko) Chrome/78.0.3904.108 Safari/537.36"
- 13.69.228.3 - - [21/Nov/2019:10:29:38 +0000] "GET /api/basic_structure HTTP/1.1" - - "https://kartographydev.azurewebsites.net/departments" "Synapse-PT-HttpComponents-NIO"
- 31.13.144.116 - - [21/Nov/2019:10:29:40 +0000] "GET /karties/1.0.0/lang/en/ HTTP/1.1" - - "https://kartographydev.azurewebsites.net/departments" "Mozilla/5.0 (Windows NT 10.0; Win64; x64) AppleWebKit/537.36 (KHTML, like Gecko) Chrome/78.0.3904.108 Safari/537.36"
- 13.69.228.3 - - [21/Nov/2019:10:29:40 +0000] "GET /api/lang/en/ HTTP/1.1" - - "https://kartographydev.azurewebsites.net/departments" "Synapse-PT-HttpComponents-NIO"
- 31.13.144.116 - - [21/Nov/2019:10:29:40 +0000] "GET /karties/1.0.0/basic_structure HTTP/1.1" - - "https://kartographydev.azurewebsites.net/departments" "Mozilla/5.0 (Windows NT 10.0; Win64; x64) AppleWebKit/537.36 (KHTML, like Gecko) Chrome/78.0.3904.108 Safari/537.36"
- 13.69.228.3 - - [21/Nov/2019:10:29:40 +0000] "GET /api/basic_structure HTTP/1.1" - - "https://kartographydev.azurewebsites.net/departments" "Synapse-PT-HttpComponents-NIO"
- 13.69.228.3  - [21/Nov/2019:10:29:17 +0000] "- - " 200 - "-" "-"
- 31.13.144.116  - [21/Nov/2019:10:29:17 +0000] "- - " 200 - "-" "-"
- 13.69.228.3  - [21/Nov/2019:10:29:17 +0000] "- - " 200 - "-" "-"
- 31.13.144.116  - [21/Nov/2019:10:29:17 +0000] "- - " 200 - "-" "-"
- 13.69.228.3  - [21/Nov/2019:10:29:25 +0000] "- - " 200 - "-" "-"
- 31.13.144.116  - [21/Nov/2019:10:29:25 +0000] "- - " 200 - "-" "-"
- 13.69.228.3  - [21/Nov/2019:10:29:27 +0000] "- - " 200 - "-" "-"
- 31.13.144.116  - [21/Nov/2019:10:29:27 +0000] "- - " 200 - "-" "-"
- 13.69.228.3  - [21/Nov/2019:10:29:32 +0000] "- - " 200 - "-" "-"
- 31.13.144.116  - [21/Nov/2019:10:29:32 +0000] "- - " 200 - "-" "-"
- 13.69.228.3  - [21/Nov/2019:10:29:37 +0000] "- - " 200 - "-" "-"
- 31.13.144.116  - [21/Nov/2019:10:29:37 +0000] "- - " 200 - "-" "-"
- 13.69.228.3  - [21/Nov/2019:10:29:37 +0000] "- - " 304 - "-" "-"
- 31.13.144.116  - [21/Nov/2019:10:29:37 +0000] "- - " 304 - "-" "-"
- 13.69.228.3  - [21/Nov/2019:10:29:38 +0000] "- - " 200 - "-" "-"
- 31.13.144.116  - [21/Nov/2019:10:29:38 +0000] "- - " 200 - "-" "-"
- 13.69.228.3  - [21/Nov/2019:10:29:38 +0000] "- - " 304 - "-" "-"
- 31.13.144.116  - [21/Nov/2019:10:29:38 +0000] "- - " 304 - "-" "-"
- 13.69.228.3  - [21/Nov/2019:10:29:40 +0000] "- - " 304 - "-" "-"
- 31.13.144.116  - [21/Nov/2019:10:29:40 +0000] "- - " 304 - "-" "-"
- 13.69.228.3  - [21/Nov/2019:10:29:40 +0000] "- - " 304 - "-" "-"
- 31.13.144.116  - [21/Nov/2019:10:29:40 +0000] "- - " 304 - "-" "-"
- 31.13.144.116 - - [21/Nov/2019:10:29:45 +0000] "GET /karties/1.0.0/lang/ru/ HTTP/1.1" - - "https://kartographydev.azurewebsites.net/departments" "Mozilla/5.0 (Windows NT 10.0; Win64; x64) AppleWebKit/537.36 (KHTML, like Gecko) Chrome/78.0.3904.108 Safari/537.36"
- 13.69.228.3 - - [21/Nov/2019:10:29:45 +0000] "GET /api/lang/ru/ HTTP/1.1" - - "https://kartographydev.azurewebsites.net/departments" "Synapse-PT-HttpComponents-NIO"
- 31.13.144.116 - - [21/Nov/2019:10:29:45 +0000] "GET /karties/1.0.0/basic_structure HTTP/1.1" - - "https://kartographydev.azurewebsites.net/departments" "Mozilla/5.0 (Windows NT 10.0; Win64; x64) AppleWebKit/537.36 (KHTML, like Gecko) Chrome/78.0.3904.108 Safari/537.36"
- 13.69.228.3 - - [21/Nov/2019:10:29:45 +0000] "GET /api/basic_structure HTTP/1.1" - - "https://kartographydev.azurewebsites.net/departments" "Synapse-PT-HttpComponents-NIO"
- 31.13.144.116 - - [21/Nov/2019:10:29:58 +0000] "GET /karties/1.0.0/lang/en/ HTTP/1.1" - - "https://kartographydev.azurewebsites.net/" "Mozilla/5.0 (Windows NT 10.0; Win64; x64) AppleWebKit/537.36 (KHTML, like Gecko) Chrome/78.0.3904.108 Safari/537.36"
- 13.69.228.3 - - [21/Nov/2019:10:29:58 +0000] "GET /api/lang/en/ HTTP/1.1" - - "https://kartographydev.azurewebsites.net/" "Synapse-PT-HttpComponents-NIO"
- 31.13.144.116 - - [21/Nov/2019:10:29:59 +0000] "GET /karties/1.0.0/basic_structure HTTP/1.1" - - "https://kartographydev.azurewebsites.net/" "Mozilla/5.0 (Windows NT 10.0; Win64; x64) AppleWebKit/537.36 (KHTML, like Gecko) Chrome/78.0.3904.108 Safari/537.36"
- 13.69.228.3 - - [21/Nov/2019:10:29:59 +0000] "GET /api/basic_structure HTTP/1.1" - - "https://kartographydev.azurewebsites.net/" "Synapse-PT-HttpComponents-NIO"
- 31.13.144.116 - - [21/Nov/2019:10:30:00 +0000] "GET /karties/1.0.0/lang/ru/ HTTP/1.1" - - "https://kartographydev.azurewebsites.net/" "Mozilla/5.0 (Windows NT 10.0; Win64; x64) AppleWebKit/537.36 (KHTML, like Gecko) Chrome/78.0.3904.108 Safari/537.36"
- 13.69.228.3 - - [21/Nov/2019:10:30:00 +0000] "GET /api/lang/ru/ HTTP/1.1" - - "https://kartographydev.azurewebsites.net/" "Synapse-PT-HttpComponents-NIO"
- 31.13.144.116 - - [21/Nov/2019:10:30:02 +0000] "GET /karties/1.0.0/lang/en/ HTTP/1.1" - - "https://kartographydev.azurewebsites.net/" "Mozilla/5.0 (Windows NT 10.0; Win64; x64) AppleWebKit/537.36 (KHTML, like Gecko) Chrome/78.0.3904.108 Safari/537.36"
- 13.69.228.3 - - [21/Nov/2019:10:30:02 +0000] "GET /api/lang/en/ HTTP/1.1" - - "https://kartographydev.azurewebsites.net/" "Synapse-PT-HttpComponents-NIO"
- 31.13.144.116 - - [21/Nov/2019:10:30:02 +0000] "GET /karties/1.0.0/basic_structure HTTP/1.1" - - "https://kartographydev.azurewebsites.net/" "Mozilla/5.0 (Windows NT 10.0; Win64; x64) AppleWebKit/537.36 (KHTML, like Gecko) Chrome/78.0.3904.108 Safari/537.36"
- 13.69.228.3 - - [21/Nov/2019:10:30:02 +0000] "GET /api/basic_structure HTTP/1.1" - - "https://kartographydev.azurewebsites.net/" "Synapse-PT-HttpComponents-NIO"
- 31.13.144.116 - - [21/Nov/2019:10:30:02 +0000] "GET /karties/1.0.0/basic_structure HTTP/1.1" - - "https://kartographydev.azurewebsites.net/" "Mozilla/5.0 (Windows NT 10.0; Win64; x64) AppleWebKit/537.36 (KHTML, like Gecko) Chrome/78.0.3904.108 Safari/537.36"
- 13.69.228.3 - - [21/Nov/2019:10:30:02 +0000] "GET /api/basic_structure HTTP/1.1" - - "https://kartographydev.azurewebsites.net/" "Synapse-PT-HttpComponents-NIO"
- 31.13.144.116 - - [21/Nov/2019:10:30:02 +0000] "GET /karties/1.0.0/lang/ru/ HTTP/1.1" - - "https://kartographydev.azurewebsites.net/" "Mozilla/5.0 (Windows NT 10.0; Win64; x64) AppleWebKit/537.36 (KHTML, like Gecko) Chrome/78.0.3904.108 Safari/537.36"
- 13.69.228.3 - - [21/Nov/2019:10:30:03 +0000] "GET /api/lang/ru/ HTTP/1.1" - - "https://kartographydev.azurewebsites.net/" "Synapse-PT-HttpComponents-NIO"
- 31.13.144.116 - - [21/Nov/2019:10:30:03 +0000] "GET /karties/1.0.0/basic_structure HTTP/1.1" - - "https://kartographydev.azurewebsites.net/" "Mozilla/5.0 (Windows NT 10.0; Win64; x64) AppleWebKit/537.36 (KHTML, like Gecko) Chrome/78.0.3904.108 Safari/537.36"
- 13.69.228.3 - - [21/Nov/2019:10:30:03 +0000] "GET /api/basic_structure HTTP/1.1" - - "https://kartographydev.azurewebsites.net/" "Synapse-PT-HttpComponents-NIO"
- 31.13.144.116 - - [21/Nov/2019:10:30:05 +0000] "GET /karties/1.0.0/lang/en/ HTTP/1.1" - - "https://kartographydev.azurewebsites.net/departments" "Mozilla/5.0 (Windows NT 10.0; Win64; x64) AppleWebKit/537.36 (KHTML, like Gecko) Chrome/78.0.3904.108 Safari/537.36"
- 13.69.228.3 - - [21/Nov/2019:10:30:05 +0000] "GET /api/lang/en/ HTTP/1.1" - - "https://kartographydev.azurewebsites.net/departments" "Synapse-PT-HttpComponents-NIO"
- 31.13.144.116 - - [21/Nov/2019:10:30:05 +0000] "GET /karties/1.0.0/basic_structure HTTP/1.1" - - "https://kartographydev.azurewebsites.net/departments" "Mozilla/5.0 (Windows NT 10.0; Win64; x64) AppleWebKit/537.36 (KHTML, like Gecko) Chrome/78.0.3904.108 Safari/537.36"
- 13.69.228.3 - - [21/Nov/2019:10:30:05 +0000] "GET /api/basic_structure HTTP/1.1" - - "https://kartographydev.azurewebsites.net/departments" "Synapse-PT-HttpComponents-NIO"
- 31.13.144.116 - - [21/Nov/2019:10:30:10 +0000] "GET /karties/1.0.0/lang/ru/ HTTP/1.1" - - "https://kartographydev.azurewebsites.net/departments" "Mozilla/5.0 (Windows NT 10.0; Win64; x64) AppleWebKit/537.36 (KHTML, like Gecko) Chrome/78.0.3904.108 Safari/537.36"
- 13.69.228.3 - - [21/Nov/2019:10:30:10 +0000] "GET /api/lang/ru/ HTTP/1.1" - - "https://kartographydev.azurewebsites.net/departments" "Synapse-PT-HttpComponents-NIO"
- 31.13.144.116 - - [21/Nov/2019:10:30:10 +0000] "GET /karties/1.0.0/basic_structure HTTP/1.1" - - "https://kartographydev.azurewebsites.net/departments" "Mozilla/5.0 (Windows NT 10.0; Win64; x64) AppleWebKit/537.36 (KHTML, like Gecko) Chrome/78.0.3904.108 Safari/537.36"
- 13.69.228.3 - - [21/Nov/2019:10:30:10 +0000] "GET /api/basic_structure HTTP/1.1" - - "https://kartographydev.azurewebsites.net/departments" "Synapse-PT-HttpComponents-NIO"
- 13.69.228.3  - [21/Nov/2019:10:29:45 +0000] "- - " 304 - "-" "-"
- 31.13.144.116  - [21/Nov/2019:10:29:45 +0000] "- - " 304 - "-" "-"
- 13.69.228.3  - [21/Nov/2019:10:29:45 +0000] "- - " 304 - "-" "-"
- 31.13.144.116  - [21/Nov/2019:10:29:45 +0000] "- - " 304 - "-" "-"
- 13.69.228.3  - [21/Nov/2019:10:29:59 +0000] "- - " 304 - "-" "-"
- 31.13.144.116  - [21/Nov/2019:10:29:59 +0000] "- - " 304 - "-" "-"
- 13.69.228.3  - [21/Nov/2019:10:30:00 +0000] "- - " 304 - "-" "-"
- 31.13.144.116  - [21/Nov/2019:10:30:00 +0000] "- - " 304 - "-" "-"
- 13.69.228.3  - [21/Nov/2019:10:30:02 +0000] "- - " 304 - "-" "-"
- 31.13.144.116  - [21/Nov/2019:10:30:02 +0000] "- - " 304 - "-" "-"
- 13.69.228.3  - [21/Nov/2019:10:30:02 +0000] "- - " 304 - "-" "-"
- 31.13.144.116  - [21/Nov/2019:10:30:02 +0000] "- - " 304 - "-" "-"
- 13.69.228.3  - [21/Nov/2019:10:30:02 +0000] "- - " 304 - "-" "-"
- 31.13.144.116  - [21/Nov/2019:10:30:02 +0000] "- - " 304 - "-" "-"
- 13.69.228.3  - [21/Nov/2019:10:30:02 +0000] "- - " 304 - "-" "-"
- 31.13.144.116  - [21/Nov/2019:10:30:02 +0000] "- - " 304 - "-" "-"
- 13.69.228.3  - [21/Nov/2019:10:30:03 +0000] "- - " 304 - "-" "-"
- 31.13.144.116  - [21/Nov/2019:10:30:02 +0000] "- - " 304 - "-" "-"
- 13.69.228.3  - [21/Nov/2019:10:30:03 +0000] "- - " 304 - "-" "-"
- 31.13.144.116  - [21/Nov/2019:10:30:03 +0000] "- - " 304 - "-" "-"
- 13.69.228.3  - [21/Nov/2019:10:30:05 +0000] "- - " 304 - "-" "-"
- 31.13.144.116  - [21/Nov/2019:10:30:05 +0000] "- - " 304 - "-" "-"
- 13.69.228.3  - [21/Nov/2019:10:30:05 +0000] "- - " 304 - "-" "-"
- 31.13.144.116  - [21/Nov/2019:10:30:05 +0000] "- - " 304 - "-" "-"
- 13.69.228.3  - [21/Nov/2019:10:30:10 +0000] "- - " 304 - "-" "-"
- 31.13.144.116  - [21/Nov/2019:10:30:10 +0000] "- - " 304 - "-" "-"
- 13.69.228.3  - [21/Nov/2019:10:30:10 +0000] "- - " 304 - "-" "-"
- 31.13.144.116  - [21/Nov/2019:10:30:10 +0000] "- - " 304 - "-" "-"
- 13.69.228.3  - [21/Nov/2019:10:35:44 +0000] "- - " 200 - "-" "-"
- 31.13.144.116 - - [21/Nov/2019:10:35:42 +0000] "GET /karties/1.0.0/userprofile HTTP/1.1" - - "https://kartographydev.azurewebsites.net/" "Mozilla/5.0 (Windows NT 10.0; Win64; x64) AppleWebKit/537.36 (KHTML, like Gecko) Chrome/78.0.3904.108 Safari/537.36"
- 31.13.144.116 - - [21/Nov/2019:10:35:42 +0000] "GET /karties/1.0.0/lang/all/ HTTP/1.1" - - "https://kartographydev.azurewebsites.net/" "Mozilla/5.0 (Windows NT 10.0; Win64; x64) AppleWebKit/537.36 (KHTML, like Gecko) Chrome/78.0.3904.108 Safari/537.36"
- 13.69.228.3 - - [21/Nov/2019:10:35:42 +0000] "GET /api/userprofile HTTP/1.1" - - "https://kartographydev.azurewebsites.net/" "Synapse-PT-HttpComponents-NIO"
- 13.69.228.3 - - [21/Nov/2019:10:35:42 +0000] "GET /api/lang/all/ HTTP/1.1" - - "https://kartographydev.azurewebsites.net/" "Synapse-PT-HttpComponents-NIO"
- 31.13.144.116 - - [21/Nov/2019:10:35:44 +0000] "GET /karties/1.0.0/basic_structure HTTP/1.1" - - "https://kartographydev.azurewebsites.net/" "Mozilla/5.0 (Windows NT 10.0; Win64; x64) AppleWebKit/537.36 (KHTML, like Gecko) Chrome/78.0.3904.108 Safari/537.36"
- 13.69.228.3 - - [21/Nov/2019:10:35:44 +0000] "GET /api/basic_structure HTTP/1.1" - - "https://kartographydev.azurewebsites.net/" "Synapse-PT-HttpComponents-NIO"
- 31.13.144.116 - - [21/Nov/2019:10:35:44 +0000] "GET /karties/1.0.0/lang HTTP/1.1" - - "https://kartographydev.azurewebsites.net/" "Mozilla/5.0 (Windows NT 10.0; Win64; x64) AppleWebKit/537.36 (KHTML, like Gecko) Chrome/78.0.3904.108 Safari/537.36"
- 13.69.228.3 - - [21/Nov/2019:10:35:44 +0000] "GET /api/lang HTTP/1.1" - - "https://kartographydev.azurewebsites.net/" "Synapse-PT-HttpComponents-NIO"
- 31.13.144.116 - - [21/Nov/2019:10:35:44 +0000] "GET /karties/1.0.0/strings/ru HTTP/1.1" - - "https://kartographydev.azurewebsites.net/" "Mozilla/5.0 (Windows NT 10.0; Win64; x64) AppleWebKit/537.36 (KHTML, like Gecko) Chrome/78.0.3904.108 Safari/537.36"
- 13.69.228.3 - - [21/Nov/2019:10:35:44 +0000] "GET /api/strings/ru HTTP/1.1" - - "https://kartographydev.azurewebsites.net/" "Synapse-PT-HttpComponents-NIO"
- 31.13.144.116 - - [21/Nov/2019:10:35:44 +0000] "GET /karties/1.0.0/strings/en HTTP/1.1" - - "https://kartographydev.azurewebsites.net/" "Mozilla/5.0 (Windows NT 10.0; Win64; x64) AppleWebKit/537.36 (KHTML, like Gecko) Chrome/78.0.3904.108 Safari/537.36"
- 13.69.228.3 - - [21/Nov/2019:10:35:44 +0000] "GET /api/strings/en HTTP/1.1" - - "https://kartographydev.azurewebsites.net/" "Synapse-PT-HttpComponents-NIO"
- 31.13.144.116  - [21/Nov/2019:10:35:44 +0000] "- - " 200 - "-" "-"
- 13.69.228.3  - [21/Nov/2019:10:35:44 +0000] "- - " 304 - "-" "-"
- 31.13.144.116  - [21/Nov/2019:10:35:44 +0000] "- - " 304 - "-" "-"
- 13.69.228.3  - [21/Nov/2019:10:35:44 +0000] "- - " 304 - "-" "-"
- 31.13.144.116  - [21/Nov/2019:10:35:44 +0000] "- - " 304 - "-" "-"
- 13.69.228.3  - [21/Nov/2019:10:35:44 +0000] "- - " 304 - "-" "-"
- 31.13.144.116  - [21/Nov/2019:10:35:44 +0000] "- - " 304 - "-" "-"
- 13.69.228.3  - [21/Nov/2019:10:35:44 +0000] "- - " 304 - "-" "-"
- 31.13.144.116  - [21/Nov/2019:10:35:44 +0000] "- - " 304 - "-" "-"
- 31.13.144.116 - - [21/Nov/2019:10:35:48 +0000] "GET /karties/1.0.0/lang/en/ HTTP/1.1" - - "https://kartographydev.azurewebsites.net/departments" "Mozilla/5.0 (Windows NT 10.0; Win64; x64) AppleWebKit/537.36 (KHTML, like Gecko) Chrome/78.0.3904.108 Safari/537.36"
- 13.69.228.3  - [21/Nov/2019:10:35:47 +0000] "- - " 304 - "-" "-"
- 13.69.228.3 - - [21/Nov/2019:10:35:48 +0000] "GET /api/lang/en/ HTTP/1.1" - - "https://kartographydev.azurewebsites.net/departments" "Synapse-PT-HttpComponents-NIO"
- 31.13.144.116 - - [21/Nov/2019:10:35:48 +0000] "GET /karties/1.0.0/basic_structure HTTP/1.1" - - "https://kartographydev.azurewebsites.net/departments" "Mozilla/5.0 (Windows NT 10.0; Win64; x64) AppleWebKit/537.36 (KHTML, like Gecko) Chrome/78.0.3904.108 Safari/537.36"
- 13.69.228.3 - - [21/Nov/2019:10:35:49 +0000] "GET /api/basic_structure HTTP/1.1" - - "https://kartographydev.azurewebsites.net/departments" "Synapse-PT-HttpComponents-NIO"
- 31.13.144.116  - [21/Nov/2019:10:35:47 +0000] "- - " 304 - "-" "-"
- 31.13.144.116 - - [21/Nov/2019:10:36:01 +0000] "GET /karties/1.0.0/lang/all/ HTTP/1.1" - - "https://kartographydev.azurewebsites.net/" "Mozilla/5.0 (Windows NT 10.0; Win64; x64) AppleWebKit/537.36 (KHTML, like Gecko) Chrome/78.0.3904.108 Safari/537.36"
- 13.69.228.3 - - [21/Nov/2019:10:36:01 +0000] "GET /api/lang/all/ HTTP/1.1" - - "https://kartographydev.azurewebsites.net/" "Synapse-PT-HttpComponents-NIO"
- 31.13.144.116 - - [21/Nov/2019:10:36:01 +0000] "GET /karties/1.0.0/userprofile HTTP/1.1" - - "https://kartographydev.azurewebsites.net/" "Mozilla/5.0 (Windows NT 10.0; Win64; x64) AppleWebKit/537.36 (KHTML, like Gecko) Chrome/78.0.3904.108 Safari/537.36"
- 13.69.228.3  - [21/Nov/2019:10:35:48 +0000] "- - " 304 - "-" "-"
- 13.69.228.3 - - [21/Nov/2019:10:36:01 +0000] "GET /api/userprofile HTTP/1.1" - - "https://kartographydev.azurewebsites.net/" "Synapse-PT-HttpComponents-NIO"
- 31.13.144.116 - - [21/Nov/2019:10:36:02 +0000] "GET /karties/1.0.0/basic_structure HTTP/1.1" - - "https://kartographydev.azurewebsites.net/" "Mozilla/5.0 (Windows NT 10.0; Win64; x64) AppleWebKit/537.36 (KHTML, like Gecko) Chrome/78.0.3904.108 Safari/537.36"
- 13.69.228.3 - - [21/Nov/2019:10:36:02 +0000] "GET /api/basic_structure HTTP/1.1" - - "https://kartographydev.azurewebsites.net/" "Synapse-PT-HttpComponents-NIO"
- 31.13.144.116  - [21/Nov/2019:10:35:48 +0000] "- - " 304 - "-" "-"
- 31.13.144.116 - - [21/Nov/2019:10:36:02 +0000] "GET /karties/1.0.0/lang HTTP/1.1" - - "https://kartographydev.azurewebsites.net/" "Mozilla/5.0 (Windows NT 10.0; Win64; x64) AppleWebKit/537.36 (KHTML, like Gecko) Chrome/78.0.3904.108 Safari/537.36"
- 13.69.228.3 - - [21/Nov/2019:10:36:02 +0000] "GET /api/lang HTTP/1.1" - - "https://kartographydev.azurewebsites.net/" "Synapse-PT-HttpComponents-NIO"
- 13.69.228.3  - [21/Nov/2019:10:35:49 +0000] "- - " 200 - "-" "-"
- 31.13.144.116 - - [21/Nov/2019:10:36:02 +0000] "GET /karties/1.0.0/strings/ru HTTP/1.1" - - "https://kartographydev.azurewebsites.net/" "Mozilla/5.0 (Windows NT 10.0; Win64; x64) AppleWebKit/537.36 (KHTML, like Gecko) Chrome/78.0.3904.108 Safari/537.36"
- 13.69.228.3 - - [21/Nov/2019:10:36:02 +0000] "GET /api/strings/ru HTTP/1.1" - - "https://kartographydev.azurewebsites.net/" "Synapse-PT-HttpComponents-NIO"
- 31.13.144.116 - - [21/Nov/2019:10:36:02 +0000] "GET /karties/1.0.0/strings/en HTTP/1.1" - - "https://kartographydev.azurewebsites.net/" "Mozilla/5.0 (Windows NT 10.0; Win64; x64) AppleWebKit/537.36 (KHTML, like Gecko) Chrome/78.0.3904.108 Safari/537.36"
- 31.13.144.116  - [21/Nov/2019:10:35:48 +0000] "- - " 200 - "-" "-"
- 13.69.228.3 - - [21/Nov/2019:10:36:02 +0000] "GET /api/strings/en HTTP/1.1" - - "https://kartographydev.azurewebsites.net/" "Synapse-PT-HttpComponents-NIO"
- 13.69.228.3  - [21/Nov/2019:10:36:02 +0000] "- - " 304 - "-" "-"
- 31.13.144.116  - [21/Nov/2019:10:36:02 +0000] "- - " 304 - "-" "-"
- 13.69.228.3  - [21/Nov/2019:10:36:02 +0000] "- - " 304 - "-" "-"
- 31.13.144.116  - [21/Nov/2019:10:36:02 +0000] "- - " 304 - "-" "-"
- 13.69.228.3  - [21/Nov/2019:10:36:02 +0000] "- - " 200 - "-" "-"
- 31.13.144.116  - [21/Nov/2019:10:36:02 +0000] "- - " 200 - "-" "-"
- 13.69.228.3  - [21/Nov/2019:10:36:02 +0000] "- - " 304 - "-" "-"
- 31.13.144.116  - [21/Nov/2019:10:36:02 +0000] "- - " 304 - "-" "-"
- 13.69.228.3  - [21/Nov/2019:10:36:02 +0000] "- - " 304 - "-" "-"
- 31.13.144.116  - [21/Nov/2019:10:36:02 +0000] "- - " 304 - "-" "-"
- 13.69.228.3  - [21/Nov/2019:10:36:04 +0000] "- - " 304 - "-" "-"
- 31.13.144.116  - [21/Nov/2019:10:36:04 +0000] "- - " 304 - "-" "-"
- 31.13.144.116 - - [21/Nov/2019:10:36:20 +0000] "GET /karties/1.0.0/lang/all/ HTTP/1.1" - - "https://kartographydev.azurewebsites.net/departments" "Mozilla/5.0 (Windows NT 10.0; Win64; x64) AppleWebKit/537.36 (KHTML, like Gecko) Chrome/78.0.3904.108 Safari/537.36"
- 13.69.228.3  - [21/Nov/2019:10:36:21 +0000] "- - " 304 - "-" "-"
- 31.13.144.116 - - [21/Nov/2019:10:36:20 +0000] "GET /karties/1.0.0/userprofile HTTP/1.1" - - "https://kartographydev.azurewebsites.net/departments" "Mozilla/5.0 (Windows NT 10.0; Win64; x64) AppleWebKit/537.36 (KHTML, like Gecko) Chrome/78.0.3904.108 Safari/537.36"
- 13.69.228.3 - - [21/Nov/2019:10:36:20 +0000] "GET /api/lang/all/ HTTP/1.1" - - "https://kartographydev.azurewebsites.net/departments" "Synapse-PT-HttpComponents-NIO"
- 13.69.228.3 - - [21/Nov/2019:10:36:20 +0000] "GET /api/userprofile HTTP/1.1" - - "https://kartographydev.azurewebsites.net/departments" "Synapse-PT-HttpComponents-NIO"
- 31.13.144.116  - [21/Nov/2019:10:36:21 +0000] "- - " 304 - "-" "-"
- 31.13.144.116 - - [21/Nov/2019:10:36:21 +0000] "GET /karties/1.0.0/basic_structure HTTP/1.1" - - "https://kartographydev.azurewebsites.net/departments" "Mozilla/5.0 (Windows NT 10.0; Win64; x64) AppleWebKit/537.36 (KHTML, like Gecko) Chrome/78.0.3904.108 Safari/537.36"
- 13.69.228.3 - - [21/Nov/2019:10:36:21 +0000] "GET /api/basic_structure HTTP/1.1" - - "https://kartographydev.azurewebsites.net/departments" "Synapse-PT-HttpComponents-NIO"
- 31.13.144.116 - - [21/Nov/2019:10:36:21 +0000] "GET /karties/1.0.0/lang HTTP/1.1" - - "https://kartographydev.azurewebsites.net/departments" "Mozilla/5.0 (Windows NT 10.0; Win64; x64) AppleWebKit/537.36 (KHTML, like Gecko) Chrome/78.0.3904.108 Safari/537.36"
- 13.69.228.3  - [21/Nov/2019:10:36:21 +0000] "- - " 304 - "-" "-"
- 13.69.228.3 - - [21/Nov/2019:10:36:21 +0000] "GET /api/lang HTTP/1.1" - - "https://kartographydev.azurewebsites.net/departments" "Synapse-PT-HttpComponents-NIO"
- 31.13.144.116 - - [21/Nov/2019:10:36:21 +0000] "GET /karties/1.0.0/strings/ru HTTP/1.1" - - "https://kartographydev.azurewebsites.net/departments" "Mozilla/5.0 (Windows NT 10.0; Win64; x64) AppleWebKit/537.36 (KHTML, like Gecko) Chrome/78.0.3904.108 Safari/537.36"
- 13.69.228.3 - - [21/Nov/2019:10:36:21 +0000] "GET /api/strings/ru HTTP/1.1" - - "https://kartographydev.azurewebsites.net/departments" "Synapse-PT-HttpComponents-NIO"
- 31.13.144.116  - [21/Nov/2019:10:36:21 +0000] "- - " 304 - "-" "-"
- 31.13.144.116 - - [21/Nov/2019:10:36:21 +0000] "GET /karties/1.0.0/strings/en HTTP/1.1" - - "https://kartographydev.azurewebsites.net/departments" "Mozilla/5.0 (Windows NT 10.0; Win64; x64) AppleWebKit/537.36 (KHTML, like Gecko) Chrome/78.0.3904.108 Safari/537.36"
- 13.69.228.3 - - [21/Nov/2019:10:36:21 +0000] "GET /api/strings/en HTTP/1.1" - - "https://kartographydev.azurewebsites.net/departments" "Synapse-PT-HttpComponents-NIO"
- 13.69.228.3  - [21/Nov/2019:10:36:21 +0000] "- - " 304 - "-" "-"
- 31.13.144.116 - - [21/Nov/2019:10:36:35 +0000] "GET /karties/1.0.0/lang/ru/ HTTP/1.1" - - "https://kartographydev.azurewebsites.net/departments" "Mozilla/5.0 (Windows NT 10.0; Win64; x64) AppleWebKit/537.36 (KHTML, like Gecko) Chrome/78.0.3904.108 Safari/537.36"
- 31.13.144.116  - [21/Nov/2019:10:36:21 +0000] "- - " 304 - "-" "-"
- 13.69.228.3 - - [21/Nov/2019:10:36:35 +0000] "GET /api/lang/ru/ HTTP/1.1" - - "https://kartographydev.azurewebsites.net/departments" "Synapse-PT-HttpComponents-NIO"
- 31.13.144.116 - - [21/Nov/2019:10:36:37 +0000] "GET /karties/1.0.0/basic_structure HTTP/1.1" - - "https://kartographydev.azurewebsites.net/departments" "Mozilla/5.0 (Windows NT 10.0; Win64; x64) AppleWebKit/537.36 (KHTML, like Gecko) Chrome/78.0.3904.108 Safari/537.36"
- 13.69.228.3 - - [21/Nov/2019:10:36:37 +0000] "GET /api/basic_structure HTTP/1.1" - - "https://kartographydev.azurewebsites.net/departments" "Synapse-PT-HttpComponents-NIO"
- 31.13.144.116 - - [21/Nov/2019:10:36:45 +0000] "GET /karties/1.0.0/lang/en/ HTTP/1.1" - - "https://kartographydev.azurewebsites.net/departments" "Mozilla/5.0 (Windows NT 10.0; Win64; x64) AppleWebKit/537.36 (KHTML, like Gecko) Chrome/78.0.3904.108 Safari/537.36"
- 13.69.228.3  - [21/Nov/2019:10:36:21 +0000] "- - " 304 - "-" "-"
- 13.69.228.3 - - [21/Nov/2019:10:36:45 +0000] "GET /api/lang/en/ HTTP/1.1" - - "https://kartographydev.azurewebsites.net/departments" "Synapse-PT-HttpComponents-NIO"
- 31.13.144.116 - - [21/Nov/2019:10:36:45 +0000] "GET /karties/1.0.0/basic_structure HTTP/1.1" - - "https://kartographydev.azurewebsites.net/departments" "Mozilla/5.0 (Windows NT 10.0; Win64; x64) AppleWebKit/537.36 (KHTML, like Gecko) Chrome/78.0.3904.108 Safari/537.36"
- 13.69.228.3 - - [21/Nov/2019:10:36:45 +0000] "GET /api/basic_structure HTTP/1.1" - - "https://kartographydev.azurewebsites.net/departments" "Synapse-PT-HttpComponents-NIO"
- 31.13.144.116  - [21/Nov/2019:10:36:21 +0000] "- - " 304 - "-" "-"
- 13.69.228.3  - [21/Nov/2019:10:36:21 +0000] "- - " 304 - "-" "-"
- 31.13.144.116  - [21/Nov/2019:10:36:21 +0000] "- - " 304 - "-" "-"
- 13.69.228.3  - [21/Nov/2019:10:36:23 +0000] "- - " 304 - "-" "-"
- 31.13.144.116  - [21/Nov/2019:10:36:23 +0000] "- - " 304 - "-" "-"
- 13.69.228.3  - [21/Nov/2019:10:36:37 +0000] "- - " 304 - "-" "-"
- 31.13.144.116  - [21/Nov/2019:10:36:37 +0000] "- - " 304 - "-" "-"
- 13.69.228.3  - [21/Nov/2019:10:36:40 +0000] "- - " 200 - "-" "-"
- 31.13.144.116  - [21/Nov/2019:10:36:40 +0000] "- - " 200 - "-" "-"
- 13.69.228.3  - [21/Nov/2019:10:36:45 +0000] "- - " 304 - "-" "-"
- 31.13.144.116  - [21/Nov/2019:10:36:45 +0000] "- - " 304 - "-" "-"
- 13.69.228.3  - [21/Nov/2019:10:36:45 +0000] "- - " 200 - "-" "-"
- 31.13.144.116  - [21/Nov/2019:10:36:45 +0000] "- - " 200 - "-" "-"
- 31.13.144.116 - - [21/Nov/2019:10:36:47 +0000] "GET /karties/1.0.0/lang/ru/ HTTP/1.1" - - "https://kartographydev.azurewebsites.net/departments" "Mozilla/5.0 (Windows NT 10.0; Win64; x64) AppleWebKit/537.36 (KHTML, like Gecko) Chrome/78.0.3904.108 Safari/537.36"
- 13.69.228.3  - [21/Nov/2019:10:36:47 +0000] "- - " 304 - "-" "-"
- 13.69.228.3 - - [21/Nov/2019:10:36:47 +0000] "GET /api/lang/ru/ HTTP/1.1" - - "https://kartographydev.azurewebsites.net/departments" "Synapse-PT-HttpComponents-NIO"
- 31.13.144.116 - - [21/Nov/2019:10:36:47 +0000] "GET /karties/1.0.0/basic_structure HTTP/1.1" - - "https://kartographydev.azurewebsites.net/departments" "Mozilla/5.0 (Windows NT 10.0; Win64; x64) AppleWebKit/537.36 (KHTML, like Gecko) Chrome/78.0.3904.108 Safari/537.36"
- 13.69.228.3 - - [21/Nov/2019:10:36:47 +0000] "GET /api/basic_structure HTTP/1.1" - - "https://kartographydev.azurewebsites.net/departments" "Synapse-PT-HttpComponents-NIO"
- 31.13.144.116  - [21/Nov/2019:10:36:47 +0000] "- - " 304 - "-" "-"
- 13.69.228.3  - [21/Nov/2019:10:36:47 +0000] "- - " 200 - "-" "-"
- 31.13.144.116  - [21/Nov/2019:10:36:47 +0000] "- - " 200 - "-" "-"
- 13.69.228.3  - [21/Nov/2019:11:25:52 +0000] "- - " 500 - "-" "-"
- 195.144.199.77  - [21/Nov/2019:11:25:51 +0000] "- - " 500 - "-" "-"
- 195.144.199.77  - [21/Nov/2019:11:25:52 +0000] "- - " 301 - "-" "-"
- 195.144.199.77 - - [21/Nov/2019:11:25:51 +0000] "GET /karties/1.0.0/lang/all/ HTTP/1.1" - - "-" "Mozilla/5.0 (Windows NT 6.1) AppleWebKit/537.36 (KHTML, like Gecko) Chrome/78.0.3904.97 Safari/537.36"
- 13.69.228.3 - - [21/Nov/2019:11:25:52 +0000] "GET /api/lang/all/ HTTP/1.1" - - "-" "Synapse-PT-HttpComponents-NIO"
- 195.144.199.77 - - [21/Nov/2019:11:25:51 +0000] "GET /favicon.ico HTTP/1.1" - - "https://apies.northeurope.cloudapp.azure.com:8443/karties/1.0.0/lang/all/" "Mozilla/5.0 (Windows NT 6.1) AppleWebKit/537.36 (KHTML, like Gecko) Chrome/78.0.3904.97 Safari/537.36"
- 195.144.199.76 - - [21/Nov/2019:11:27:36 +0000] "GET /karties/1.0.0/userprofile HTTP/1.1" - - "http://localhost:4200/" "Mozilla/5.0 (Windows NT 10.0; Win64; x64) AppleWebKit/537.36 (KHTML, like Gecko) Chrome/78.0.3904.97 Safari/537.36"
- 13.69.228.3  - [21/Nov/2019:11:27:37 +0000] "- - " 200 - "-" "-"
- 195.144.199.76 - - [21/Nov/2019:11:27:36 +0000] "GET /karties/1.0.0/lang/all/ HTTP/1.1" - - "http://localhost:4200/" "Mozilla/5.0 (Windows NT 10.0; Win64; x64) AppleWebKit/537.36 (KHTML, like Gecko) Chrome/78.0.3904.97 Safari/537.36"
- 13.69.228.3  - [21/Nov/2019:11:27:37 +0000] "- - " 200 - "-" "-"
- 13.69.228.3 - - [21/Nov/2019:11:27:37 +0000] "GET /api/userprofile HTTP/1.1" - - "http://localhost:4200/" "Synapse-PT-HttpComponents-NIO"
- 195.144.199.76  - [21/Nov/2019:11:27:36 +0000] "- - " 200 - "-" "-"
- 195.144.199.76  - [21/Nov/2019:11:27:36 +0000] "- - " 200 - "-" "-"
- 13.69.228.3  - [21/Nov/2019:11:27:38 +0000] "- - " 200 - "-" "-"
- 195.144.199.76  - [21/Nov/2019:11:27:38 +0000] "- - " 200 - "-" "-"
- 13.69.228.3  - [21/Nov/2019:11:27:38 +0000] "- - " 200 - "-" "-"
- 195.144.199.76  - [21/Nov/2019:11:27:38 +0000] "- - " 200 - "-" "-"
- 13.69.228.3  - [21/Nov/2019:11:27:38 +0000] "- - " 200 - "-" "-"
- 195.144.199.76  - [21/Nov/2019:11:27:38 +0000] "- - " 200 - "-" "-"
- 13.69.228.3  - [21/Nov/2019:11:27:38 +0000] "- - " 200 - "-" "-"
- 195.144.199.76  - [21/Nov/2019:11:27:38 +0000] "- - " 200 - "-" "-"
- 13.69.228.3 - - [21/Nov/2019:11:27:37 +0000] "GET /api/lang/all/ HTTP/1.1" - - "http://localhost:4200/" "Synapse-PT-HttpComponents-NIO"
- 195.144.199.76 - - [21/Nov/2019:11:27:36 +0000] "GET /karties/1.0.0/lang HTTP/1.1" - - "http://localhost:4200/" "Mozilla/5.0 (Windows NT 10.0; Win64; x64) AppleWebKit/537.36 (KHTML, like Gecko) Chrome/78.0.3904.97 Safari/537.36"
- 13.69.228.3 - - [21/Nov/2019:11:27:37 +0000] "GET /api/lang HTTP/1.1" - - "http://localhost:4200/" "Synapse-PT-HttpComponents-NIO"
- 195.144.199.76 - - [21/Nov/2019:11:27:38 +0000] "GET /karties/1.0.0/strings/ru HTTP/1.1" - - "http://localhost:4200/" "Mozilla/5.0 (Windows NT 10.0; Win64; x64) AppleWebKit/537.36 (KHTML, like Gecko) Chrome/78.0.3904.97 Safari/537.36"
- 13.69.228.3 - - [21/Nov/2019:11:27:38 +0000] "GET /api/strings/ru HTTP/1.1" - - "http://localhost:4200/" "Synapse-PT-HttpComponents-NIO"
- 195.144.199.76 - - [21/Nov/2019:11:27:38 +0000] "GET /karties/1.0.0/strings/en HTTP/1.1" - - "http://localhost:4200/" "Mozilla/5.0 (Windows NT 10.0; Win64; x64) AppleWebKit/537.36 (KHTML, like Gecko) Chrome/78.0.3904.97 Safari/537.36"
- 13.69.228.3 - - [21/Nov/2019:11:27:38 +0000] "GET /api/strings/en HTTP/1.1" - - "http://localhost:4200/" "Synapse-PT-HttpComponents-NIO"
- 195.144.199.76 - - [21/Nov/2019:11:27:38 +0000] "GET /karties/1.0.0/basic_structure HTTP/1.1" - - "http://localhost:4200/" "Mozilla/5.0 (Windows NT 10.0; Win64; x64) AppleWebKit/537.36 (KHTML, like Gecko) Chrome/78.0.3904.97 Safari/537.36"
- 13.69.228.3 - - [21/Nov/2019:11:27:38 +0000] "GET /api/basic_structure HTTP/1.1" - - "http://localhost:4200/" "Synapse-PT-HttpComponents-NIO"
- 13.69.228.3  - [21/Nov/2019:11:29:56 +0000] "- - " 200 - "-" "-"
- 195.144.199.76 - - [21/Nov/2019:11:29:56 +0000] "OPTIONS /karties/1.0.0/login HTTP/1.1" - - "http://localhost:4200/" "Mozilla/5.0 (Windows NT 10.0; Win64; x64) AppleWebKit/537.36 (KHTML, like Gecko) Chrome/78.0.3904.97 Safari/537.36"
- 195.144.199.76  - [21/Nov/2019:11:29:56 +0000] "- - " 200 - "-" "-"
- 13.69.228.3 - - [21/Nov/2019:11:29:56 +0000] "OPTIONS /api/login HTTP/1.1" - - "http://localhost:4200/" "Synapse-PT-HttpComponents-NIO"
- 13.69.228.3  - [21/Nov/2019:11:30:00 +0000] "- - " 200 - "-" "-"
- 195.144.199.76  - [21/Nov/2019:11:30:00 +0000] "- - " 200 - "-" "-"
- 13.69.228.3  - [21/Nov/2019:11:30:02 +0000] "- - " 200 - "-" "-"
- 195.144.199.76  - [21/Nov/2019:11:30:02 +0000] "- - " 200 - "-" "-"
- 195.144.199.76 - - [21/Nov/2019:11:29:56 +0000] "POST /karties/1.0.0/login HTTP/1.1" - 34 "http://localhost:4200/" "Mozilla/5.0 (Windows NT 10.0; Win64; x64) AppleWebKit/537.36 (KHTML, like Gecko) Chrome/78.0.3904.97 Safari/537.36"
- 13.69.228.3 - - [21/Nov/2019:11:29:56 +0000] "POST /api/login HTTP/1.1" - - "http://localhost:4200/" "Synapse-PT-HttpComponents-NIO"
- 195.144.199.76 - - [21/Nov/2019:11:30:00 +0000] "GET /karties/1.0.0/basic_structure HTTP/1.1" - - "http://localhost:4200/" "Mozilla/5.0 (Windows NT 10.0; Win64; x64) AppleWebKit/537.36 (KHTML, like Gecko) Chrome/78.0.3904.97 Safari/537.36"
- 13.69.228.3 - - [21/Nov/2019:11:30:00 +0000] "GET /api/basic_structure HTTP/1.1" - - "http://localhost:4200/" "Synapse-PT-HttpComponents-NIO"
- 195.144.199.76 - - [21/Nov/2019:11:30:31 +0000] "GET /karties/1.0.0/appl/2190 HTTP/1.1" - - "http://localhost:4200/departments/11/app/2190" "Mozilla/5.0 (Windows NT 10.0; Win64; x64) AppleWebKit/537.36 (KHTML, like Gecko) Chrome/78.0.3904.97 Safari/537.36"
- 13.69.228.3 - - [21/Nov/2019:11:30:31 +0000] "GET /api/appl/2190 HTTP/1.1" - - "http://localhost:4200/departments/11/app/2190" "Synapse-PT-HttpComponents-NIO"
- 195.144.199.76 - - [21/Nov/2019:11:30:38 +0000] "GET /karties/1.0.0/appl/2190 HTTP/1.1" - - "http://localhost:4200/departments/11/app/2190/edit" "Mozilla/5.0 (Windows NT 10.0; Win64; x64) AppleWebKit/537.36 (KHTML, like Gecko) Chrome/78.0.3904.97 Safari/537.36"
- 13.69.228.3 - - [21/Nov/2019:11:30:38 +0000] "GET /api/appl/2190 HTTP/1.1" - - "http://localhost:4200/departments/11/app/2190/edit" "Synapse-PT-HttpComponents-NIO"
- 195.144.199.76 - - [21/Nov/2019:11:30:41 +0000] "GET /karties/1.0.0/appl/2190 HTTP/1.1" - - "http://localhost:4200/departments/11/app/2190" "Mozilla/5.0 (Windows NT 10.0; Win64; x64) AppleWebKit/537.36 (KHTML, like Gecko) Chrome/78.0.3904.97 Safari/537.36"
- 13.69.228.3 - - [21/Nov/2019:11:30:41 +0000] "GET /api/appl/2190 HTTP/1.1" - - "http://localhost:4200/departments/11/app/2190" "Synapse-PT-HttpComponents-NIO"
- 13.69.228.3  - [21/Nov/2019:11:30:36 +0000] "- - " 200 - "-" "-"
- 195.144.199.76  - [21/Nov/2019:11:30:36 +0000] "- - " 200 - "-" "-"
- 13.69.228.3  - [21/Nov/2019:11:30:38 +0000] "- - " 304 - "-" "-"
- 195.144.199.76  - [21/Nov/2019:11:30:38 +0000] "- - " 304 - "-" "-"
- 13.69.228.3  - [21/Nov/2019:11:30:41 +0000] "- - " 304 - "-" "-"
- 195.144.199.76  - [21/Nov/2019:11:30:41 +0000] "- - " 304 - "-" "-"
- 195.144.199.76 - - [21/Nov/2019:11:31:55 +0000] "GET /karties/1.0.0/lang/all/ HTTP/1.1" - - "http://localhost:4200/" "Mozilla/5.0 (Windows NT 10.0; Win64; x64) AppleWebKit/537.36 (KHTML, like Gecko) Chrome/78.0.3904.97 Safari/537.36"
- 13.69.228.3  - [21/Nov/2019:11:31:57 +0000] "- - " 200 - "-" "-"
- 13.69.228.3 - - [21/Nov/2019:11:31:55 +0000] "GET /api/lang/all/ HTTP/1.1" - - "http://localhost:4200/" "Synapse-PT-HttpComponents-NIO"
- 195.144.199.76  - [21/Nov/2019:11:31:57 +0000] "- - " 200 - "-" "-"
- 13.69.228.3  - [21/Nov/2019:11:31:57 +0000] "- - " 304 - "-" "-"
- 195.144.199.76  - [21/Nov/2019:11:31:57 +0000] "- - " 304 - "-" "-"
- 13.69.228.3  - [21/Nov/2019:11:31:57 +0000] "- - " 304 - "-" "-"
- 195.144.199.76  - [21/Nov/2019:11:31:57 +0000] "- - " 304 - "-" "-"
- 13.69.228.3  - [21/Nov/2019:11:31:57 +0000] "- - " 304 - "-" "-"
- 195.144.199.76  - [21/Nov/2019:11:31:57 +0000] "- - " 304 - "-" "-"
- 13.69.228.3  - [21/Nov/2019:11:31:57 +0000] "- - " 304 - "-" "-"
- 195.144.199.76  - [21/Nov/2019:11:31:57 +0000] "- - " 304 - "-" "-"
- 13.69.228.3  - [21/Nov/2019:11:32:02 +0000] "- - " 304 - "-" "-"
- 195.144.199.76  - [21/Nov/2019:11:32:02 +0000] "- - " 304 - "-" "-"
- 13.69.228.3  - [21/Nov/2019:11:32:02 +0000] "- - " 304 - "-" "-"
- 195.144.199.76  - [21/Nov/2019:11:32:02 +0000] "- - " 304 - "-" "-"
- 195.144.199.76 - - [21/Nov/2019:11:31:55 +0000] "GET /karties/1.0.0/userprofile HTTP/1.1" - - "http://localhost:4200/" "Mozilla/5.0 (Windows NT 10.0; Win64; x64) AppleWebKit/537.36 (KHTML, like Gecko) Chrome/78.0.3904.97 Safari/537.36"
- 13.69.228.3 - - [21/Nov/2019:11:31:55 +0000] "GET /api/userprofile HTTP/1.1" - - "http://localhost:4200/" "Synapse-PT-HttpComponents-NIO"
- 195.144.199.76 - - [21/Nov/2019:11:31:57 +0000] "GET /karties/1.0.0/basic_structure HTTP/1.1" - - "http://localhost:4200/" "Mozilla/5.0 (Windows NT 10.0; Win64; x64) AppleWebKit/537.36 (KHTML, like Gecko) Chrome/78.0.3904.97 Safari/537.36"
- 13.69.228.3 - - [21/Nov/2019:11:31:57 +0000] "GET /api/basic_structure HTTP/1.1" - - "http://localhost:4200/" "Synapse-PT-HttpComponents-NIO"
- 195.144.199.76 - - [21/Nov/2019:11:31:57 +0000] "GET /karties/1.0.0/lang HTTP/1.1" - - "http://localhost:4200/" "Mozilla/5.0 (Windows NT 10.0; Win64; x64) AppleWebKit/537.36 (KHTML, like Gecko) Chrome/78.0.3904.97 Safari/537.36"
- 13.69.228.3 - - [21/Nov/2019:11:31:57 +0000] "GET /api/lang HTTP/1.1" - - "http://localhost:4200/" "Synapse-PT-HttpComponents-NIO"
- 195.144.199.76 - - [21/Nov/2019:11:31:57 +0000] "GET /karties/1.0.0/strings/ru HTTP/1.1" - - "http://localhost:4200/" "Mozilla/5.0 (Windows NT 10.0; Win64; x64) AppleWebKit/537.36 (KHTML, like Gecko) Chrome/78.0.3904.97 Safari/537.36"
- 13.69.228.3 - - [21/Nov/2019:11:31:57 +0000] "GET /api/strings/ru HTTP/1.1" - - "http://localhost:4200/" "Synapse-PT-HttpComponents-NIO"
- 195.144.199.76 - - [21/Nov/2019:11:31:57 +0000] "GET /karties/1.0.0/strings/en HTTP/1.1" - - "http://localhost:4200/" "Mozilla/5.0 (Windows NT 10.0; Win64; x64) AppleWebKit/537.36 (KHTML, like Gecko) Chrome/78.0.3904.97 Safari/537.36"
- 13.69.228.3 - - [21/Nov/2019:11:31:57 +0000] "GET /api/strings/en HTTP/1.1" - - "http://localhost:4200/" "Synapse-PT-HttpComponents-NIO"
- 195.144.199.76 - - [21/Nov/2019:11:32:02 +0000] "GET /karties/1.0.0/basic_structure HTTP/1.1" - - "http://localhost:4200/" "Mozilla/5.0 (Windows NT 10.0; Win64; x64) AppleWebKit/537.36 (KHTML, like Gecko) Chrome/78.0.3904.97 Safari/537.36"
- 13.69.228.3 - - [21/Nov/2019:11:32:02 +0000] "GET /api/basic_structure HTTP/1.1" - - "http://localhost:4200/" "Synapse-PT-HttpComponents-NIO"
- 195.144.199.76 - - [21/Nov/2019:11:32:20 +0000] "GET /karties/1.0.0/lang/all/ HTTP/1.1" - - "http://localhost:4200/" "Mozilla/5.0 (Windows NT 10.0; Win64; x64) AppleWebKit/537.36 (KHTML, like Gecko) Chrome/78.0.3904.97 Safari/537.36"
- 13.69.228.3 - - [21/Nov/2019:11:32:20 +0000] "GET /api/lang/all/ HTTP/1.1" - - "http://localhost:4200/" "Synapse-PT-HttpComponents-NIO"
- 195.144.199.76 - - [21/Nov/2019:11:32:20 +0000] "GET /karties/1.0.0/userprofile HTTP/1.1" - - "http://localhost:4200/" "Mozilla/5.0 (Windows NT 10.0; Win64; x64) AppleWebKit/537.36 (KHTML, like Gecko) Chrome/78.0.3904.97 Safari/537.36"
- 13.69.228.3 - - [21/Nov/2019:11:32:20 +0000] "GET /api/userprofile HTTP/1.1" - - "http://localhost:4200/" "Synapse-PT-HttpComponents-NIO"
- 13.69.228.3  - [21/Nov/2019:11:32:22 +0000] "- - " 304 - "-" "-"
- 195.144.199.76  - [21/Nov/2019:11:32:22 +0000] "- - " 304 - "-" "-"
- 13.69.228.3  - [21/Nov/2019:11:32:22 +0000] "- - " 304 - "-" "-"
- 195.144.199.76  - [21/Nov/2019:11:32:22 +0000] "- - " 304 - "-" "-"
- 13.69.228.3  - [21/Nov/2019:11:32:22 +0000] "- - " 304 - "-" "-"
- 195.144.199.76  - [21/Nov/2019:11:32:22 +0000] "- - " 304 - "-" "-"
- 13.69.228.3  - [21/Nov/2019:11:32:22 +0000] "- - " 304 - "-" "-"
- 195.144.199.76  - [21/Nov/2019:11:32:22 +0000] "- - " 304 - "-" "-"
- 13.69.228.3  - [21/Nov/2019:11:32:22 +0000] "- - " 304 - "-" "-"
- 195.144.199.76  - [21/Nov/2019:11:32:22 +0000] "- - " 304 - "-" "-"
- 13.69.228.3  - [21/Nov/2019:11:32:27 +0000] "- - " 304 - "-" "-"
- 195.144.199.76  - [21/Nov/2019:11:32:27 +0000] "- - " 304 - "-" "-"
- 13.69.228.3  - [21/Nov/2019:11:32:27 +0000] "- - " 304 - "-" "-"
- 195.144.199.76  - [21/Nov/2019:11:32:27 +0000] "- - " 304 - "-" "-"
- 13.69.228.3  - [21/Nov/2019:11:32:48 +0000] "- - " 200 - "-" "-"
- 195.144.199.76  - [21/Nov/2019:11:32:48 +0000] "- - " 200 - "-" "-"
- 195.144.199.76 - - [21/Nov/2019:11:32:22 +0000] "GET /karties/1.0.0/lang HTTP/1.1" - - "http://localhost:4200/" "Mozilla/5.0 (Windows NT 10.0; Win64; x64) AppleWebKit/537.36 (KHTML, like Gecko) Chrome/78.0.3904.97 Safari/537.36"
- 13.69.228.3 - - [21/Nov/2019:11:32:22 +0000] "GET /api/lang HTTP/1.1" - - "http://localhost:4200/" "Synapse-PT-HttpComponents-NIO"
- 195.144.199.76 - - [21/Nov/2019:11:32:22 +0000] "GET /karties/1.0.0/basic_structure HTTP/1.1" - - "http://localhost:4200/" "Mozilla/5.0 (Windows NT 10.0; Win64; x64) AppleWebKit/537.36 (KHTML, like Gecko) Chrome/78.0.3904.97 Safari/537.36"
- 13.69.228.3 - - [21/Nov/2019:11:32:22 +0000] "GET /api/basic_structure HTTP/1.1" - - "http://localhost:4200/" "Synapse-PT-HttpComponents-NIO"
- 195.144.199.76 - - [21/Nov/2019:11:32:22 +0000] "GET /karties/1.0.0/strings/ru HTTP/1.1" - - "http://localhost:4200/" "Mozilla/5.0 (Windows NT 10.0; Win64; x64) AppleWebKit/537.36 (KHTML, like Gecko) Chrome/78.0.3904.97 Safari/537.36"
- 13.69.228.3 - - [21/Nov/2019:11:32:22 +0000] "GET /api/strings/ru HTTP/1.1" - - "http://localhost:4200/" "Synapse-PT-HttpComponents-NIO"
- 195.144.199.76 - - [21/Nov/2019:11:32:22 +0000] "GET /karties/1.0.0/strings/en HTTP/1.1" - - "http://localhost:4200/" "Mozilla/5.0 (Windows NT 10.0; Win64; x64) AppleWebKit/537.36 (KHTML, like Gecko) Chrome/78.0.3904.97 Safari/537.36"
- 13.69.228.3 - - [21/Nov/2019:11:32:22 +0000] "GET /api/strings/en HTTP/1.1" - - "http://localhost:4200/" "Synapse-PT-HttpComponents-NIO"
- 195.144.199.76 - - [21/Nov/2019:11:32:27 +0000] "GET /karties/1.0.0/basic_structure HTTP/1.1" - - "http://localhost:4200/" "Mozilla/5.0 (Windows NT 10.0; Win64; x64) AppleWebKit/537.36 (KHTML, like Gecko) Chrome/78.0.3904.97 Safari/537.36"
- 13.69.228.3 - - [21/Nov/2019:11:32:27 +0000] "GET /api/basic_structure HTTP/1.1" - - "http://localhost:4200/" "Synapse-PT-HttpComponents-NIO"
- 195.144.199.76 - - [21/Nov/2019:11:32:44 +0000] "GET /karties/1.0.0/appl/2165 HTTP/1.1" - - "http://localhost:4200/apps/2165" "Mozilla/5.0 (Windows NT 10.0; Win64; x64) AppleWebKit/537.36 (KHTML, like Gecko) Chrome/78.0.3904.97 Safari/537.36"
- 13.69.228.3 - - [21/Nov/2019:11:32:44 +0000] "GET /api/appl/2165 HTTP/1.1" - - "http://localhost:4200/apps/2165" "Synapse-PT-HttpComponents-NIO"
- 195.144.199.76 - - [21/Nov/2019:11:33:16 +0000] "GET /karties/1.0.0/appl/2165 HTTP/1.1" - - "http://localhost:4200/apps/2165" "Mozilla/5.0 (Windows NT 10.0; Win64; x64) AppleWebKit/537.36 (KHTML, like Gecko) Chrome/78.0.3904.97 Safari/537.36"
- 13.69.228.3 - - [21/Nov/2019:11:33:16 +0000] "GET /api/appl/2165 HTTP/1.1" - - "http://localhost:4200/apps/2165" "Synapse-PT-HttpComponents-NIO"
- 13.69.228.3  - [21/Nov/2019:11:33:22 +0000] "- - " 304 - "-" "-"
- 195.144.199.76  - [21/Nov/2019:11:33:22 +0000] "- - " 304 - "-" "-"
- 195.144.199.76 - - [21/Nov/2019:11:33:58 +0000] "GET /karties/1.0.0/appl/2165 HTTP/1.1" - - "http://localhost:4200/apps/2165" "Mozilla/5.0 (Windows NT 10.0; Win64; x64) AppleWebKit/537.36 (KHTML, like Gecko) Chrome/78.0.3904.97 Safari/537.36"
- 13.69.228.3  - [21/Nov/2019:11:34:05 +0000] "- - " 304 - "-" "-"
- 13.69.228.3 - - [21/Nov/2019:11:33:58 +0000] "GET /api/appl/2165 HTTP/1.1" - - "http://localhost:4200/apps/2165" "Synapse-PT-HttpComponents-NIO"
- 195.144.199.76  - [21/Nov/2019:11:34:05 +0000] "- - " 304 - "-" "-"
- 13.69.228.3  - [21/Nov/2019:11:34:29 +0000] "- - " 304 - "-" "-"
- 195.144.199.76 - - [21/Nov/2019:11:34:27 +0000] "GET /karties/1.0.0/userprofile HTTP/1.1" - - "http://localhost:4200/" "Mozilla/5.0 (Windows NT 10.0; Win64; x64) AppleWebKit/537.36 (KHTML, like Gecko) Chrome/78.0.3904.97 Safari/537.36"
- 195.144.199.76  - [21/Nov/2019:11:34:29 +0000] "- - " 304 - "-" "-"
- 13.69.228.3  - [21/Nov/2019:11:34:29 +0000] "- - " 304 - "-" "-"
- 195.144.199.76  - [21/Nov/2019:11:34:29 +0000] "- - " 304 - "-" "-"
- 13.69.228.3  - [21/Nov/2019:11:34:29 +0000] "- - " 304 - "-" "-"
- 195.144.199.76  - [21/Nov/2019:11:34:29 +0000] "- - " 304 - "-" "-"
- 13.69.228.3  - [21/Nov/2019:11:34:29 +0000] "- - " 304 - "-" "-"
- 195.144.199.76  - [21/Nov/2019:11:34:29 +0000] "- - " 304 - "-" "-"
- 13.69.228.3  - [21/Nov/2019:11:34:29 +0000] "- - " 304 - "-" "-"
- 195.144.199.76  - [21/Nov/2019:11:34:29 +0000] "- - " 304 - "-" "-"
- 13.69.228.3  - [21/Nov/2019:11:34:34 +0000] "- - " 304 - "-" "-"
- 195.144.199.76  - [21/Nov/2019:11:34:34 +0000] "- - " 304 - "-" "-"
- 13.69.228.3  - [21/Nov/2019:11:34:34 +0000] "- - " 304 - "-" "-"
- 195.144.199.76  - [21/Nov/2019:11:34:34 +0000] "- - " 304 - "-" "-"
- 195.144.199.76 - - [21/Nov/2019:11:34:27 +0000] "GET /karties/1.0.0/lang/all/ HTTP/1.1" - - "http://localhost:4200/" "Mozilla/5.0 (Windows NT 10.0; Win64; x64) AppleWebKit/537.36 (KHTML, like Gecko) Chrome/78.0.3904.97 Safari/537.36"
- 13.69.228.3 - - [21/Nov/2019:11:34:27 +0000] "GET /api/userprofile HTTP/1.1" - - "http://localhost:4200/" "Synapse-PT-HttpComponents-NIO"
- 13.69.228.3 - - [21/Nov/2019:11:34:27 +0000] "GET /api/lang/all/ HTTP/1.1" - - "http://localhost:4200/" "Synapse-PT-HttpComponents-NIO"
- 195.144.199.76 - - [21/Nov/2019:11:34:29 +0000] "GET /karties/1.0.0/lang HTTP/1.1" - - "http://localhost:4200/" "Mozilla/5.0 (Windows NT 10.0; Win64; x64) AppleWebKit/537.36 (KHTML, like Gecko) Chrome/78.0.3904.97 Safari/537.36"
- 13.69.228.3 - - [21/Nov/2019:11:34:29 +0000] "GET /api/lang HTTP/1.1" - - "http://localhost:4200/" "Synapse-PT-HttpComponents-NIO"
- 195.144.199.76 - - [21/Nov/2019:11:34:29 +0000] "GET /karties/1.0.0/basic_structure HTTP/1.1" - - "http://localhost:4200/" "Mozilla/5.0 (Windows NT 10.0; Win64; x64) AppleWebKit/537.36 (KHTML, like Gecko) Chrome/78.0.3904.97 Safari/537.36"
- 13.69.228.3 - - [21/Nov/2019:11:34:29 +0000] "GET /api/basic_structure HTTP/1.1" - - "http://localhost:4200/" "Synapse-PT-HttpComponents-NIO"
- 195.144.199.76 - - [21/Nov/2019:11:34:29 +0000] "GET /karties/1.0.0/strings/ru HTTP/1.1" - - "http://localhost:4200/" "Mozilla/5.0 (Windows NT 10.0; Win64; x64) AppleWebKit/537.36 (KHTML, like Gecko) Chrome/78.0.3904.97 Safari/537.36"
- 13.69.228.3 - - [21/Nov/2019:11:34:29 +0000] "GET /api/strings/ru HTTP/1.1" - - "http://localhost:4200/" "Synapse-PT-HttpComponents-NIO"
- 195.144.199.76 - - [21/Nov/2019:11:34:29 +0000] "GET /karties/1.0.0/strings/en HTTP/1.1" - - "http://localhost:4200/" "Mozilla/5.0 (Windows NT 10.0; Win64; x64) AppleWebKit/537.36 (KHTML, like Gecko) Chrome/78.0.3904.97 Safari/537.36"
- 13.69.228.3 - - [21/Nov/2019:11:34:29 +0000] "GET /api/strings/en HTTP/1.1" - - "http://localhost:4200/" "Synapse-PT-HttpComponents-NIO"
- 195.144.199.76 - - [21/Nov/2019:11:34:34 +0000] "GET /karties/1.0.0/basic_structure HTTP/1.1" - - "http://localhost:4200/" "Mozilla/5.0 (Windows NT 10.0; Win64; x64) AppleWebKit/537.36 (KHTML, like Gecko) Chrome/78.0.3904.97 Safari/537.36"
- 13.69.228.3 - - [21/Nov/2019:11:34:34 +0000] "GET /api/basic_structure HTTP/1.1" - - "http://localhost:4200/" "Synapse-PT-HttpComponents-NIO"
- 195.144.199.76 - - [21/Nov/2019:11:35:07 +0000] "GET /karties/1.0.0/lang/all/ HTTP/1.1" - - "http://localhost:4200/" "Mozilla/5.0 (Windows NT 10.0; Win64; x64) AppleWebKit/537.36 (KHTML, like Gecko) Chrome/78.0.3904.97 Safari/537.36"
- 13.69.228.3  - [21/Nov/2019:11:35:07 +0000] "- - " 304 - "-" "-"
- 13.69.228.3 - - [21/Nov/2019:11:35:07 +0000] "GET /api/lang/all/ HTTP/1.1" - - "http://localhost:4200/" "Synapse-PT-HttpComponents-NIO"
- 195.144.199.76 - - [21/Nov/2019:11:35:07 +0000] "GET /karties/1.0.0/userprofile HTTP/1.1" - - "http://localhost:4200/" "Mozilla/5.0 (Windows NT 10.0; Win64; x64) AppleWebKit/537.36 (KHTML, like Gecko) Chrome/78.0.3904.97 Safari/537.36"
- 13.69.228.3 - - [21/Nov/2019:11:35:07 +0000] "GET /api/userprofile HTTP/1.1" - - "http://localhost:4200/" "Synapse-PT-HttpComponents-NIO"
- 195.144.199.76  - [21/Nov/2019:11:35:07 +0000] "- - " 304 - "-" "-"
- 195.144.199.76 - - [21/Nov/2019:11:35:07 +0000] "GET /karties/1.0.0/lang HTTP/1.1" - - "http://localhost:4200/" "Mozilla/5.0 (Windows NT 10.0; Win64; x64) AppleWebKit/537.36 (KHTML, like Gecko) Chrome/78.0.3904.97 Safari/537.36"
- 13.69.228.3  - [21/Nov/2019:11:35:07 +0000] "- - " 304 - "-" "-"
- 13.69.228.3 - - [21/Nov/2019:11:35:07 +0000] "GET /api/lang HTTP/1.1" - - "http://localhost:4200/" "Synapse-PT-HttpComponents-NIO"
- 195.144.199.76 - - [21/Nov/2019:11:35:07 +0000] "GET /karties/1.0.0/strings/ru HTTP/1.1" - - "http://localhost:4200/" "Mozilla/5.0 (Windows NT 10.0; Win64; x64) AppleWebKit/537.36 (KHTML, like Gecko) Chrome/78.0.3904.97 Safari/537.36"
- 13.69.228.3 - - [21/Nov/2019:11:35:07 +0000] "GET /api/strings/ru HTTP/1.1" - - "http://localhost:4200/" "Synapse-PT-HttpComponents-NIO"
- 195.144.199.76  - [21/Nov/2019:11:35:07 +0000] "- - " 304 - "-" "-"
- 195.144.199.76 - - [21/Nov/2019:11:35:07 +0000] "GET /karties/1.0.0/strings/en HTTP/1.1" - - "http://localhost:4200/" "Mozilla/5.0 (Windows NT 10.0; Win64; x64) AppleWebKit/537.36 (KHTML, like Gecko) Chrome/78.0.3904.97 Safari/537.36"
- 13.69.228.3 - - [21/Nov/2019:11:35:07 +0000] "GET /api/strings/en HTTP/1.1" - - "http://localhost:4200/" "Synapse-PT-HttpComponents-NIO"
- 195.144.199.76 - - [21/Nov/2019:11:35:07 +0000] "GET /karties/1.0.0/basic_structure HTTP/1.1" - - "http://localhost:4200/" "Mozilla/5.0 (Windows NT 10.0; Win64; x64) AppleWebKit/537.36 (KHTML, like Gecko) Chrome/78.0.3904.97 Safari/537.36"
- 13.69.228.3  - [21/Nov/2019:11:35:07 +0000] "- - " 304 - "-" "-"
- 13.69.228.3 - - [21/Nov/2019:11:35:07 +0000] "GET /api/basic_structure HTTP/1.1" - - "http://localhost:4200/" "Synapse-PT-HttpComponents-NIO"
- 195.144.199.76 - - [21/Nov/2019:11:35:11 +0000] "GET /karties/1.0.0/basic_structure HTTP/1.1" - - "http://localhost:4200/" "Mozilla/5.0 (Windows NT 10.0; Win64; x64) AppleWebKit/537.36 (KHTML, like Gecko) Chrome/78.0.3904.97 Safari/537.36"
- 13.69.228.3 - - [21/Nov/2019:11:35:11 +0000] "GET /api/basic_structure HTTP/1.1" - - "http://localhost:4200/" "Synapse-PT-HttpComponents-NIO"
- 195.144.199.76  - [21/Nov/2019:11:35:07 +0000] "- - " 304 - "-" "-"
- 13.69.228.3  - [21/Nov/2019:11:35:07 +0000] "- - " 304 - "-" "-"
- 195.144.199.76  - [21/Nov/2019:11:35:07 +0000] "- - " 304 - "-" "-"
- 13.69.228.3  - [21/Nov/2019:11:35:09 +0000] "- - " 304 - "-" "-"
- 195.144.199.76  - [21/Nov/2019:11:35:09 +0000] "- - " 304 - "-" "-"
- 13.69.228.3  - [21/Nov/2019:11:35:11 +0000] "- - " 304 - "-" "-"
- 195.144.199.76  - [21/Nov/2019:11:35:11 +0000] "- - " 304 - "-" "-"
- 13.69.228.3  - [21/Nov/2019:11:35:11 +0000] "- - " 304 - "-" "-"
- 195.144.199.76  - [21/Nov/2019:11:35:11 +0000] "- - " 304 - "-" "-"
- 195.144.199.77 - - [21/Nov/2019:11:37:28 +0000] "GET /karties/1.0.0/lang/all/ HTTP/1.1" - - "https://kartographydev.azurewebsites.net/" "Mozilla/5.0 (Linux; Android 6.0; Nexus 5 Build/MRA58N) AppleWebKit/537.36 (KHTML, like Gecko) Chrome/78.0.3904.97 Mobile Safari/537.36"
- 13.69.228.3  - [21/Nov/2019:11:37:28 +0000] "- - " 200 - "-" "-"
- 195.144.199.77 - - [21/Nov/2019:11:37:28 +0000] "GET /karties/1.0.0/userprofile HTTP/1.1" - - "https://kartographydev.azurewebsites.net/" "Mozilla/5.0 (Linux; Android 6.0; Nexus 5 Build/MRA58N) AppleWebKit/537.36 (KHTML, like Gecko) Chrome/78.0.3904.97 Mobile Safari/537.36"
