- 13.69.68.11 - - [21/Nov/2019:11:47:38 +0000] "GET /api/basic_structure HTTP/1.1" - - "https://kartographydev.azurewebsites.net/domains" "Synapse-PT-HttpComponents-NIO"
- 195.144.198.44 - - [21/Nov/2019:11:47:47 +0000] "GET /karties/1.0.0/lang/ru/ HTTP/1.1" - - "https://kartographydev.azurewebsites.net/departments/18" "Mozilla/5.0 (Windows NT 10.0; Win64; x64) AppleWebKit/537.36 (KHTML, like Gecko) Chrome/78.0.3904.108 Safari/537.36"
- 13.69.68.11 - - [21/Nov/2019:11:47:47 +0000] "GET /api/lang/ru/ HTTP/1.1" - - "https://kartographydev.azurewebsites.net/departments/18" "Synapse-PT-HttpComponents-NIO"
- 195.144.198.44 - - [21/Nov/2019:11:47:47 +0000] "GET /karties/1.0.0/basic_structure HTTP/1.1" - - "https://kartographydev.azurewebsites.net/departments/18" "Mozilla/5.0 (Windows NT 10.0; Win64; x64) AppleWebKit/537.36 (KHTML, like Gecko) Chrome/78.0.3904.108 Safari/537.36"
- 13.69.68.11 - - [21/Nov/2019:11:47:47 +0000] "GET /api/basic_structure HTTP/1.1" - - "https://kartographydev.azurewebsites.net/departments/18" "Synapse-PT-HttpComponents-NIO"
- 195.144.198.44 - - [21/Nov/2019:11:47:50 +0000] "GET /karties/1.0.0/lang/en/ HTTP/1.1" - - "https://kartographydev.azurewebsites.net/departments/18" "Mozilla/5.0 (Windows NT 10.0; Win64; x64) AppleWebKit/537.36 (KHTML, like Gecko) Chrome/78.0.3904.108 Safari/537.36"
- 13.69.68.11 - - [21/Nov/2019:11:47:50 +0000] "GET /api/lang/en/ HTTP/1.1" - - "https://kartographydev.azurewebsites.net/departments/18" "Synapse-PT-HttpComponents-NIO"
- 195.144.198.44 - - [21/Nov/2019:11:47:50 +0000] "GET /karties/1.0.0/basic_structure HTTP/1.1" - - "https://kartographydev.azurewebsites.net/departments/18" "Mozilla/5.0 (Windows NT 10.0; Win64; x64) AppleWebKit/537.36 (KHTML, like Gecko) Chrome/78.0.3904.108 Safari/537.36"
- 13.69.68.11 - - [21/Nov/2019:11:47:50 +0000] "GET /api/basic_structure HTTP/1.1" - - "https://kartographydev.azurewebsites.net/departments/18" "Synapse-PT-HttpComponents-NIO"
- 13.69.68.11  - [21/Nov/2019:11:47:38 +0000] "- - " 304 - "-" "-"
- 195.144.198.44  - [21/Nov/2019:11:47:38 +0000] "- - " 304 - "-" "-"
- 13.69.68.11  - [21/Nov/2019:11:47:40 +0000] "- - " 200 - "-" "-"
- 195.144.198.44  - [21/Nov/2019:11:47:40 +0000] "- - " 200 - "-" "-"
- 13.69.68.11  - [21/Nov/2019:11:47:47 +0000] "- - " 304 - "-" "-"
- 195.144.198.44  - [21/Nov/2019:11:47:47 +0000] "- - " 304 - "-" "-"
- 13.69.68.11  - [21/Nov/2019:11:47:47 +0000] "- - " 200 - "-" "-"
- 195.144.198.44  - [21/Nov/2019:11:47:47 +0000] "- - " 200 - "-" "-"
- 13.69.68.11  - [21/Nov/2019:11:47:50 +0000] "- - " 304 - "-" "-"
- 195.144.198.44  - [21/Nov/2019:11:47:50 +0000] "- - " 304 - "-" "-"
- 13.69.68.11  - [21/Nov/2019:11:47:50 +0000] "- - " 200 - "-" "-"
- 195.144.198.44  - [21/Nov/2019:11:47:50 +0000] "- - " 200 - "-" "-"
- 195.144.199.77 - - [21/Nov/2019:11:48:10 +0000] "GET /karties/1.0.0/lang/all/ HTTP/1.1" - - "https://kartographydev.azurewebsites.net/" "Mozilla/5.0 (Windows NT 6.1; Win64; x64) AppleWebKit/537.36 (KHTML, like Gecko) Chrome/78.0.3904.97 Safari/537.36"
- 195.144.199.77 - - [21/Nov/2019:11:48:10 +0000] "GET /karties/1.0.0/userprofile HTTP/1.1" - - "https://kartographydev.azurewebsites.net/" "Mozilla/5.0 (Windows NT 6.1; Win64; x64) AppleWebKit/537.36 (KHTML, like Gecko) Chrome/78.0.3904.97 Safari/537.36"
- 13.69.68.11 - - [21/Nov/2019:11:48:10 +0000] "GET /api/lang/all/ HTTP/1.1" - - "https://kartographydev.azurewebsites.net/" "Synapse-PT-HttpComponents-NIO"
- 13.69.68.11 - - [21/Nov/2019:11:48:10 +0000] "GET /api/userprofile HTTP/1.1" - - "https://kartographydev.azurewebsites.net/" "Synapse-PT-HttpComponents-NIO"
- 195.144.199.77 - - [21/Nov/2019:11:48:10 +0000] "GET /karties/1.0.0/lang HTTP/1.1" - - "https://kartographydev.azurewebsites.net/" "Mozilla/5.0 (Windows NT 6.1; Win64; x64) AppleWebKit/537.36 (KHTML, like Gecko) Chrome/78.0.3904.97 Safari/537.36"
- 13.69.68.11 - - [21/Nov/2019:11:48:11 +0000] "GET /api/lang HTTP/1.1" - - "https://kartographydev.azurewebsites.net/" "Synapse-PT-HttpComponents-NIO"
- 195.144.199.77 - - [21/Nov/2019:11:48:11 +0000] "GET /karties/1.0.0/strings/ru HTTP/1.1" - - "https://kartographydev.azurewebsites.net/" "Mozilla/5.0 (Windows NT 6.1; Win64; x64) AppleWebKit/537.36 (KHTML, like Gecko) Chrome/78.0.3904.97 Safari/537.36"
- 13.69.68.11 - - [21/Nov/2019:11:48:10 +0000] "GET /api/strings/ru HTTP/1.1" - - "https://kartographydev.azurewebsites.net/" "Synapse-PT-HttpComponents-NIO"
- 195.144.199.77 - - [21/Nov/2019:11:48:11 +0000] "GET /karties/1.0.0/strings/en HTTP/1.1" - - "https://kartographydev.azurewebsites.net/" "Mozilla/5.0 (Windows NT 6.1; Win64; x64) AppleWebKit/537.36 (KHTML, like Gecko) Chrome/78.0.3904.97 Safari/537.36"
- 13.69.68.11 - - [21/Nov/2019:11:48:11 +0000] "GET /api/strings/en HTTP/1.1" - - "https://kartographydev.azurewebsites.net/" "Synapse-PT-HttpComponents-NIO"
- 195.144.199.77 - - [21/Nov/2019:11:48:11 +0000] "GET /karties/1.0.0/basic_structure HTTP/1.1" - - "https://kartographydev.azurewebsites.net/" "Mozilla/5.0 (Windows NT 6.1; Win64; x64) AppleWebKit/537.36 (KHTML, like Gecko) Chrome/78.0.3904.97 Safari/537.36"
- 13.69.68.11 - - [21/Nov/2019:11:48:11 +0000] "GET /api/basic_structure HTTP/1.1" - - "https://kartographydev.azurewebsites.net/" "Synapse-PT-HttpComponents-NIO"
- 195.144.198.44 - - [21/Nov/2019:11:48:12 +0000] "GET /karties/1.0.0/lang/ru/ HTTP/1.1" - - "https://kartographydev.azurewebsites.net/" "Mozilla/5.0 (Windows NT 10.0; Win64; x64) AppleWebKit/537.36 (KHTML, like Gecko) Chrome/78.0.3904.108 Safari/537.36"
- 13.69.68.11 - - [21/Nov/2019:11:48:12 +0000] "GET /api/lang/ru/ HTTP/1.1" - - "https://kartographydev.azurewebsites.net/" "Synapse-PT-HttpComponents-NIO"
- 195.144.198.44 - - [21/Nov/2019:11:48:12 +0000] "GET /karties/1.0.0/basic_structure HTTP/1.1" - - "https://kartographydev.azurewebsites.net/" "Mozilla/5.0 (Windows NT 10.0; Win64; x64) AppleWebKit/537.36 (KHTML, like Gecko) Chrome/78.0.3904.108 Safari/537.36"
- 13.69.68.11 - - [21/Nov/2019:11:48:12 +0000] "GET /api/basic_structure HTTP/1.1" - - "https://kartographydev.azurewebsites.net/" "Synapse-PT-HttpComponents-NIO"
- 195.144.198.44 - - [21/Nov/2019:11:48:14 +0000] "GET /karties/1.0.0/lang/en/ HTTP/1.1" - - "https://kartographydev.azurewebsites.net/" "Mozilla/5.0 (Windows NT 10.0; Win64; x64) AppleWebKit/537.36 (KHTML, like Gecko) Chrome/78.0.3904.108 Safari/537.36"
- 13.69.68.11 - - [21/Nov/2019:11:48:14 +0000] "GET /api/lang/en/ HTTP/1.1" - - "https://kartographydev.azurewebsites.net/" "Synapse-PT-HttpComponents-NIO"
- 195.144.198.44 - - [21/Nov/2019:11:48:14 +0000] "GET /karties/1.0.0/basic_structure HTTP/1.1" - - "https://kartographydev.azurewebsites.net/" "Mozilla/5.0 (Windows NT 10.0; Win64; x64) AppleWebKit/537.36 (KHTML, like Gecko) Chrome/78.0.3904.108 Safari/537.36"
- 13.69.68.11 - - [21/Nov/2019:11:48:14 +0000] "GET /api/basic_structure HTTP/1.1" - - "https://kartographydev.azurewebsites.net/" "Synapse-PT-HttpComponents-NIO"
- 195.144.199.77 - - [21/Nov/2019:11:48:17 +0000] "GET /karties/1.0.0/lang/en/ HTTP/1.1" - - "https://kartographydev.azurewebsites.net/" "Mozilla/5.0 (Windows NT 6.1; Win64; x64) AppleWebKit/537.36 (KHTML, like Gecko) Chrome/78.0.3904.97 Safari/537.36"
- 13.69.68.11 - - [21/Nov/2019:11:48:17 +0000] "GET /api/lang/en/ HTTP/1.1" - - "https://kartographydev.azurewebsites.net/" "Synapse-PT-HttpComponents-NIO"
- 195.144.199.77 - - [21/Nov/2019:11:48:17 +0000] "GET /karties/1.0.0/basic_structure HTTP/1.1" - - "https://kartographydev.azurewebsites.net/" "Mozilla/5.0 (Windows NT 6.1; Win64; x64) AppleWebKit/537.36 (KHTML, like Gecko) Chrome/78.0.3904.97 Safari/537.36"
- 13.69.68.11 - - [21/Nov/2019:11:48:17 +0000] "GET /api/basic_structure HTTP/1.1" - - "https://kartographydev.azurewebsites.net/" "Synapse-PT-HttpComponents-NIO"
- 195.144.199.77 - - [21/Nov/2019:11:48:18 +0000] "GET /karties/1.0.0/lang/ru/ HTTP/1.1" - - "https://kartographydev.azurewebsites.net/" "Mozilla/5.0 (Windows NT 6.1; Win64; x64) AppleWebKit/537.36 (KHTML, like Gecko) Chrome/78.0.3904.97 Safari/537.36"
- 13.69.68.11 - - [21/Nov/2019:11:48:18 +0000] "GET /api/lang/ru/ HTTP/1.1" - - "https://kartographydev.azurewebsites.net/" "Synapse-PT-HttpComponents-NIO"
- 195.144.199.77 - - [21/Nov/2019:11:48:18 +0000] "GET /karties/1.0.0/basic_structure HTTP/1.1" - - "https://kartographydev.azurewebsites.net/" "Mozilla/5.0 (Windows NT 6.1; Win64; x64) AppleWebKit/537.36 (KHTML, like Gecko) Chrome/78.0.3904.97 Safari/537.36"
- 13.69.68.11 - - [21/Nov/2019:11:48:18 +0000] "GET /api/basic_structure HTTP/1.1" - - "https://kartographydev.azurewebsites.net/" "Synapse-PT-HttpComponents-NIO"
- 195.144.198.44 - - [21/Nov/2019:11:48:19 +0000] "GET /karties/1.0.0/lang/ru/ HTTP/1.1" - - "https://kartographydev.azurewebsites.net/departments" "Mozilla/5.0 (Windows NT 10.0; Win64; x64) AppleWebKit/537.36 (KHTML, like Gecko) Chrome/78.0.3904.108 Safari/537.36"
- 13.69.68.11 - - [21/Nov/2019:11:48:18 +0000] "GET /api/lang/ru/ HTTP/1.1" - - "https://kartographydev.azurewebsites.net/departments" "Synapse-PT-HttpComponents-NIO"
- 195.144.199.77 - - [21/Nov/2019:11:48:18 +0000] "GET /karties/1.0.0/lang/en/ HTTP/1.1" - - "https://kartographydev.azurewebsites.net/" "Mozilla/5.0 (Windows NT 6.1; Win64; x64) AppleWebKit/537.36 (KHTML, like Gecko) Chrome/78.0.3904.97 Safari/537.36"
- 13.69.68.11 - - [21/Nov/2019:11:48:18 +0000] "GET /api/lang/en/ HTTP/1.1" - - "https://kartographydev.azurewebsites.net/" "Synapse-PT-HttpComponents-NIO"
- 195.144.198.44 - - [21/Nov/2019:11:48:19 +0000] "GET /karties/1.0.0/basic_structure HTTP/1.1" - - "https://kartographydev.azurewebsites.net/departments" "Mozilla/5.0 (Windows NT 10.0; Win64; x64) AppleWebKit/537.36 (KHTML, like Gecko) Chrome/78.0.3904.108 Safari/537.36"
- 13.69.68.11 - - [21/Nov/2019:11:48:18 +0000] "GET /api/basic_structure HTTP/1.1" - - "https://kartographydev.azurewebsites.net/departments" "Synapse-PT-HttpComponents-NIO"
- 195.144.199.77 - - [21/Nov/2019:11:48:19 +0000] "GET /karties/1.0.0/basic_structure HTTP/1.1" - - "https://kartographydev.azurewebsites.net/" "Mozilla/5.0 (Windows NT 6.1; Win64; x64) AppleWebKit/537.36 (KHTML, like Gecko) Chrome/78.0.3904.97 Safari/537.36"
- 13.69.68.11 - - [21/Nov/2019:11:48:18 +0000] "GET /api/basic_structure HTTP/1.1" - - "https://kartographydev.azurewebsites.net/" "Synapse-PT-HttpComponents-NIO"
- 13.69.68.11  - [21/Nov/2019:11:48:10 +0000] "- - " 304 - "-" "-"
- 195.144.199.77  - [21/Nov/2019:11:48:10 +0000] "- - " 304 - "-" "-"
- 13.69.68.11  - [21/Nov/2019:11:48:11 +0000] "- - " 304 - "-" "-"
- 195.144.199.77  - [21/Nov/2019:11:48:10 +0000] "- - " 304 - "-" "-"
- 13.69.68.11  - [21/Nov/2019:11:48:11 +0000] "- - " 200 - "-" "-"
- 195.144.199.77  - [21/Nov/2019:11:48:11 +0000] "- - " 200 - "-" "-"
- 13.69.68.11  - [21/Nov/2019:11:48:11 +0000] "- - " 200 - "-" "-"
- 195.144.199.77  - [21/Nov/2019:11:48:11 +0000] "- - " 200 - "-" "-"
- 13.69.68.11  - [21/Nov/2019:11:48:11 +0000] "- - " 200 - "-" "-"
- 195.144.199.77  - [21/Nov/2019:11:48:11 +0000] "- - " 200 - "-" "-"
- 13.69.68.11  - [21/Nov/2019:11:48:11 +0000] "- - " 200 - "-" "-"
- 195.144.199.77  - [21/Nov/2019:11:48:11 +0000] "- - " 200 - "-" "-"
- 13.69.68.11  - [21/Nov/2019:11:48:12 +0000] "- - " 304 - "-" "-"
- 195.144.198.44  - [21/Nov/2019:11:48:12 +0000] "- - " 304 - "-" "-"
- 13.69.68.11  - [21/Nov/2019:11:48:12 +0000] "- - " 200 - "-" "-"
- 195.144.198.44  - [21/Nov/2019:11:48:12 +0000] "- - " 200 - "-" "-"
- 13.69.68.11  - [21/Nov/2019:11:48:14 +0000] "- - " 304 - "-" "-"
- 195.144.198.44  - [21/Nov/2019:11:48:14 +0000] "- - " 304 - "-" "-"
- 13.69.68.11  - [21/Nov/2019:11:48:14 +0000] "- - " 200 - "-" "-"
- 195.144.198.44  - [21/Nov/2019:11:48:14 +0000] "- - " 200 - "-" "-"
- 13.69.68.11  - [21/Nov/2019:11:48:17 +0000] "- - " 200 - "-" "-"
- 195.144.199.77  - [21/Nov/2019:11:48:17 +0000] "- - " 200 - "-" "-"
- 13.69.68.11  - [21/Nov/2019:11:48:17 +0000] "- - " 200 - "-" "-"
- 195.144.199.77  - [21/Nov/2019:11:48:17 +0000] "- - " 200 - "-" "-"
- 13.69.68.11  - [21/Nov/2019:11:48:18 +0000] "- - " 200 - "-" "-"
- 195.144.199.77  - [21/Nov/2019:11:48:18 +0000] "- - " 200 - "-" "-"
- 13.69.68.11  - [21/Nov/2019:11:48:18 +0000] "- - " 200 - "-" "-"
- 195.144.199.77  - [21/Nov/2019:11:48:18 +0000] "- - " 200 - "-" "-"
- 13.69.68.11  - [21/Nov/2019:11:48:18 +0000] "- - " 304 - "-" "-"
- 195.144.198.44  - [21/Nov/2019:11:48:19 +0000] "- - " 304 - "-" "-"
- 13.69.68.11  - [21/Nov/2019:11:48:18 +0000] "- - " 304 - "-" "-"
- 195.144.199.77  - [21/Nov/2019:11:48:18 +0000] "- - " 304 - "-" "-"
- 13.69.68.11  - [21/Nov/2019:11:48:18 +0000] "- - " 200 - "-" "-"
- 195.144.198.44  - [21/Nov/2019:11:48:19 +0000] "- - " 200 - "-" "-"
- 13.69.68.11  - [21/Nov/2019:11:48:20 +0000] "- - " 200 - "-" "-"
- 195.144.199.77  - [21/Nov/2019:11:48:19 +0000] "- - " 200 - "-" "-"
- 13.69.68.11  - [21/Nov/2019:11:48:22 +0000] "- - " 304 - "-" "-"
- 195.144.198.44 - - [21/Nov/2019:11:48:22 +0000] "GET /karties/1.0.0/lang/en/ HTTP/1.1" - - "https://kartographydev.azurewebsites.net/departments" "Mozilla/5.0 (Windows NT 10.0; Win64; x64) AppleWebKit/537.36 (KHTML, like Gecko) Chrome/78.0.3904.108 Safari/537.36"
- 13.69.68.11 - - [21/Nov/2019:11:48:22 +0000] "GET /api/lang/en/ HTTP/1.1" - - "https://kartographydev.azurewebsites.net/departments" "Synapse-PT-HttpComponents-NIO"
- 195.144.198.44 - - [21/Nov/2019:11:48:22 +0000] "GET /karties/1.0.0/basic_structure HTTP/1.1" - - "https://kartographydev.azurewebsites.net/departments" "Mozilla/5.0 (Windows NT 10.0; Win64; x64) AppleWebKit/537.36 (KHTML, like Gecko) Chrome/78.0.3904.108 Safari/537.36"
- 13.69.68.11 - - [21/Nov/2019:11:48:22 +0000] "GET /api/basic_structure HTTP/1.1" - - "https://kartographydev.azurewebsites.net/departments" "Synapse-PT-HttpComponents-NIO"
- 195.144.199.77 - - [21/Nov/2019:11:48:22 +0000] "GET /karties/1.0.0/lang/ru/ HTTP/1.1" - - "https://kartographydev.azurewebsites.net/" "Mozilla/5.0 (Windows NT 6.1; Win64; x64) AppleWebKit/537.36 (KHTML, like Gecko) Chrome/78.0.3904.97 Safari/537.36"
- 13.69.68.11 - - [21/Nov/2019:11:48:22 +0000] "GET /api/lang/ru/ HTTP/1.1" - - "https://kartographydev.azurewebsites.net/" "Synapse-PT-HttpComponents-NIO"
- 195.144.199.77 - - [21/Nov/2019:11:48:22 +0000] "GET /karties/1.0.0/basic_structure HTTP/1.1" - - "https://kartographydev.azurewebsites.net/" "Mozilla/5.0 (Windows NT 6.1; Win64; x64) AppleWebKit/537.36 (KHTML, like Gecko) Chrome/78.0.3904.97 Safari/537.36"
- 13.69.68.11 - - [21/Nov/2019:11:48:22 +0000] "GET /api/basic_structure HTTP/1.1" - - "https://kartographydev.azurewebsites.net/" "Synapse-PT-HttpComponents-NIO"
- 195.144.198.44 - - [21/Nov/2019:11:48:28 +0000] "GET /karties/1.0.0/lang/ru/ HTTP/1.1" - - "https://kartographydev.azurewebsites.net/departments" "Mozilla/5.0 (Windows NT 10.0; Win64; x64) AppleWebKit/537.36 (KHTML, like Gecko) Chrome/78.0.3904.108 Safari/537.36"
- 13.69.68.11 - - [21/Nov/2019:11:48:28 +0000] "GET /api/lang/ru/ HTTP/1.1" - - "https://kartographydev.azurewebsites.net/departments" "Synapse-PT-HttpComponents-NIO"
- 195.144.198.44 - - [21/Nov/2019:11:48:28 +0000] "GET /karties/1.0.0/basic_structure HTTP/1.1" - - "https://kartographydev.azurewebsites.net/departments" "Mozilla/5.0 (Windows NT 10.0; Win64; x64) AppleWebKit/537.36 (KHTML, like Gecko) Chrome/78.0.3904.108 Safari/537.36"
- 13.69.68.11 - - [21/Nov/2019:11:48:28 +0000] "GET /api/basic_structure HTTP/1.1" - - "https://kartographydev.azurewebsites.net/departments" "Synapse-PT-HttpComponents-NIO"
- 195.144.198.44 - - [21/Nov/2019:11:48:30 +0000] "GET /karties/1.0.0/lang/en/ HTTP/1.1" - - "https://kartographydev.azurewebsites.net/departments" "Mozilla/5.0 (Windows NT 10.0; Win64; x64) AppleWebKit/537.36 (KHTML, like Gecko) Chrome/78.0.3904.108 Safari/537.36"
- 13.69.68.11 - - [21/Nov/2019:11:48:30 +0000] "GET /api/lang/en/ HTTP/1.1" - - "https://kartographydev.azurewebsites.net/departments" "Synapse-PT-HttpComponents-NIO"
- 195.144.198.44 - - [21/Nov/2019:11:48:30 +0000] "GET /karties/1.0.0/basic_structure HTTP/1.1" - - "https://kartographydev.azurewebsites.net/departments" "Mozilla/5.0 (Windows NT 10.0; Win64; x64) AppleWebKit/537.36 (KHTML, like Gecko) Chrome/78.0.3904.108 Safari/537.36"
- 13.69.68.11 - - [21/Nov/2019:11:48:30 +0000] "GET /api/basic_structure HTTP/1.1" - - "https://kartographydev.azurewebsites.net/departments" "Synapse-PT-HttpComponents-NIO"
- 195.144.198.44 - - [21/Nov/2019:11:48:38 +0000] "GET /karties/1.0.0/lang/ru/ HTTP/1.1" - - "https://kartographydev.azurewebsites.net/apps" "Mozilla/5.0 (Windows NT 10.0; Win64; x64) AppleWebKit/537.36 (KHTML, like Gecko) Chrome/78.0.3904.108 Safari/537.36"
- 13.69.68.11 - - [21/Nov/2019:11:48:38 +0000] "GET /api/lang/ru/ HTTP/1.1" - - "https://kartographydev.azurewebsites.net/apps" "Synapse-PT-HttpComponents-NIO"
- 195.144.198.44 - - [21/Nov/2019:11:48:38 +0000] "GET /karties/1.0.0/basic_structure HTTP/1.1" - - "https://kartographydev.azurewebsites.net/apps" "Mozilla/5.0 (Windows NT 10.0; Win64; x64) AppleWebKit/537.36 (KHTML, like Gecko) Chrome/78.0.3904.108 Safari/537.36"
- 13.69.68.11 - - [21/Nov/2019:11:48:39 +0000] "GET /api/basic_structure HTTP/1.1" - - "https://kartographydev.azurewebsites.net/apps" "Synapse-PT-HttpComponents-NIO"
- 195.144.198.44 - - [21/Nov/2019:11:48:41 +0000] "GET /karties/1.0.0/lang/en/ HTTP/1.1" - - "https://kartographydev.azurewebsites.net/apps" "Mozilla/5.0 (Windows NT 10.0; Win64; x64) AppleWebKit/537.36 (KHTML, like Gecko) Chrome/78.0.3904.108 Safari/537.36"
- 13.69.68.11 - - [21/Nov/2019:11:48:41 +0000] "GET /api/lang/en/ HTTP/1.1" - - "https://kartographydev.azurewebsites.net/apps" "Synapse-PT-HttpComponents-NIO"
- 195.144.198.44 - - [21/Nov/2019:11:48:41 +0000] "GET /karties/1.0.0/basic_structure HTTP/1.1" - - "https://kartographydev.azurewebsites.net/apps" "Mozilla/5.0 (Windows NT 10.0; Win64; x64) AppleWebKit/537.36 (KHTML, like Gecko) Chrome/78.0.3904.108 Safari/537.36"
- 13.69.68.11 - - [21/Nov/2019:11:48:41 +0000] "GET /api/basic_structure HTTP/1.1" - - "https://kartographydev.azurewebsites.net/apps" "Synapse-PT-HttpComponents-NIO"
- 195.144.198.44 - - [21/Nov/2019:11:48:46 +0000] "GET /karties/1.0.0/lang/ru/ HTTP/1.1" - - "https://kartographydev.azurewebsites.net/" "Mozilla/5.0 (Windows NT 10.0; Win64; x64) AppleWebKit/537.36 (KHTML, like Gecko) Chrome/78.0.3904.108 Safari/537.36"
- 13.69.68.11 - - [21/Nov/2019:11:48:46 +0000] "GET /api/lang/ru/ HTTP/1.1" - - "https://kartographydev.azurewebsites.net/" "Synapse-PT-HttpComponents-NIO"
- 195.144.198.44 - - [21/Nov/2019:11:48:46 +0000] "GET /karties/1.0.0/basic_structure HTTP/1.1" - - "https://kartographydev.azurewebsites.net/" "Mozilla/5.0 (Windows NT 10.0; Win64; x64) AppleWebKit/537.36 (KHTML, like Gecko) Chrome/78.0.3904.108 Safari/537.36"
- 13.69.68.11 - - [21/Nov/2019:11:48:46 +0000] "GET /api/basic_structure HTTP/1.1" - - "https://kartographydev.azurewebsites.net/" "Synapse-PT-HttpComponents-NIO"
- 195.144.198.44  - [21/Nov/2019:11:48:22 +0000] "- - " 304 - "-" "-"
- 13.69.68.11  - [21/Nov/2019:11:48:22 +0000] "- - " 200 - "-" "-"
- 195.144.198.44  - [21/Nov/2019:11:48:22 +0000] "- - " 200 - "-" "-"
- 13.69.68.11  - [21/Nov/2019:11:48:22 +0000] "- - " 304 - "-" "-"
- 195.144.199.77  - [21/Nov/2019:11:48:22 +0000] "- - " 304 - "-" "-"
- 13.69.68.11  - [21/Nov/2019:11:48:23 +0000] "- - " 200 - "-" "-"
- 195.144.199.77  - [21/Nov/2019:11:48:22 +0000] "- - " 200 - "-" "-"
- 13.69.68.11  - [21/Nov/2019:11:48:28 +0000] "- - " 304 - "-" "-"
- 195.144.198.44  - [21/Nov/2019:11:48:28 +0000] "- - " 304 - "-" "-"
- 13.69.68.11  - [21/Nov/2019:11:48:28 +0000] "- - " 200 - "-" "-"
- 195.144.198.44  - [21/Nov/2019:11:48:28 +0000] "- - " 200 - "-" "-"
- 13.69.68.11  - [21/Nov/2019:11:48:30 +0000] "- - " 304 - "-" "-"
- 195.144.198.44  - [21/Nov/2019:11:48:30 +0000] "- - " 304 - "-" "-"
- 13.69.68.11  - [21/Nov/2019:11:48:30 +0000] "- - " 200 - "-" "-"
- 195.144.198.44  - [21/Nov/2019:11:48:30 +0000] "- - " 200 - "-" "-"
- 13.69.68.11  - [21/Nov/2019:11:48:38 +0000] "- - " 304 - "-" "-"
- 195.144.198.44  - [21/Nov/2019:11:48:38 +0000] "- - " 304 - "-" "-"
- 13.69.68.11  - [21/Nov/2019:11:48:39 +0000] "- - " 200 - "-" "-"
- 195.144.198.44  - [21/Nov/2019:11:48:38 +0000] "- - " 200 - "-" "-"
- 13.69.68.11  - [21/Nov/2019:11:48:41 +0000] "- - " 304 - "-" "-"
- 195.144.198.44  - [21/Nov/2019:11:48:41 +0000] "- - " 304 - "-" "-"
- 13.69.68.11  - [21/Nov/2019:11:48:41 +0000] "- - " 200 - "-" "-"
- 195.144.198.44  - [21/Nov/2019:11:48:41 +0000] "- - " 200 - "-" "-"
- 13.69.68.11  - [21/Nov/2019:11:48:46 +0000] "- - " 304 - "-" "-"
- 195.144.198.44  - [21/Nov/2019:11:48:46 +0000] "- - " 304 - "-" "-"
- 13.69.68.11  - [21/Nov/2019:11:48:46 +0000] "- - " 200 - "-" "-"
- 195.144.198.44  - [21/Nov/2019:11:48:46 +0000] "- - " 200 - "-" "-"
- 195.144.199.77 - - [21/Nov/2019:11:49:52 +0000] "OPTIONS /karties/1.0.0/login HTTP/1.1" - - "https://kartographydev.azurewebsites.net/" "Mozilla/5.0 (Windows NT 6.1; rv:68.0) Gecko/20100101 Firefox/68.0"
- 13.69.68.11 - - [21/Nov/2019:11:49:52 +0000] "OPTIONS /api/login HTTP/1.1" - - "https://kartographydev.azurewebsites.net/" "Synapse-PT-HttpComponents-NIO"
- 195.144.199.77 - - [21/Nov/2019:11:49:52 +0000] "POST /karties/1.0.0/login HTTP/1.1" - 34 "https://kartographydev.azurewebsites.net/" "Mozilla/5.0 (Windows NT 6.1; rv:68.0) Gecko/20100101 Firefox/68.0"
- 13.69.68.11 - - [21/Nov/2019:11:49:52 +0000] "POST /api/login HTTP/1.1" - - "https://kartographydev.azurewebsites.net/" "Synapse-PT-HttpComponents-NIO"
- 195.144.199.77 - - [21/Nov/2019:11:49:54 +0000] "GET /karties/1.0.0/basic_structure HTTP/1.1" - - "https://kartographydev.azurewebsites.net/" "Mozilla/5.0 (Windows NT 6.1; rv:68.0) Gecko/20100101 Firefox/68.0"
- 13.69.68.11 - - [21/Nov/2019:11:49:55 +0000] "GET /api/basic_structure HTTP/1.1" - - "https://kartographydev.azurewebsites.net/" "Synapse-PT-HttpComponents-NIO"
- 195.144.199.77 - - [21/Nov/2019:11:50:08 +0000] "GET /karties/1.0.0/appl/2093 HTTP/1.1" - - "https://kartographydev.azurewebsites.net/departments/18/app/2093/edit" "Mozilla/5.0 (Windows NT 6.1; rv:68.0) Gecko/20100101 Firefox/68.0"
- 13.69.68.11 - - [21/Nov/2019:11:50:08 +0000] "GET /api/appl/2093 HTTP/1.1" - - "https://kartographydev.azurewebsites.net/departments/18/app/2093/edit" "Synapse-PT-HttpComponents-NIO"
- 13.69.68.11  - [21/Nov/2019:11:49:52 +0000] "- - " 200 - "-" "-"
- 195.144.199.77  - [21/Nov/2019:11:49:52 +0000] "- - " 200 - "-" "-"
- 13.69.68.11  - [21/Nov/2019:11:49:54 +0000] "- - " 200 - "-" "-"
- 195.144.199.77  - [21/Nov/2019:11:49:54 +0000] "- - " 200 - "-" "-"
- 13.69.68.11  - [21/Nov/2019:11:49:55 +0000] "- - " 200 - "-" "-"
- 195.144.199.77  - [21/Nov/2019:11:49:54 +0000] "- - " 200 - "-" "-"
- 13.69.68.11  - [21/Nov/2019:11:50:10 +0000] "- - " 200 - "-" "-"
- 195.144.199.77  - [21/Nov/2019:11:50:10 +0000] "- - " 200 - "-" "-"
- 195.144.199.77 - - [21/Nov/2019:11:50:52 +0000] "GET /karties/1.0.0/appl/2348 HTTP/1.1" - - "https://kartographydev.azurewebsites.net/departments/10/app/2348" "Mozilla/5.0 (Windows NT 6.1; rv:68.0) Gecko/20100101 Firefox/68.0"
- 13.69.68.11 - - [21/Nov/2019:11:50:52 +0000] "GET /api/appl/2348 HTTP/1.1" - - "https://kartographydev.azurewebsites.net/departments/10/app/2348" "Synapse-PT-HttpComponents-NIO"
- 13.69.68.11  - [21/Nov/2019:11:50:53 +0000] "- - " 200 - "-" "-"
- 195.144.199.77  - [21/Nov/2019:11:50:53 +0000] "- - " 200 - "-" "-"
- 195.144.199.76 - - [21/Nov/2019:11:53:26 +0000] "GET /karties/1.0.0/userprofile HTTP/1.1" - - "https://kartographydev.azurewebsites.net/apps" "Mozilla/5.0 (Windows NT 6.1; rv:68.0) Gecko/20100101 Firefox/68.0"
- 195.144.199.76 - - [21/Nov/2019:11:53:26 +0000] "GET /karties/1.0.0/lang/all/ HTTP/1.1" - - "https://kartographydev.azurewebsites.net/apps" "Mozilla/5.0 (Windows NT 6.1; rv:68.0) Gecko/20100101 Firefox/68.0"
- 13.69.68.11 - - [21/Nov/2019:11:53:26 +0000] "GET /api/userprofile HTTP/1.1" - - "https://kartographydev.azurewebsites.net/apps" "Synapse-PT-HttpComponents-NIO"
- 13.69.68.11 - - [21/Nov/2019:11:53:26 +0000] "GET /api/lang/all/ HTTP/1.1" - - "https://kartographydev.azurewebsites.net/apps" "Synapse-PT-HttpComponents-NIO"
- 195.144.199.76 - - [21/Nov/2019:11:53:28 +0000] "GET /karties/1.0.0/lang HTTP/1.1" - - "https://kartographydev.azurewebsites.net/apps" "Mozilla/5.0 (Windows NT 6.1; rv:68.0) Gecko/20100101 Firefox/68.0"
- 13.69.68.11 - - [21/Nov/2019:11:53:28 +0000] "GET /api/lang HTTP/1.1" - - "https://kartographydev.azurewebsites.net/apps" "Synapse-PT-HttpComponents-NIO"
- 195.144.199.76 - - [21/Nov/2019:11:53:28 +0000] "GET /karties/1.0.0/strings/ru HTTP/1.1" - - "https://kartographydev.azurewebsites.net/apps" "Mozilla/5.0 (Windows NT 6.1; rv:68.0) Gecko/20100101 Firefox/68.0"
- 195.144.199.76 - - [21/Nov/2019:11:53:28 +0000] "GET /karties/1.0.0/strings/en HTTP/1.1" - - "https://kartographydev.azurewebsites.net/apps" "Mozilla/5.0 (Windows NT 6.1; rv:68.0) Gecko/20100101 Firefox/68.0"
- 13.69.68.11 - - [21/Nov/2019:11:53:28 +0000] "GET /api/strings/ru HTTP/1.1" - - "https://kartographydev.azurewebsites.net/apps" "Synapse-PT-HttpComponents-NIO"
- 13.69.68.11 - - [21/Nov/2019:11:53:28 +0000] "GET /api/strings/en HTTP/1.1" - - "https://kartographydev.azurewebsites.net/apps" "Synapse-PT-HttpComponents-NIO"
- 195.144.198.44 - - [21/Nov/2019:11:53:40 +0000] "GET /karties/1.0.0/lang/en/ HTTP/1.1" - - "https://kartographydev.azurewebsites.net/departments" "Mozilla/5.0 (Windows NT 10.0; Win64; x64) AppleWebKit/537.36 (KHTML, like Gecko) Chrome/78.0.3904.108 Safari/537.36"
- 13.69.68.11 - - [21/Nov/2019:11:53:40 +0000] "GET /api/lang/en/ HTTP/1.1" - - "https://kartographydev.azurewebsites.net/departments" "Synapse-PT-HttpComponents-NIO"
- 195.144.199.76 - - [21/Nov/2019:11:53:40 +0000] "GET /karties/1.0.0/lang/all/ HTTP/1.1" - - "https://kartographydev.azurewebsites.net/" "Mozilla/5.0 (Windows NT 6.1; rv:68.0) Gecko/20100101 Firefox/68.0"
- 13.69.68.11 - - [21/Nov/2019:11:53:40 +0000] "GET /api/lang/all/ HTTP/1.1" - - "https://kartographydev.azurewebsites.net/" "Synapse-PT-HttpComponents-NIO"
- 195.144.199.76 - - [21/Nov/2019:11:53:40 +0000] "GET /karties/1.0.0/userprofile HTTP/1.1" - - "https://kartographydev.azurewebsites.net/" "Mozilla/5.0 (Windows NT 6.1; rv:68.0) Gecko/20100101 Firefox/68.0"
- 13.69.68.11 - - [21/Nov/2019:11:53:40 +0000] "GET /api/userprofile HTTP/1.1" - - "https://kartographydev.azurewebsites.net/" "Synapse-PT-HttpComponents-NIO"
- 195.144.198.44 - - [21/Nov/2019:11:53:40 +0000] "GET /karties/1.0.0/basic_structure HTTP/1.1" - - "https://kartographydev.azurewebsites.net/departments" "Mozilla/5.0 (Windows NT 10.0; Win64; x64) AppleWebKit/537.36 (KHTML, like Gecko) Chrome/78.0.3904.108 Safari/537.36"
- 13.69.68.11 - - [21/Nov/2019:11:53:40 +0000] "GET /api/basic_structure HTTP/1.1" - - "https://kartographydev.azurewebsites.net/departments" "Synapse-PT-HttpComponents-NIO"
- 195.144.199.76 - - [21/Nov/2019:11:53:40 +0000] "GET /karties/1.0.0/lang HTTP/1.1" - - "https://kartographydev.azurewebsites.net/" "Mozilla/5.0 (Windows NT 6.1; rv:68.0) Gecko/20100101 Firefox/68.0"
- 13.69.68.11 - - [21/Nov/2019:11:53:40 +0000] "GET /api/lang HTTP/1.1" - - "https://kartographydev.azurewebsites.net/" "Synapse-PT-HttpComponents-NIO"
- 195.144.199.76 - - [21/Nov/2019:11:53:41 +0000] "GET /karties/1.0.0/strings/ru HTTP/1.1" - - "https://kartographydev.azurewebsites.net/" "Mozilla/5.0 (Windows NT 6.1; rv:68.0) Gecko/20100101 Firefox/68.0"
- 13.69.68.11 - - [21/Nov/2019:11:53:41 +0000] "GET /api/strings/ru HTTP/1.1" - - "https://kartographydev.azurewebsites.net/" "Synapse-PT-HttpComponents-NIO"
- 195.144.199.76 - - [21/Nov/2019:11:53:41 +0000] "GET /karties/1.0.0/strings/en HTTP/1.1" - - "https://kartographydev.azurewebsites.net/" "Mozilla/5.0 (Windows NT 6.1; rv:68.0) Gecko/20100101 Firefox/68.0"
- 13.69.68.11 - - [21/Nov/2019:11:53:41 +0000] "GET /api/strings/en HTTP/1.1" - - "https://kartographydev.azurewebsites.net/" "Synapse-PT-HttpComponents-NIO"
- 195.144.199.76 - - [21/Nov/2019:11:53:44 +0000] "OPTIONS /karties/1.0.0/login HTTP/1.1" - - "https://kartographydev.azurewebsites.net/" "Mozilla/5.0 (Windows NT 6.1; rv:68.0) Gecko/20100101 Firefox/68.0"
- 13.69.68.11 - - [21/Nov/2019:11:53:44 +0000] "OPTIONS /api/login HTTP/1.1" - - "https://kartographydev.azurewebsites.net/" "Synapse-PT-HttpComponents-NIO"
- 195.144.199.76 - - [21/Nov/2019:11:53:44 +0000] "POST /karties/1.0.0/login HTTP/1.1" - 34 "https://kartographydev.azurewebsites.net/" "Mozilla/5.0 (Windows NT 6.1; rv:68.0) Gecko/20100101 Firefox/68.0"
- 13.69.68.11 - - [21/Nov/2019:11:53:44 +0000] "POST /api/login HTTP/1.1" - - "https://kartographydev.azurewebsites.net/" "Synapse-PT-HttpComponents-NIO"
- 195.144.199.76 - - [21/Nov/2019:11:53:44 +0000] "GET /karties/1.0.0/basic_structure HTTP/1.1" - - "https://kartographydev.azurewebsites.net/" "Mozilla/5.0 (Windows NT 6.1; rv:68.0) Gecko/20100101 Firefox/68.0"
- 13.69.68.11 - - [21/Nov/2019:11:53:44 +0000] "GET /api/basic_structure HTTP/1.1" - - "https://kartographydev.azurewebsites.net/" "Synapse-PT-HttpComponents-NIO"
- 195.144.198.44 - - [21/Nov/2019:11:53:49 +0000] "GET /karties/1.0.0/lang/ru/ HTTP/1.1" - - "https://kartographydev.azurewebsites.net/departments" "Mozilla/5.0 (Windows NT 10.0; Win64; x64) AppleWebKit/537.36 (KHTML, like Gecko) Chrome/78.0.3904.108 Safari/537.36"
- 13.69.68.11 - - [21/Nov/2019:11:53:49 +0000] "GET /api/lang/ru/ HTTP/1.1" - - "https://kartographydev.azurewebsites.net/departments" "Synapse-PT-HttpComponents-NIO"
- 195.144.198.44 - - [21/Nov/2019:11:53:49 +0000] "GET /karties/1.0.0/basic_structure HTTP/1.1" - - "https://kartographydev.azurewebsites.net/departments" "Mozilla/5.0 (Windows NT 10.0; Win64; x64) AppleWebKit/537.36 (KHTML, like Gecko) Chrome/78.0.3904.108 Safari/537.36"
- 13.69.68.11 - - [21/Nov/2019:11:53:49 +0000] "GET /api/basic_structure HTTP/1.1" - - "https://kartographydev.azurewebsites.net/departments" "Synapse-PT-HttpComponents-NIO"
- 13.69.68.11  - [21/Nov/2019:11:53:26 +0000] "- - " 200 - "-" "-"
- 195.144.199.76  - [21/Nov/2019:11:53:26 +0000] "- - " 200 - "-" "-"
- 13.69.68.11  - [21/Nov/2019:11:53:26 +0000] "- - " 200 - "-" "-"
- 195.144.199.76  - [21/Nov/2019:11:53:26 +0000] "- - " 200 - "-" "-"
- 13.69.68.11  - [21/Nov/2019:11:53:28 +0000] "- - " 200 - "-" "-"
- 195.144.199.76  - [21/Nov/2019:11:53:28 +0000] "- - " 200 - "-" "-"
- 13.69.68.11  - [21/Nov/2019:11:53:28 +0000] "- - " 200 - "-" "-"
- 13.69.68.11  - [21/Nov/2019:11:53:28 +0000] "- - " 200 - "-" "-"
- 195.144.199.76  - [21/Nov/2019:11:53:28 +0000] "- - " 200 - "-" "-"
- 195.144.199.76  - [21/Nov/2019:11:53:28 +0000] "- - " 200 - "-" "-"
- 13.69.68.11  - [21/Nov/2019:11:53:40 +0000] "- - " 304 - "-" "-"
- 195.144.198.44  - [21/Nov/2019:11:53:40 +0000] "- - " 304 - "-" "-"
- 13.69.68.11  - [21/Nov/2019:11:53:40 +0000] "- - " 304 - "-" "-"
- 195.144.199.76  - [21/Nov/2019:11:53:40 +0000] "- - " 304 - "-" "-"
- 13.69.68.11  - [21/Nov/2019:11:53:40 +0000] "- - " 304 - "-" "-"
- 195.144.199.76  - [21/Nov/2019:11:53:40 +0000] "- - " 304 - "-" "-"
- 13.69.68.11  - [21/Nov/2019:11:53:40 +0000] "- - " 304 - "-" "-"
- 195.144.199.76  - [21/Nov/2019:11:53:40 +0000] "- - " 304 - "-" "-"
- 13.69.68.11  - [21/Nov/2019:11:53:41 +0000] "- - " 304 - "-" "-"
- 195.144.199.76  - [21/Nov/2019:11:53:41 +0000] "- - " 304 - "-" "-"
- 13.69.68.11  - [21/Nov/2019:11:53:41 +0000] "- - " 304 - "-" "-"
- 195.144.199.76  - [21/Nov/2019:11:53:41 +0000] "- - " 304 - "-" "-"
- 13.69.68.11  - [21/Nov/2019:11:53:42 +0000] "- - " 200 - "-" "-"
- 195.144.198.44  - [21/Nov/2019:11:53:41 +0000] "- - " 200 - "-" "-"
- 13.69.68.11  - [21/Nov/2019:11:53:44 +0000] "- - " 200 - "-" "-"
- 195.144.199.76  - [21/Nov/2019:11:53:44 +0000] "- - " 200 - "-" "-"
- 13.69.68.11  - [21/Nov/2019:11:53:44 +0000] "- - " 200 - "-" "-"
- 195.144.199.76  - [21/Nov/2019:11:53:44 +0000] "- - " 200 - "-" "-"
- 13.69.68.11  - [21/Nov/2019:11:53:44 +0000] "- - " 200 - "-" "-"
- 195.144.199.76  - [21/Nov/2019:11:53:44 +0000] "- - " 200 - "-" "-"
- 13.69.68.11  - [21/Nov/2019:11:53:49 +0000] "- - " 304 - "-" "-"
- 195.144.198.44  - [21/Nov/2019:11:53:49 +0000] "- - " 304 - "-" "-"
- 13.69.68.11  - [21/Nov/2019:11:53:49 +0000] "- - " 200 - "-" "-"
- 195.144.198.44  - [21/Nov/2019:11:53:49 +0000] "- - " 200 - "-" "-"
- 195.144.199.76 - - [21/Nov/2019:11:54:17 +0000] "GET /karties/1.0.0/appl/1902 HTTP/1.1" - - "https://kartographydev.azurewebsites.net/apps/1902" "Mozilla/5.0 (Windows NT 6.1; rv:68.0) Gecko/20100101 Firefox/68.0"
- 13.69.68.11 - - [21/Nov/2019:11:54:17 +0000] "GET /api/appl/1902 HTTP/1.1" - - "https://kartographydev.azurewebsites.net/apps/1902" "Synapse-PT-HttpComponents-NIO"
- 13.69.68.11  - [21/Nov/2019:11:54:19 +0000] "- - " 200 - "-" "-"
- 195.144.199.76  - [21/Nov/2019:11:54:19 +0000] "- - " 200 - "-" "-"
- 195.144.199.77 - - [21/Nov/2019:12:04:52 +0000] "GET /karties/1.0.0/appl/2093 HTTP/1.1" - - "https://kartographydev.azurewebsites.net/departments/18/app/2093" "Mozilla/5.0 (Windows NT 6.1; Win64; x64) AppleWebKit/537.36 (KHTML, like Gecko) Chrome/78.0.3904.97 Safari/537.36"
- 13.69.68.11 - - [21/Nov/2019:12:04:52 +0000] "GET /api/appl/2093 HTTP/1.1" - - "https://kartographydev.azurewebsites.net/departments/18/app/2093" "Synapse-PT-HttpComponents-NIO"
- 195.144.199.77 - - [21/Nov/2019:12:05:08 +0000] "GET /karties/1.0.0/appl/1641 HTTP/1.1" - - "https://kartographydev.azurewebsites.net/apps/1641" "Mozilla/5.0 (Windows NT 6.1; Win64; x64) AppleWebKit/537.36 (KHTML, like Gecko) Chrome/78.0.3904.97 Safari/537.36"
- 13.69.68.11 - - [21/Nov/2019:12:05:08 +0000] "GET /api/appl/1641 HTTP/1.1" - - "https://kartographydev.azurewebsites.net/apps/1641" "Synapse-PT-HttpComponents-NIO"
- 13.69.68.11  - [21/Nov/2019:12:04:53 +0000] "- - " 200 - "-" "-"
- 195.144.199.77  - [21/Nov/2019:12:04:53 +0000] "- - " 200 - "-" "-"
- 13.69.68.11  - [21/Nov/2019:12:05:08 +0000] "- - " 200 - "-" "-"
- 195.144.199.77  - [21/Nov/2019:12:05:08 +0000] "- - " 200 - "-" "-"
- 195.144.199.77 - - [21/Nov/2019:12:05:30 +0000] "GET /karties/1.0.0/lang/en/ HTTP/1.1" - - "https://kartographydev.azurewebsites.net/departments" "Mozilla/5.0 (Windows NT 6.1; Win64; x64) AppleWebKit/537.36 (KHTML, like Gecko) Chrome/78.0.3904.97 Safari/537.36"
- 13.69.68.11 - - [21/Nov/2019:12:05:30 +0000] "GET /api/lang/en/ HTTP/1.1" - - "https://kartographydev.azurewebsites.net/departments" "Synapse-PT-HttpComponents-NIO"
- 195.144.199.77 - - [21/Nov/2019:12:05:30 +0000] "GET /karties/1.0.0/lang/en/ HTTP/1.1" - - "https://kartographydev.azurewebsites.net/departments" "Mozilla/5.0 (Windows NT 6.1; Win64; x64) AppleWebKit/537.36 (KHTML, like Gecko) Chrome/78.0.3904.97 Safari/537.36"
- 13.69.68.11 - - [21/Nov/2019:12:05:30 +0000] "GET /api/lang/en/ HTTP/1.1" - - "https://kartographydev.azurewebsites.net/departments" "Synapse-PT-HttpComponents-NIO"
- 195.144.199.77 - - [21/Nov/2019:12:05:30 +0000] "GET /karties/1.0.0/basic_structure HTTP/1.1" - - "https://kartographydev.azurewebsites.net/departments" "Mozilla/5.0 (Windows NT 6.1; Win64; x64) AppleWebKit/537.36 (KHTML, like Gecko) Chrome/78.0.3904.97 Safari/537.36"
- 13.69.68.11 - - [21/Nov/2019:12:05:30 +0000] "GET /api/basic_structure HTTP/1.1" - - "https://kartographydev.azurewebsites.net/departments" "Synapse-PT-HttpComponents-NIO"
- 195.144.199.77 - - [21/Nov/2019:12:05:32 +0000] "GET /karties/1.0.0/lang/ru/ HTTP/1.1" - - "https://kartographydev.azurewebsites.net/departments" "Mozilla/5.0 (Windows NT 6.1; Win64; x64) AppleWebKit/537.36 (KHTML, like Gecko) Chrome/78.0.3904.97 Safari/537.36"
- 13.69.68.11 - - [21/Nov/2019:12:05:32 +0000] "GET /api/lang/ru/ HTTP/1.1" - - "https://kartographydev.azurewebsites.net/departments" "Synapse-PT-HttpComponents-NIO"
- 195.144.199.77 - - [21/Nov/2019:12:05:32 +0000] "GET /karties/1.0.0/basic_structure HTTP/1.1" - - "https://kartographydev.azurewebsites.net/departments" "Mozilla/5.0 (Windows NT 6.1; Win64; x64) AppleWebKit/537.36 (KHTML, like Gecko) Chrome/78.0.3904.97 Safari/537.36"
- 13.69.68.11 - - [21/Nov/2019:12:05:32 +0000] "GET /api/basic_structure HTTP/1.1" - - "https://kartographydev.azurewebsites.net/departments" "Synapse-PT-HttpComponents-NIO"
- 195.144.199.77 - - [21/Nov/2019:12:05:32 +0000] "GET /karties/1.0.0/basic_structure HTTP/1.1" - - "https://kartographydev.azurewebsites.net/departments" "Mozilla/5.0 (Windows NT 6.1; Win64; x64) AppleWebKit/537.36 (KHTML, like Gecko) Chrome/78.0.3904.97 Safari/537.36"
- 13.69.68.11 - - [21/Nov/2019:12:05:32 +0000] "GET /api/basic_structure HTTP/1.1" - - "https://kartographydev.azurewebsites.net/departments" "Synapse-PT-HttpComponents-NIO"
- 195.144.199.77 - - [21/Nov/2019:12:05:33 +0000] "GET /karties/1.0.0/lang/en/ HTTP/1.1" - - "https://kartographydev.azurewebsites.net/departments" "Mozilla/5.0 (Windows NT 6.1; Win64; x64) AppleWebKit/537.36 (KHTML, like Gecko) Chrome/78.0.3904.97 Safari/537.36"
- 13.69.68.11 - - [21/Nov/2019:12:05:32 +0000] "GET /api/lang/en/ HTTP/1.1" - - "https://kartographydev.azurewebsites.net/departments" "Synapse-PT-HttpComponents-NIO"
- 195.144.199.77 - - [21/Nov/2019:12:05:33 +0000] "GET /karties/1.0.0/basic_structure HTTP/1.1" - - "https://kartographydev.azurewebsites.net/departments" "Mozilla/5.0 (Windows NT 6.1; Win64; x64) AppleWebKit/537.36 (KHTML, like Gecko) Chrome/78.0.3904.97 Safari/537.36"
- 13.69.68.11 - - [21/Nov/2019:12:05:33 +0000] "GET /api/basic_structure HTTP/1.1" - - "https://kartographydev.azurewebsites.net/departments" "Synapse-PT-HttpComponents-NIO"
- 195.144.199.77 - - [21/Nov/2019:12:05:36 +0000] "GET /karties/1.0.0/lang/ru/ HTTP/1.1" - - "https://kartographydev.azurewebsites.net/departments" "Mozilla/5.0 (Windows NT 6.1; Win64; x64) AppleWebKit/537.36 (KHTML, like Gecko) Chrome/78.0.3904.97 Safari/537.36"
- 13.69.68.11 - - [21/Nov/2019:12:05:36 +0000] "GET /api/lang/ru/ HTTP/1.1" - - "https://kartographydev.azurewebsites.net/departments" "Synapse-PT-HttpComponents-NIO"
- 195.144.199.77 - - [21/Nov/2019:12:05:36 +0000] "GET /karties/1.0.0/basic_structure HTTP/1.1" - - "https://kartographydev.azurewebsites.net/departments" "Mozilla/5.0 (Windows NT 6.1; Win64; x64) AppleWebKit/537.36 (KHTML, like Gecko) Chrome/78.0.3904.97 Safari/537.36"
- 13.69.68.11 - - [21/Nov/2019:12:05:36 +0000] "GET /api/basic_structure HTTP/1.1" - - "https://kartographydev.azurewebsites.net/departments" "Synapse-PT-HttpComponents-NIO"
- 13.69.68.11  - [21/Nov/2019:12:05:30 +0000] "- - " 304 - "-" "-"
- 195.144.199.77  - [21/Nov/2019:12:05:30 +0000] "- - " 304 - "-" "-"
- 13.69.68.11  - [21/Nov/2019:12:05:30 +0000] "- - " 304 - "-" "-"
- 195.144.199.77  - [21/Nov/2019:12:05:30 +0000] "- - " 304 - "-" "-"
- 13.69.68.11  - [21/Nov/2019:12:05:32 +0000] "- - " 304 - "-" "-"
- 195.144.199.77  - [21/Nov/2019:12:05:32 +0000] "- - " 304 - "-" "-"
- 13.69.68.11  - [21/Nov/2019:12:05:32 +0000] "- - " 200 - "-" "-"
- 195.144.199.77  - [21/Nov/2019:12:05:32 +0000] "- - " 200 - "-" "-"
- 13.69.68.11  - [21/Nov/2019:12:05:32 +0000] "- - " 304 - "-" "-"
- 195.144.199.77  - [21/Nov/2019:12:05:32 +0000] "- - " 304 - "-" "-"
- 13.69.68.11  - [21/Nov/2019:12:05:32 +0000] "- - " 304 - "-" "-"
- 195.144.199.77  - [21/Nov/2019:12:05:32 +0000] "- - " 304 - "-" "-"
- 13.69.68.11  - [21/Nov/2019:12:05:32 +0000] "- - " 304 - "-" "-"
- 195.144.199.77  - [21/Nov/2019:12:05:33 +0000] "- - " 304 - "-" "-"
- 13.69.68.11  - [21/Nov/2019:12:05:33 +0000] "- - " 304 - "-" "-"
- 195.144.199.77  - [21/Nov/2019:12:05:33 +0000] "- - " 304 - "-" "-"
- 13.69.68.11  - [21/Nov/2019:12:05:36 +0000] "- - " 304 - "-" "-"
- 195.144.199.77  - [21/Nov/2019:12:05:36 +0000] "- - " 304 - "-" "-"
- 13.69.68.11  - [21/Nov/2019:12:05:36 +0000] "- - " 200 - "-" "-"
- 195.144.199.77  - [21/Nov/2019:12:05:36 +0000] "- - " 200 - "-" "-"
- 195.144.199.76 - - [21/Nov/2019:12:14:59 +0000] "GET /karties/1.0.0/appl/1902 HTTP/1.1" - - "http://localhost:4200/departments/12/app/1902" "Mozilla/5.0 (Windows NT 10.0; Win64; x64) AppleWebKit/537.36 (KHTML, like Gecko) Chrome/78.0.3904.97 Safari/537.36"
- 13.69.68.11 - - [21/Nov/2019:12:15:00 +0000] "GET /api/appl/1902 HTTP/1.1" - - "http://localhost:4200/departments/12/app/1902" "Synapse-PT-HttpComponents-NIO"
- 195.144.199.76 - - [21/Nov/2019:12:15:17 +0000] "GET /karties/1.0.0/appl/2171 HTTP/1.1" - - "http://localhost:4200/apps/2171" "Mozilla/5.0 (Windows NT 10.0; Win64; x64) AppleWebKit/537.36 (KHTML, like Gecko) Chrome/78.0.3904.97 Safari/537.36"
- 13.69.68.11 - - [21/Nov/2019:12:15:17 +0000] "GET /api/appl/2171 HTTP/1.1" - - "http://localhost:4200/apps/2171" "Synapse-PT-HttpComponents-NIO"
- 13.69.68.11  - [21/Nov/2019:12:15:00 +0000] "- - " 200 - "-" "-"
- 195.144.199.76  - [21/Nov/2019:12:14:59 +0000] "- - " 200 - "-" "-"
- 13.69.68.11  - [21/Nov/2019:12:15:18 +0000] "- - " 200 - "-" "-"
- 195.144.199.76  - [21/Nov/2019:12:15:18 +0000] "- - " 200 - "-" "-"
- 195.144.199.76 - - [21/Nov/2019:12:23:51 +0000] "GET /karties/1.0.0/appl/2093 HTTP/1.1" - - "http://localhost:4200/departments/18/app/2093" "Mozilla/5.0 (Windows NT 10.0; Win64; x64) AppleWebKit/537.36 (KHTML, like Gecko) Chrome/78.0.3904.97 Safari/537.36"
- 13.69.68.11 - - [21/Nov/2019:12:23:51 +0000] "GET /api/appl/2093 HTTP/1.1" - - "http://localhost:4200/departments/18/app/2093" "Synapse-PT-HttpComponents-NIO"
- 13.69.68.11  - [21/Nov/2019:12:23:52 +0000] "- - " 304 - "-" "-"
- 195.144.199.76  - [21/Nov/2019:12:23:52 +0000] "- - " 304 - "-" "-"
- 195.144.199.76 - - [21/Nov/2019:12:25:11 +0000] "GET /karties/1.0.0/lang/all/ HTTP/1.1" - - "http://localhost:4200/departments/18/app/2093" "Mozilla/5.0 (Windows NT 10.0; Win64; x64) AppleWebKit/537.36 (KHTML, like Gecko) Chrome/78.0.3904.97 Safari/537.36"
- 13.69.68.11 - - [21/Nov/2019:12:25:11 +0000] "GET /api/lang/all/ HTTP/1.1" - - "http://localhost:4200/departments/18/app/2093" "Synapse-PT-HttpComponents-NIO"
- 195.144.199.76 - - [21/Nov/2019:12:25:11 +0000] "GET /karties/1.0.0/userprofile HTTP/1.1" - - "http://localhost:4200/departments/18/app/2093" "Mozilla/5.0 (Windows NT 10.0; Win64; x64) AppleWebKit/537.36 (KHTML, like Gecko) Chrome/78.0.3904.97 Safari/537.36"
- 13.69.68.11 - - [21/Nov/2019:12:25:11 +0000] "GET /api/userprofile HTTP/1.1" - - "http://localhost:4200/departments/18/app/2093" "Synapse-PT-HttpComponents-NIO"
- 195.144.199.76 - - [21/Nov/2019:12:25:11 +0000] "GET /karties/1.0.0/lang HTTP/1.1" - - "http://localhost:4200/departments/18/app/2093" "Mozilla/5.0 (Windows NT 10.0; Win64; x64) AppleWebKit/537.36 (KHTML, like Gecko) Chrome/78.0.3904.97 Safari/537.36"
- 13.69.68.11 - - [21/Nov/2019:12:25:11 +0000] "GET /api/lang HTTP/1.1" - - "http://localhost:4200/departments/18/app/2093" "Synapse-PT-HttpComponents-NIO"
- 195.144.199.76 - - [21/Nov/2019:12:25:12 +0000] "GET /karties/1.0.0/strings/ru HTTP/1.1" - - "http://localhost:4200/departments/18/app/2093" "Mozilla/5.0 (Windows NT 10.0; Win64; x64) AppleWebKit/537.36 (KHTML, like Gecko) Chrome/78.0.3904.97 Safari/537.36"
- 13.69.68.11 - - [21/Nov/2019:12:25:12 +0000] "GET /api/strings/ru HTTP/1.1" - - "http://localhost:4200/departments/18/app/2093" "Synapse-PT-HttpComponents-NIO"
- 195.144.199.76 - - [21/Nov/2019:12:25:12 +0000] "GET /karties/1.0.0/strings/en HTTP/1.1" - - "http://localhost:4200/departments/18/app/2093" "Mozilla/5.0 (Windows NT 10.0; Win64; x64) AppleWebKit/537.36 (KHTML, like Gecko) Chrome/78.0.3904.97 Safari/537.36"
- 13.69.68.11 - - [21/Nov/2019:12:25:12 +0000] "GET /api/strings/en HTTP/1.1" - - "http://localhost:4200/departments/18/app/2093" "Synapse-PT-HttpComponents-NIO"
- 195.144.199.76 - - [21/Nov/2019:12:25:12 +0000] "GET /karties/1.0.0/basic_structure HTTP/1.1" - - "http://localhost:4200/departments/18/app/2093" "Mozilla/5.0 (Windows NT 10.0; Win64; x64) AppleWebKit/537.36 (KHTML, like Gecko) Chrome/78.0.3904.97 Safari/537.36"
- 13.69.68.11 - - [21/Nov/2019:12:25:12 +0000] "GET /api/basic_structure HTTP/1.1" - - "http://localhost:4200/departments/18/app/2093" "Synapse-PT-HttpComponents-NIO"
- 195.144.199.76 - - [21/Nov/2019:12:25:12 +0000] "GET /karties/1.0.0/appl/2093 HTTP/1.1" - - "http://localhost:4200/departments/18/app/2093" "Mozilla/5.0 (Windows NT 10.0; Win64; x64) AppleWebKit/537.36 (KHTML, like Gecko) Chrome/78.0.3904.97 Safari/537.36"
- 13.69.68.11 - - [21/Nov/2019:12:25:12 +0000] "GET /api/appl/2093 HTTP/1.1" - - "http://localhost:4200/departments/18/app/2093" "Synapse-PT-HttpComponents-NIO"
- 195.144.199.76 - - [21/Nov/2019:12:25:13 +0000] "GET /karties/1.0.0/basic_structure HTTP/1.1" - - "http://localhost:4200/departments/18/app/2093" "Mozilla/5.0 (Windows NT 10.0; Win64; x64) AppleWebKit/537.36 (KHTML, like Gecko) Chrome/78.0.3904.97 Safari/537.36"
- 13.69.68.11 - - [21/Nov/2019:12:25:14 +0000] "GET /api/basic_structure HTTP/1.1" - - "http://localhost:4200/departments/18/app/2093" "Synapse-PT-HttpComponents-NIO"
- 13.69.68.11  - [21/Nov/2019:12:25:11 +0000] "- - " 304 - "-" "-"
- 195.144.199.76  - [21/Nov/2019:12:25:11 +0000] "- - " 304 - "-" "-"
- 13.69.68.11  - [21/Nov/2019:12:25:12 +0000] "- - " 304 - "-" "-"
- 195.144.199.76  - [21/Nov/2019:12:25:12 +0000] "- - " 304 - "-" "-"
- 13.69.68.11  - [21/Nov/2019:12:25:11 +0000] "- - " 304 - "-" "-"
- 195.144.199.76  - [21/Nov/2019:12:25:12 +0000] "- - " 304 - "-" "-"
- 13.69.68.11  - [21/Nov/2019:12:25:12 +0000] "- - " 304 - "-" "-"
- 195.144.199.76  - [21/Nov/2019:12:25:12 +0000] "- - " 304 - "-" "-"
- 13.69.68.11  - [21/Nov/2019:12:25:12 +0000] "- - " 304 - "-" "-"
- 195.144.199.76  - [21/Nov/2019:12:25:12 +0000] "- - " 304 - "-" "-"
- 13.69.68.11  - [21/Nov/2019:12:25:12 +0000] "- - " 304 - "-" "-"
- 195.144.199.76  - [21/Nov/2019:12:25:12 +0000] "- - " 304 - "-" "-"
- 13.69.68.11  - [21/Nov/2019:12:25:13 +0000] "- - " 304 - "-" "-"
- 195.144.199.76  - [21/Nov/2019:12:25:13 +0000] "- - " 304 - "-" "-"
- 13.69.68.11  - [21/Nov/2019:12:25:14 +0000] "- - " 304 - "-" "-"
- 195.144.199.76  - [21/Nov/2019:12:25:13 +0000] "- - " 304 - "-" "-"
- 195.144.199.76 - - [21/Nov/2019:12:25:34 +0000] "GET /karties/1.0.0/userprofile HTTP/1.1" - - "http://localhost:4200/apps/2023" "Mozilla/5.0 (Windows NT 6.1; rv:68.0) Gecko/20100101 Firefox/68.0"
- 13.69.68.11 - - [21/Nov/2019:12:25:34 +0000] "GET /api/userprofile HTTP/1.1" - - "http://localhost:4200/apps/2023" "Synapse-PT-HttpComponents-NIO"
- 195.144.199.76 - - [21/Nov/2019:12:25:34 +0000] "GET /karties/1.0.0/lang/all/ HTTP/1.1" - - "http://localhost:4200/apps/2023" "Mozilla/5.0 (Windows NT 6.1; rv:68.0) Gecko/20100101 Firefox/68.0"
- 13.69.68.11 - - [21/Nov/2019:12:25:34 +0000] "GET /api/lang/all/ HTTP/1.1" - - "http://localhost:4200/apps/2023" "Synapse-PT-HttpComponents-NIO"
- 195.144.199.76 - - [21/Nov/2019:12:25:37 +0000] "GET /karties/1.0.0/lang HTTP/1.1" - - "http://localhost:4200/apps/2023" "Mozilla/5.0 (Windows NT 6.1; rv:68.0) Gecko/20100101 Firefox/68.0"
- 13.69.68.11 - - [21/Nov/2019:12:25:37 +0000] "GET /api/lang HTTP/1.1" - - "http://localhost:4200/apps/2023" "Synapse-PT-HttpComponents-NIO"
- 195.144.199.76 - - [21/Nov/2019:12:25:37 +0000] "GET /karties/1.0.0/appl/2023 HTTP/1.1" - - "http://localhost:4200/apps/2023" "Mozilla/5.0 (Windows NT 6.1; rv:68.0) Gecko/20100101 Firefox/68.0"
- 13.69.68.11 - - [21/Nov/2019:12:25:37 +0000] "GET /api/appl/2023 HTTP/1.1" - - "http://localhost:4200/apps/2023" "Synapse-PT-HttpComponents-NIO"
- 195.144.199.76 - - [21/Nov/2019:12:25:37 +0000] "GET /karties/1.0.0/basic_structure HTTP/1.1" - - "http://localhost:4200/apps/2023" "Mozilla/5.0 (Windows NT 6.1; rv:68.0) Gecko/20100101 Firefox/68.0"
- 13.69.68.11 - - [21/Nov/2019:12:25:37 +0000] "GET /api/basic_structure HTTP/1.1" - - "http://localhost:4200/apps/2023" "Synapse-PT-HttpComponents-NIO"
- 195.144.199.76 - - [21/Nov/2019:12:25:38 +0000] "GET /karties/1.0.0/strings/ru HTTP/1.1" - - "http://localhost:4200/apps/2023" "Mozilla/5.0 (Windows NT 6.1; rv:68.0) Gecko/20100101 Firefox/68.0"
- 13.69.68.11 - - [21/Nov/2019:12:25:38 +0000] "GET /api/strings/ru HTTP/1.1" - - "http://localhost:4200/apps/2023" "Synapse-PT-HttpComponents-NIO"
- 195.144.199.76 - - [21/Nov/2019:12:25:38 +0000] "GET /karties/1.0.0/strings/en HTTP/1.1" - - "http://localhost:4200/apps/2023" "Mozilla/5.0 (Windows NT 6.1; rv:68.0) Gecko/20100101 Firefox/68.0"
- 13.69.68.11 - - [21/Nov/2019:12:25:38 +0000] "GET /api/strings/en HTTP/1.1" - - "http://localhost:4200/apps/2023" "Synapse-PT-HttpComponents-NIO"
- 195.144.199.76 - - [21/Nov/2019:12:25:42 +0000] "GET /karties/1.0.0/lang/all/ HTTP/1.1" - - "http://localhost:4200/domains/6/function/41" "Mozilla/5.0 (Windows NT 10.0; Win64; x64) AppleWebKit/537.36 (KHTML, like Gecko) Chrome/78.0.3904.97 Safari/537.36"
- 13.69.68.11 - - [21/Nov/2019:12:25:42 +0000] "GET /api/lang/all/ HTTP/1.1" - - "http://localhost:4200/domains/6/function/41" "Synapse-PT-HttpComponents-NIO"
- 195.144.199.76 - - [21/Nov/2019:12:25:42 +0000] "GET /karties/1.0.0/userprofile HTTP/1.1" - - "http://localhost:4200/domains/6/function/41" "Mozilla/5.0 (Windows NT 10.0; Win64; x64) AppleWebKit/537.36 (KHTML, like Gecko) Chrome/78.0.3904.97 Safari/537.36"
- 13.69.68.11 - - [21/Nov/2019:12:25:42 +0000] "GET /api/userprofile HTTP/1.1" - - "http://localhost:4200/domains/6/function/41" "Synapse-PT-HttpComponents-NIO"
- 195.144.199.76 - - [21/Nov/2019:12:25:42 +0000] "GET /karties/1.0.0/lang HTTP/1.1" - - "http://localhost:4200/domains/6/function/41" "Mozilla/5.0 (Windows NT 10.0; Win64; x64) AppleWebKit/537.36 (KHTML, like Gecko) Chrome/78.0.3904.97 Safari/537.36"
- 13.69.68.11 - - [21/Nov/2019:12:25:42 +0000] "GET /api/lang HTTP/1.1" - - "http://localhost:4200/domains/6/function/41" "Synapse-PT-HttpComponents-NIO"
- 195.144.199.76 - - [21/Nov/2019:12:25:42 +0000] "GET /karties/1.0.0/basic_structure HTTP/1.1" - - "http://localhost:4200/domains/6/function/41" "Mozilla/5.0 (Windows NT 10.0; Win64; x64) AppleWebKit/537.36 (KHTML, like Gecko) Chrome/78.0.3904.97 Safari/537.36"
- 13.69.68.11 - - [21/Nov/2019:12:25:42 +0000] "GET /api/basic_structure HTTP/1.1" - - "http://localhost:4200/domains/6/function/41" "Synapse-PT-HttpComponents-NIO"
